<!doctype html public "-//w3c//dtd html 4.0 transitional//en">
<html><head>
<title>Static Call Graph - [.\output\gateway.axf]</title></head>
<body><HR>
<H1>Static Call Graph for image .\output\gateway.axf</H1><HR>
<BR><P>#&#060CALLGRAPH&#062# ARM Linker, 5060750: Last Updated: Sat Nov 06 09:15:40 2021
<BR><P>
<H3>Maximum Stack Usage =        396 bytes + Unknown(Cycles, Untraceable Function Pointers)</H3><H3>
Call chain for Maximum Stack Depth:</H3>
ethernet_run &rArr; scoket_dns_handle &rArr; parseMSG &rArr; dns_answer &rArr; parse_name
<P>
<H3>
Mutually Recursive functions
</H3> <LI><a href="#[9c]">IRQ133_Handler</a>&nbsp;&nbsp;&nbsp;&rArr;&nbsp;&nbsp;&nbsp;<a href="#[9c]">IRQ133_Handler</a><BR>
</UL>
<P>
<H3>
Function Pointers
</H3><UL>
 <LI><a href="#[11]">BusFault_Handler</a> from hc32f46x_interrupts.o(i.BusFault_Handler) referenced from startup_hc32f46x.o(RESET)
 <LI><a href="#[14]">DebugMon_Handler</a> from hc32f46x_interrupts.o(i.DebugMon_Handler) referenced from startup_hc32f46x.o(RESET)
 <LI><a href="#[f]">HardFault_Handler</a> from hc32f46x_interrupts.o(i.HardFault_Handler) referenced from startup_hc32f46x.o(RESET)
 <LI><a href="#[17]">IRQ000_Handler</a> from hc32f46x_interrupts.o(i.IRQ000_Handler) referenced from startup_hc32f46x.o(RESET)
 <LI><a href="#[18]">IRQ001_Handler</a> from hc32f46x_interrupts.o(i.IRQ001_Handler) referenced from startup_hc32f46x.o(RESET)
 <LI><a href="#[19]">IRQ002_Handler</a> from hc32f46x_interrupts.o(i.IRQ002_Handler) referenced from startup_hc32f46x.o(RESET)
 <LI><a href="#[1a]">IRQ003_Handler</a> from hc32f46x_interrupts.o(i.IRQ003_Handler) referenced from startup_hc32f46x.o(RESET)
 <LI><a href="#[1b]">IRQ004_Handler</a> from hc32f46x_interrupts.o(i.IRQ004_Handler) referenced from startup_hc32f46x.o(RESET)
 <LI><a href="#[1c]">IRQ005_Handler</a> from hc32f46x_interrupts.o(i.IRQ005_Handler) referenced from startup_hc32f46x.o(RESET)
 <LI><a href="#[1d]">IRQ006_Handler</a> from hc32f46x_interrupts.o(i.IRQ006_Handler) referenced from startup_hc32f46x.o(RESET)
 <LI><a href="#[1e]">IRQ007_Handler</a> from hc32f46x_interrupts.o(i.IRQ007_Handler) referenced from startup_hc32f46x.o(RESET)
 <LI><a href="#[1f]">IRQ008_Handler</a> from hc32f46x_interrupts.o(i.IRQ008_Handler) referenced from startup_hc32f46x.o(RESET)
 <LI><a href="#[20]">IRQ009_Handler</a> from hc32f46x_interrupts.o(i.IRQ009_Handler) referenced from startup_hc32f46x.o(RESET)
 <LI><a href="#[21]">IRQ010_Handler</a> from hc32f46x_interrupts.o(i.IRQ010_Handler) referenced from startup_hc32f46x.o(RESET)
 <LI><a href="#[22]">IRQ011_Handler</a> from hc32f46x_interrupts.o(i.IRQ011_Handler) referenced from startup_hc32f46x.o(RESET)
 <LI><a href="#[23]">IRQ012_Handler</a> from hc32f46x_interrupts.o(i.IRQ012_Handler) referenced from startup_hc32f46x.o(RESET)
 <LI><a href="#[24]">IRQ013_Handler</a> from hc32f46x_interrupts.o(i.IRQ013_Handler) referenced from startup_hc32f46x.o(RESET)
 <LI><a href="#[25]">IRQ014_Handler</a> from hc32f46x_interrupts.o(i.IRQ014_Handler) referenced from startup_hc32f46x.o(RESET)
 <LI><a href="#[26]">IRQ015_Handler</a> from hc32f46x_interrupts.o(i.IRQ015_Handler) referenced from startup_hc32f46x.o(RESET)
 <LI><a href="#[27]">IRQ016_Handler</a> from hc32f46x_interrupts.o(i.IRQ016_Handler) referenced from startup_hc32f46x.o(RESET)
 <LI><a href="#[28]">IRQ017_Handler</a> from hc32f46x_interrupts.o(i.IRQ017_Handler) referenced from startup_hc32f46x.o(RESET)
 <LI><a href="#[29]">IRQ018_Handler</a> from hc32f46x_interrupts.o(i.IRQ018_Handler) referenced from startup_hc32f46x.o(RESET)
 <LI><a href="#[2a]">IRQ019_Handler</a> from hc32f46x_interrupts.o(i.IRQ019_Handler) referenced from startup_hc32f46x.o(RESET)
 <LI><a href="#[2b]">IRQ020_Handler</a> from hc32f46x_interrupts.o(i.IRQ020_Handler) referenced from startup_hc32f46x.o(RESET)
 <LI><a href="#[2c]">IRQ021_Handler</a> from hc32f46x_interrupts.o(i.IRQ021_Handler) referenced from startup_hc32f46x.o(RESET)
 <LI><a href="#[2d]">IRQ022_Handler</a> from hc32f46x_interrupts.o(i.IRQ022_Handler) referenced from startup_hc32f46x.o(RESET)
 <LI><a href="#[2e]">IRQ023_Handler</a> from hc32f46x_interrupts.o(i.IRQ023_Handler) referenced from startup_hc32f46x.o(RESET)
 <LI><a href="#[2f]">IRQ024_Handler</a> from hc32f46x_interrupts.o(i.IRQ024_Handler) referenced from startup_hc32f46x.o(RESET)
 <LI><a href="#[30]">IRQ025_Handler</a> from hc32f46x_interrupts.o(i.IRQ025_Handler) referenced from startup_hc32f46x.o(RESET)
 <LI><a href="#[31]">IRQ026_Handler</a> from hc32f46x_interrupts.o(i.IRQ026_Handler) referenced from startup_hc32f46x.o(RESET)
 <LI><a href="#[32]">IRQ027_Handler</a> from hc32f46x_interrupts.o(i.IRQ027_Handler) referenced from startup_hc32f46x.o(RESET)
 <LI><a href="#[33]">IRQ028_Handler</a> from hc32f46x_interrupts.o(i.IRQ028_Handler) referenced from startup_hc32f46x.o(RESET)
 <LI><a href="#[34]">IRQ029_Handler</a> from hc32f46x_interrupts.o(i.IRQ029_Handler) referenced from startup_hc32f46x.o(RESET)
 <LI><a href="#[35]">IRQ030_Handler</a> from hc32f46x_interrupts.o(i.IRQ030_Handler) referenced from startup_hc32f46x.o(RESET)
 <LI><a href="#[36]">IRQ031_Handler</a> from hc32f46x_interrupts.o(i.IRQ031_Handler) referenced from startup_hc32f46x.o(RESET)
 <LI><a href="#[37]">IRQ032_Handler</a> from hc32f46x_interrupts.o(i.IRQ032_Handler) referenced from startup_hc32f46x.o(RESET)
 <LI><a href="#[38]">IRQ033_Handler</a> from hc32f46x_interrupts.o(i.IRQ033_Handler) referenced from startup_hc32f46x.o(RESET)
 <LI><a href="#[39]">IRQ034_Handler</a> from hc32f46x_interrupts.o(i.IRQ034_Handler) referenced from startup_hc32f46x.o(RESET)
 <LI><a href="#[3a]">IRQ035_Handler</a> from hc32f46x_interrupts.o(i.IRQ035_Handler) referenced from startup_hc32f46x.o(RESET)
 <LI><a href="#[3b]">IRQ036_Handler</a> from hc32f46x_interrupts.o(i.IRQ036_Handler) referenced from startup_hc32f46x.o(RESET)
 <LI><a href="#[3c]">IRQ037_Handler</a> from hc32f46x_interrupts.o(i.IRQ037_Handler) referenced from startup_hc32f46x.o(RESET)
 <LI><a href="#[3d]">IRQ038_Handler</a> from hc32f46x_interrupts.o(i.IRQ038_Handler) referenced from startup_hc32f46x.o(RESET)
 <LI><a href="#[3e]">IRQ039_Handler</a> from hc32f46x_interrupts.o(i.IRQ039_Handler) referenced from startup_hc32f46x.o(RESET)
 <LI><a href="#[3f]">IRQ040_Handler</a> from hc32f46x_interrupts.o(i.IRQ040_Handler) referenced from startup_hc32f46x.o(RESET)
 <LI><a href="#[40]">IRQ041_Handler</a> from hc32f46x_interrupts.o(i.IRQ041_Handler) referenced from startup_hc32f46x.o(RESET)
 <LI><a href="#[41]">IRQ042_Handler</a> from hc32f46x_interrupts.o(i.IRQ042_Handler) referenced from startup_hc32f46x.o(RESET)
 <LI><a href="#[42]">IRQ043_Handler</a> from hc32f46x_interrupts.o(i.IRQ043_Handler) referenced from startup_hc32f46x.o(RESET)
 <LI><a href="#[43]">IRQ044_Handler</a> from hc32f46x_interrupts.o(i.IRQ044_Handler) referenced from startup_hc32f46x.o(RESET)
 <LI><a href="#[44]">IRQ045_Handler</a> from hc32f46x_interrupts.o(i.IRQ045_Handler) referenced from startup_hc32f46x.o(RESET)
 <LI><a href="#[45]">IRQ046_Handler</a> from hc32f46x_interrupts.o(i.IRQ046_Handler) referenced from startup_hc32f46x.o(RESET)
 <LI><a href="#[46]">IRQ047_Handler</a> from hc32f46x_interrupts.o(i.IRQ047_Handler) referenced from startup_hc32f46x.o(RESET)
 <LI><a href="#[47]">IRQ048_Handler</a> from hc32f46x_interrupts.o(i.IRQ048_Handler) referenced from startup_hc32f46x.o(RESET)
 <LI><a href="#[48]">IRQ049_Handler</a> from hc32f46x_interrupts.o(i.IRQ049_Handler) referenced from startup_hc32f46x.o(RESET)
 <LI><a href="#[49]">IRQ050_Handler</a> from hc32f46x_interrupts.o(i.IRQ050_Handler) referenced from startup_hc32f46x.o(RESET)
 <LI><a href="#[4a]">IRQ051_Handler</a> from hc32f46x_interrupts.o(i.IRQ051_Handler) referenced from startup_hc32f46x.o(RESET)
 <LI><a href="#[4b]">IRQ052_Handler</a> from hc32f46x_interrupts.o(i.IRQ052_Handler) referenced from startup_hc32f46x.o(RESET)
 <LI><a href="#[4c]">IRQ053_Handler</a> from hc32f46x_interrupts.o(i.IRQ053_Handler) referenced from startup_hc32f46x.o(RESET)
 <LI><a href="#[4d]">IRQ054_Handler</a> from hc32f46x_interrupts.o(i.IRQ054_Handler) referenced from startup_hc32f46x.o(RESET)
 <LI><a href="#[4e]">IRQ055_Handler</a> from hc32f46x_interrupts.o(i.IRQ055_Handler) referenced from startup_hc32f46x.o(RESET)
 <LI><a href="#[4f]">IRQ056_Handler</a> from hc32f46x_interrupts.o(i.IRQ056_Handler) referenced from startup_hc32f46x.o(RESET)
 <LI><a href="#[50]">IRQ057_Handler</a> from hc32f46x_interrupts.o(i.IRQ057_Handler) referenced from startup_hc32f46x.o(RESET)
 <LI><a href="#[51]">IRQ058_Handler</a> from hc32f46x_interrupts.o(i.IRQ058_Handler) referenced from startup_hc32f46x.o(RESET)
 <LI><a href="#[52]">IRQ059_Handler</a> from hc32f46x_interrupts.o(i.IRQ059_Handler) referenced from startup_hc32f46x.o(RESET)
 <LI><a href="#[53]">IRQ060_Handler</a> from hc32f46x_interrupts.o(i.IRQ060_Handler) referenced from startup_hc32f46x.o(RESET)
 <LI><a href="#[54]">IRQ061_Handler</a> from hc32f46x_interrupts.o(i.IRQ061_Handler) referenced from startup_hc32f46x.o(RESET)
 <LI><a href="#[55]">IRQ062_Handler</a> from hc32f46x_interrupts.o(i.IRQ062_Handler) referenced from startup_hc32f46x.o(RESET)
 <LI><a href="#[56]">IRQ063_Handler</a> from hc32f46x_interrupts.o(i.IRQ063_Handler) referenced from startup_hc32f46x.o(RESET)
 <LI><a href="#[57]">IRQ064_Handler</a> from hc32f46x_interrupts.o(i.IRQ064_Handler) referenced from startup_hc32f46x.o(RESET)
 <LI><a href="#[58]">IRQ065_Handler</a> from hc32f46x_interrupts.o(i.IRQ065_Handler) referenced from startup_hc32f46x.o(RESET)
 <LI><a href="#[59]">IRQ066_Handler</a> from hc32f46x_interrupts.o(i.IRQ066_Handler) referenced from startup_hc32f46x.o(RESET)
 <LI><a href="#[5a]">IRQ067_Handler</a> from hc32f46x_interrupts.o(i.IRQ067_Handler) referenced from startup_hc32f46x.o(RESET)
 <LI><a href="#[5b]">IRQ068_Handler</a> from hc32f46x_interrupts.o(i.IRQ068_Handler) referenced from startup_hc32f46x.o(RESET)
 <LI><a href="#[5c]">IRQ069_Handler</a> from hc32f46x_interrupts.o(i.IRQ069_Handler) referenced from startup_hc32f46x.o(RESET)
 <LI><a href="#[5d]">IRQ070_Handler</a> from hc32f46x_interrupts.o(i.IRQ070_Handler) referenced from startup_hc32f46x.o(RESET)
 <LI><a href="#[5e]">IRQ071_Handler</a> from hc32f46x_interrupts.o(i.IRQ071_Handler) referenced from startup_hc32f46x.o(RESET)
 <LI><a href="#[5f]">IRQ072_Handler</a> from hc32f46x_interrupts.o(i.IRQ072_Handler) referenced from startup_hc32f46x.o(RESET)
 <LI><a href="#[60]">IRQ073_Handler</a> from hc32f46x_interrupts.o(i.IRQ073_Handler) referenced from startup_hc32f46x.o(RESET)
 <LI><a href="#[61]">IRQ074_Handler</a> from hc32f46x_interrupts.o(i.IRQ074_Handler) referenced from startup_hc32f46x.o(RESET)
 <LI><a href="#[62]">IRQ075_Handler</a> from hc32f46x_interrupts.o(i.IRQ075_Handler) referenced from startup_hc32f46x.o(RESET)
 <LI><a href="#[63]">IRQ076_Handler</a> from hc32f46x_interrupts.o(i.IRQ076_Handler) referenced from startup_hc32f46x.o(RESET)
 <LI><a href="#[64]">IRQ077_Handler</a> from hc32f46x_interrupts.o(i.IRQ077_Handler) referenced from startup_hc32f46x.o(RESET)
 <LI><a href="#[65]">IRQ078_Handler</a> from hc32f46x_interrupts.o(i.IRQ078_Handler) referenced from startup_hc32f46x.o(RESET)
 <LI><a href="#[66]">IRQ079_Handler</a> from hc32f46x_interrupts.o(i.IRQ079_Handler) referenced from startup_hc32f46x.o(RESET)
 <LI><a href="#[67]">IRQ080_Handler</a> from hc32f46x_interrupts.o(i.IRQ080_Handler) referenced from startup_hc32f46x.o(RESET)
 <LI><a href="#[68]">IRQ081_Handler</a> from hc32f46x_interrupts.o(i.IRQ081_Handler) referenced from startup_hc32f46x.o(RESET)
 <LI><a href="#[69]">IRQ082_Handler</a> from hc32f46x_interrupts.o(i.IRQ082_Handler) referenced from startup_hc32f46x.o(RESET)
 <LI><a href="#[6a]">IRQ083_Handler</a> from hc32f46x_interrupts.o(i.IRQ083_Handler) referenced from startup_hc32f46x.o(RESET)
 <LI><a href="#[6b]">IRQ084_Handler</a> from hc32f46x_interrupts.o(i.IRQ084_Handler) referenced from startup_hc32f46x.o(RESET)
 <LI><a href="#[6c]">IRQ085_Handler</a> from hc32f46x_interrupts.o(i.IRQ085_Handler) referenced from startup_hc32f46x.o(RESET)
 <LI><a href="#[6d]">IRQ086_Handler</a> from hc32f46x_interrupts.o(i.IRQ086_Handler) referenced from startup_hc32f46x.o(RESET)
 <LI><a href="#[6e]">IRQ087_Handler</a> from hc32f46x_interrupts.o(i.IRQ087_Handler) referenced from startup_hc32f46x.o(RESET)
 <LI><a href="#[6f]">IRQ088_Handler</a> from hc32f46x_interrupts.o(i.IRQ088_Handler) referenced from startup_hc32f46x.o(RESET)
 <LI><a href="#[70]">IRQ089_Handler</a> from hc32f46x_interrupts.o(i.IRQ089_Handler) referenced from startup_hc32f46x.o(RESET)
 <LI><a href="#[71]">IRQ090_Handler</a> from hc32f46x_interrupts.o(i.IRQ090_Handler) referenced from startup_hc32f46x.o(RESET)
 <LI><a href="#[72]">IRQ091_Handler</a> from hc32f46x_interrupts.o(i.IRQ091_Handler) referenced from startup_hc32f46x.o(RESET)
 <LI><a href="#[73]">IRQ092_Handler</a> from hc32f46x_interrupts.o(i.IRQ092_Handler) referenced from startup_hc32f46x.o(RESET)
 <LI><a href="#[74]">IRQ093_Handler</a> from hc32f46x_interrupts.o(i.IRQ093_Handler) referenced from startup_hc32f46x.o(RESET)
 <LI><a href="#[75]">IRQ094_Handler</a> from hc32f46x_interrupts.o(i.IRQ094_Handler) referenced from startup_hc32f46x.o(RESET)
 <LI><a href="#[76]">IRQ095_Handler</a> from hc32f46x_interrupts.o(i.IRQ095_Handler) referenced from startup_hc32f46x.o(RESET)
 <LI><a href="#[77]">IRQ096_Handler</a> from hc32f46x_interrupts.o(i.IRQ096_Handler) referenced from startup_hc32f46x.o(RESET)
 <LI><a href="#[78]">IRQ097_Handler</a> from hc32f46x_interrupts.o(i.IRQ097_Handler) referenced from startup_hc32f46x.o(RESET)
 <LI><a href="#[79]">IRQ098_Handler</a> from hc32f46x_interrupts.o(i.IRQ098_Handler) referenced from startup_hc32f46x.o(RESET)
 <LI><a href="#[7a]">IRQ099_Handler</a> from hc32f46x_interrupts.o(i.IRQ099_Handler) referenced from startup_hc32f46x.o(RESET)
 <LI><a href="#[7b]">IRQ100_Handler</a> from hc32f46x_interrupts.o(i.IRQ100_Handler) referenced from startup_hc32f46x.o(RESET)
 <LI><a href="#[7c]">IRQ101_Handler</a> from hc32f46x_interrupts.o(i.IRQ101_Handler) referenced from startup_hc32f46x.o(RESET)
 <LI><a href="#[7d]">IRQ102_Handler</a> from hc32f46x_interrupts.o(i.IRQ102_Handler) referenced from startup_hc32f46x.o(RESET)
 <LI><a href="#[7e]">IRQ103_Handler</a> from hc32f46x_interrupts.o(i.IRQ103_Handler) referenced from startup_hc32f46x.o(RESET)
 <LI><a href="#[7f]">IRQ104_Handler</a> from hc32f46x_interrupts.o(i.IRQ104_Handler) referenced from startup_hc32f46x.o(RESET)
 <LI><a href="#[80]">IRQ105_Handler</a> from hc32f46x_interrupts.o(i.IRQ105_Handler) referenced from startup_hc32f46x.o(RESET)
 <LI><a href="#[81]">IRQ106_Handler</a> from hc32f46x_interrupts.o(i.IRQ106_Handler) referenced from startup_hc32f46x.o(RESET)
 <LI><a href="#[82]">IRQ107_Handler</a> from hc32f46x_interrupts.o(i.IRQ107_Handler) referenced from startup_hc32f46x.o(RESET)
 <LI><a href="#[83]">IRQ108_Handler</a> from hc32f46x_interrupts.o(i.IRQ108_Handler) referenced from startup_hc32f46x.o(RESET)
 <LI><a href="#[84]">IRQ109_Handler</a> from hc32f46x_interrupts.o(i.IRQ109_Handler) referenced from startup_hc32f46x.o(RESET)
 <LI><a href="#[85]">IRQ110_Handler</a> from hc32f46x_interrupts.o(i.IRQ110_Handler) referenced from startup_hc32f46x.o(RESET)
 <LI><a href="#[86]">IRQ111_Handler</a> from hc32f46x_interrupts.o(i.IRQ111_Handler) referenced from startup_hc32f46x.o(RESET)
 <LI><a href="#[87]">IRQ112_Handler</a> from hc32f46x_interrupts.o(i.IRQ112_Handler) referenced from startup_hc32f46x.o(RESET)
 <LI><a href="#[88]">IRQ113_Handler</a> from hc32f46x_interrupts.o(i.IRQ113_Handler) referenced from startup_hc32f46x.o(RESET)
 <LI><a href="#[89]">IRQ114_Handler</a> from hc32f46x_interrupts.o(i.IRQ114_Handler) referenced from startup_hc32f46x.o(RESET)
 <LI><a href="#[8a]">IRQ115_Handler</a> from hc32f46x_interrupts.o(i.IRQ115_Handler) referenced from startup_hc32f46x.o(RESET)
 <LI><a href="#[8b]">IRQ116_Handler</a> from hc32f46x_interrupts.o(i.IRQ116_Handler) referenced from startup_hc32f46x.o(RESET)
 <LI><a href="#[8c]">IRQ117_Handler</a> from hc32f46x_interrupts.o(i.IRQ117_Handler) referenced from startup_hc32f46x.o(RESET)
 <LI><a href="#[8d]">IRQ118_Handler</a> from hc32f46x_interrupts.o(i.IRQ118_Handler) referenced from startup_hc32f46x.o(RESET)
 <LI><a href="#[8e]">IRQ119_Handler</a> from hc32f46x_interrupts.o(i.IRQ119_Handler) referenced from startup_hc32f46x.o(RESET)
 <LI><a href="#[8f]">IRQ120_Handler</a> from hc32f46x_interrupts.o(i.IRQ120_Handler) referenced from startup_hc32f46x.o(RESET)
 <LI><a href="#[90]">IRQ121_Handler</a> from hc32f46x_interrupts.o(i.IRQ121_Handler) referenced from startup_hc32f46x.o(RESET)
 <LI><a href="#[91]">IRQ122_Handler</a> from hc32f46x_interrupts.o(i.IRQ122_Handler) referenced from startup_hc32f46x.o(RESET)
 <LI><a href="#[92]">IRQ123_Handler</a> from hc32f46x_interrupts.o(i.IRQ123_Handler) referenced from startup_hc32f46x.o(RESET)
 <LI><a href="#[93]">IRQ124_Handler</a> from hc32f46x_interrupts.o(i.IRQ124_Handler) referenced from startup_hc32f46x.o(RESET)
 <LI><a href="#[94]">IRQ125_Handler</a> from hc32f46x_interrupts.o(i.IRQ125_Handler) referenced from startup_hc32f46x.o(RESET)
 <LI><a href="#[95]">IRQ126_Handler</a> from hc32f46x_interrupts.o(i.IRQ126_Handler) referenced from startup_hc32f46x.o(RESET)
 <LI><a href="#[96]">IRQ127_Handler</a> from hc32f46x_interrupts.o(i.IRQ127_Handler) referenced from startup_hc32f46x.o(RESET)
 <LI><a href="#[97]">IRQ128_Handler</a> from hc32f46x_interrupts.o(i.IRQ128_Handler) referenced from startup_hc32f46x.o(RESET)
 <LI><a href="#[98]">IRQ129_Handler</a> from hc32f46x_interrupts.o(i.IRQ129_Handler) referenced from startup_hc32f46x.o(RESET)
 <LI><a href="#[99]">IRQ130_Handler</a> from hc32f46x_interrupts.o(i.IRQ130_Handler) referenced from startup_hc32f46x.o(RESET)
 <LI><a href="#[9a]">IRQ131_Handler</a> from hc32f46x_interrupts.o(i.IRQ131_Handler) referenced from startup_hc32f46x.o(RESET)
 <LI><a href="#[9b]">IRQ132_Handler</a> from hc32f46x_interrupts.o(i.IRQ132_Handler) referenced from startup_hc32f46x.o(RESET)
 <LI><a href="#[9c]">IRQ133_Handler</a> from startup_hc32f46x.o(.text) referenced from startup_hc32f46x.o(RESET)
 <LI><a href="#[9d]">IRQ134_Handler</a> from startup_hc32f46x.o(.text) referenced from startup_hc32f46x.o(RESET)
 <LI><a href="#[9e]">IRQ135_Handler</a> from startup_hc32f46x.o(.text) referenced from startup_hc32f46x.o(RESET)
 <LI><a href="#[9f]">IRQ136_Handler</a> from hc32f46x_interrupts.o(i.IRQ136_Handler) referenced from startup_hc32f46x.o(RESET)
 <LI><a href="#[a0]">IRQ137_Handler</a> from hc32f46x_interrupts.o(i.IRQ137_Handler) referenced from startup_hc32f46x.o(RESET)
 <LI><a href="#[a1]">IRQ138_Handler</a> from hc32f46x_interrupts.o(i.IRQ138_Handler) referenced from startup_hc32f46x.o(RESET)
 <LI><a href="#[a2]">IRQ139_Handler</a> from hc32f46x_interrupts.o(i.IRQ139_Handler) referenced from startup_hc32f46x.o(RESET)
 <LI><a href="#[a3]">IRQ140_Handler</a> from hc32f46x_interrupts.o(i.IRQ140_Handler) referenced from startup_hc32f46x.o(RESET)
 <LI><a href="#[a4]">IRQ141_Handler</a> from hc32f46x_interrupts.o(i.IRQ141_Handler) referenced from startup_hc32f46x.o(RESET)
 <LI><a href="#[a5]">IRQ142_Handler</a> from hc32f46x_interrupts.o(i.IRQ142_Handler) referenced from startup_hc32f46x.o(RESET)
 <LI><a href="#[a6]">IRQ143_Handler</a> from hc32f46x_interrupts.o(i.IRQ143_Handler) referenced from startup_hc32f46x.o(RESET)
 <LI><a href="#[10]">MemManage_Handler</a> from hc32f46x_interrupts.o(i.MemManage_Handler) referenced from startup_hc32f46x.o(RESET)
 <LI><a href="#[e]">NMI_Handler</a> from hc32f46x_interrupts.o(i.NMI_Handler) referenced from startup_hc32f46x.o(RESET)
 <LI><a href="#[15]">PendSV_Handler</a> from port.o(.emb_text) referenced from startup_hc32f46x.o(RESET)
 <LI><a href="#[d]">Reset_Handler</a> from startup_hc32f46x.o(.text) referenced from startup_hc32f46x.o(RESET)
 <LI><a href="#[c3]">SPI_CS_Deselect</a> from spi.o(i.SPI_CS_Deselect) referenced from ethernet_operation.o(i.w5500_init)
 <LI><a href="#[c4]">SPI_CS_Select</a> from spi.o(i.SPI_CS_Select) referenced from ethernet_operation.o(i.w5500_init)
 <LI><a href="#[c2]">SPI_CrisEnter</a> from spi.o(i.SPI_CrisEnter) referenced from ethernet_operation.o(i.w5500_init)
 <LI><a href="#[c1]">SPI_CrisExit</a> from spi.o(i.SPI_CrisExit) referenced from ethernet_operation.o(i.w5500_init)
 <LI><a href="#[c6]">SPI_ReadByte</a> from spi.o(i.SPI_ReadByte) referenced from ethernet_operation.o(i.w5500_init)
 <LI><a href="#[c5]">SPI_WriteByte</a> from spi.o(i.SPI_WriteByte) referenced from ethernet_operation.o(i.w5500_init)
 <LI><a href="#[13]">SVC_Handler</a> from port.o(.emb_text) referenced from startup_hc32f46x.o(RESET)
 <LI><a href="#[16]">SysTick_Handler</a> from port.o(i.SysTick_Handler) referenced from startup_hc32f46x.o(RESET)
 <LI><a href="#[a8]">SystemInit</a> from system_hc32f46x.o(i.SystemInit) referenced from startup_hc32f46x.o(.text)
 <LI><a href="#[af]">Timer0A_CallBack</a> from logic_control_bsp.o(i.Timer0A_CallBack) referenced from logic_control_bsp.o(i.logic_control_time_int)
 <LI><a href="#[bb]">Timer6_OverFlow_CallBack</a> from rs458_analysis.o(i.Timer6_OverFlow_CallBack) referenced from rs458_bsp.o(i.time6_init)
 <LI><a href="#[12]">UsageFault_Handler</a> from hc32f46x_interrupts.o(i.UsageFault_Handler) referenced from startup_hc32f46x.o(RESET)
 <LI><a href="#[bd]">Usart3_ErrIrqCallback</a> from rs458_bsp.o(i.Usart3_ErrIrqCallback) referenced from rs458_bsp.o(i.usart3_init)
 <LI><a href="#[bf]">Usart4_ErrIrqCallback</a> from rs458_bsp.o(i.Usart4_ErrIrqCallback) referenced from rs458_bsp.o(i.usart4_init)
 <LI><a href="#[bc]">UsartRx3IrqCallback</a> from rs458_analysis.o(i.UsartRx3IrqCallback) referenced from rs458_bsp.o(i.usart3_init)
 <LI><a href="#[be]">UsartRx4IrqCallback</a> from rs458_analysis.o(i.UsartRx4IrqCallback) referenced from rs458_bsp.o(i.usart4_init)
 <LI><a href="#[a9]">__main</a> from entry.o(.ARM.Collect$$$$00000000) referenced from startup_hc32f46x.o(.text)
 <LI><a href="#[ab]">_sputc</a> from printfa.o(i._sputc) referenced from printfa.o(i.__0vsprintf)
 <LI><a href="#[b6]">broker_task</a> from broker_task.o(i.broker_task) referenced from start_task.o(i.start_task)
 <LI><a href="#[ba]">control_task</a> from gpio_manage_business.o(i.control_task) referenced from start_task.o(i.start_task)
 <LI><a href="#[4]">default_ip_assign</a> from dhcp.o(i.default_ip_assign) referenced 2 times from dhcp.o(.data)
 <LI><a href="#[4]">default_ip_assign</a> from dhcp.o(i.default_ip_assign) referenced from dhcp.o(i.reg_dhcp_cbfunc)
 <LI><a href="#[6]">default_ip_conflict</a> from dhcp.o(i.default_ip_conflict) referenced 2 times from dhcp.o(.data)
 <LI><a href="#[6]">default_ip_conflict</a> from dhcp.o(i.default_ip_conflict) referenced from dhcp.o(i.reg_dhcp_cbfunc)
 <LI><a href="#[5]">default_ip_update</a> from dhcp.o(i.default_ip_update) referenced 2 times from dhcp.o(.data)
 <LI><a href="#[5]">default_ip_update</a> from dhcp.o(i.default_ip_update) referenced from dhcp.o(i.reg_dhcp_cbfunc)
 <LI><a href="#[d7]">ethernet_driver_init</a> from ethernet_operation.o(i.ethernet_driver_init) referenced from ethernet_task.o(.constdata)
 <LI><a href="#[d8]">ethernet_run</a> from ethernet_operation.o(i.ethernet_run) referenced from ethernet_task.o(.constdata)
 <LI><a href="#[b8]">ethernet_task</a> from ethernet_task.o(i.ethernet_task) referenced from start_task.o(i.start_task)
 <LI><a href="#[aa]">fputc</a> from hc32f46x_utility.o(i.fputc) referenced from printfa.o(i.__0printf)
 <LI><a href="#[d3]">hotel_air_conditioner_instructions</a> from ethernet_hotel_agreement.o(i.hotel_air_conditioner_instructions) referenced from ethernet_hotel_agreement.o(.constdata)
 <LI><a href="#[d1]">hotel_call_service_instructions</a> from ethernet_hotel_agreement.o(i.hotel_call_service_instructions) referenced from ethernet_hotel_agreement.o(.constdata)
 <LI><a href="#[cc]">hotel_card_power_on_instructions</a> from ethernet_hotel_agreement.o(i.hotel_card_power_on_instructions) referenced from ethernet_hotel_agreement.o(.constdata)
 <LI><a href="#[cf]">hotel_cleaning_instructions</a> from ethernet_hotel_agreement.o(i.hotel_cleaning_instructions) referenced from ethernet_hotel_agreement.o(.constdata)
 <LI><a href="#[cb]">hotel_combination_instructions</a> from ethernet_hotel_agreement.o(i.hotel_combination_instructions) referenced from ethernet_hotel_agreement.o(.constdata)
 <LI><a href="#[d5]">hotel_curtain_instructions</a> from ethernet_hotel_agreement.o(i.hotel_curtain_instructions) referenced from ethernet_hotel_agreement.o(.constdata)
 <LI><a href="#[ce]">hotel_do_not_disturb_instructions</a> from ethernet_hotel_agreement.o(i.hotel_do_not_disturb_instructions) referenced from ethernet_hotel_agreement.o(.constdata)
 <LI><a href="#[cd]">hotel_doorbell_instructions</a> from ethernet_hotel_agreement.o(i.hotel_doorbell_instructions) referenced from ethernet_hotel_agreement.o(.constdata)
 <LI><a href="#[c9]">hotel_lamp_instructions</a> from ethernet_hotel_agreement.o(i.hotel_lamp_instructions) referenced from ethernet_hotel_agreement.o(.constdata)
 <LI><a href="#[d4]">hotel_null_instructions</a> from ethernet_hotel_agreement.o(i.hotel_null_instructions) referenced 6 times from ethernet_hotel_agreement.o(.constdata)
 <LI><a href="#[d6]">hotel_open_door_instructions</a> from ethernet_hotel_agreement.o(i.hotel_open_door_instructions) referenced from ethernet_hotel_agreement.o(.constdata)
 <LI><a href="#[d2]">hotel_reservation_check_instructions</a> from ethernet_hotel_agreement.o(i.hotel_reservation_check_instructions) referenced from ethernet_hotel_agreement.o(.constdata)
 <LI><a href="#[ca]">hotel_scene_instructions</a> from ethernet_hotel_agreement.o(i.hotel_scene_instructions) referenced from ethernet_hotel_agreement.o(.constdata)
 <LI><a href="#[d0]">hotel_sos_instructions</a> from ethernet_hotel_agreement.o(i.hotel_sos_instructions) referenced from ethernet_hotel_agreement.o(.constdata)
 <LI><a href="#[ad]">key_value_analysis_form_subscribe</a> from logic_control_task.o(i.key_value_analysis_form_subscribe) referenced from logic_control_task.o(i.key_value_analysis_cache)
 <LI><a href="#[ae]">logic_control_interrupt_callback</a> from logic_control_task.o(i.logic_control_interrupt_callback) referenced from logic_control_task.o(i.logic_control_task)
 <LI><a href="#[b9]">logic_control_task</a> from logic_control_task.o(i.logic_control_task) referenced from start_task.o(i.start_task)
 <LI><a href="#[a7]">main</a> from main.o(i.main) referenced from entry9a.o(.ARM.Collect$$$$0000000B)
 <LI><a href="#[c8]">my_ip_assign</a> from ethernet_operation.o(i.my_ip_assign) referenced from ethernet_operation.o(i.w5500_init)
 <LI><a href="#[c7]">my_ip_conflict</a> from ethernet_operation.o(i.my_ip_conflict) referenced from ethernet_operation.o(i.w5500_init)
 <LI><a href="#[c0]">prvIdleTask</a> from tasks.o(i.prvIdleTask) referenced from tasks.o(i.vTaskStartScheduler)
 <LI><a href="#[b1]">prvTaskExitError</a> from port.o(i.prvTaskExitError) referenced from port.o(i.pxPortInitialiseStack)
 <LI><a href="#[b4]">rs485_inside_analysis_handle</a> from rs458_task.o(i.rs485_inside_analysis_handle) referenced from rs458_task.o(i.rs485_task)
 <LI><a href="#[b5]">rs485_outside_analysis_handle</a> from rs458_task.o(i.rs485_outside_analysis_handle) referenced from rs458_task.o(i.rs485_task)
 <LI><a href="#[b7]">rs485_task</a> from rs458_task.o(i.rs485_task) referenced from start_task.o(i.start_task)
 <LI><a href="#[3]">scoket_balanced</a> from ethernet_data_handle.o(i.scoket_balanced) referenced 2 times from ethernet_operation.o(.data)
 <LI><a href="#[0]">scoket_cloud</a> from ethernet_data_handle.o(i.scoket_cloud) referenced 2 times from ethernet_operation.o(.data)
 <LI><a href="#[1]">scoket_set</a> from ethernet_data_handle.o(i.scoket_set) referenced 2 times from ethernet_operation.o(.data)
 <LI><a href="#[2]">scoket_udp</a> from ethernet_data_handle.o(i.scoket_udp) referenced 2 times from ethernet_operation.o(.data)
 <LI><a href="#[b0]">start_task</a> from start_task.o(i.start_task) referenced from main.o(i.main)
 <LI><a href="#[ac]">switch_read_subscribe</a> from gpio_manage_business.o(i.switch_read_subscribe) referenced from gpio_manage_business.o(i.control_task)
 <LI><a href="#[b]">wizchip_bus_readbyte</a> from wizchip_conf.o(i.wizchip_bus_readbyte) referenced 2 times from wizchip_conf.o(.data)
 <LI><a href="#[c]">wizchip_bus_writebyte</a> from wizchip_conf.o(i.wizchip_bus_writebyte) referenced 2 times from wizchip_conf.o(.data)
 <LI><a href="#[7]">wizchip_cris_enter</a> from wizchip_conf.o(i.wizchip_cris_enter) referenced 2 times from wizchip_conf.o(.data)
 <LI><a href="#[7]">wizchip_cris_enter</a> from wizchip_conf.o(i.wizchip_cris_enter) referenced from wizchip_conf.o(i.reg_wizchip_cris_cbfunc)
 <LI><a href="#[8]">wizchip_cris_exit</a> from wizchip_conf.o(i.wizchip_cris_exit) referenced 2 times from wizchip_conf.o(.data)
 <LI><a href="#[8]">wizchip_cris_exit</a> from wizchip_conf.o(i.wizchip_cris_exit) referenced from wizchip_conf.o(i.reg_wizchip_cris_cbfunc)
 <LI><a href="#[a]">wizchip_cs_deselect</a> from wizchip_conf.o(i.wizchip_cs_deselect) referenced 2 times from wizchip_conf.o(.data)
 <LI><a href="#[a]">wizchip_cs_deselect</a> from wizchip_conf.o(i.wizchip_cs_deselect) referenced from wizchip_conf.o(i.reg_wizchip_cs_cbfunc)
 <LI><a href="#[9]">wizchip_cs_select</a> from wizchip_conf.o(i.wizchip_cs_select) referenced 2 times from wizchip_conf.o(.data)
 <LI><a href="#[9]">wizchip_cs_select</a> from wizchip_conf.o(i.wizchip_cs_select) referenced from wizchip_conf.o(i.reg_wizchip_cs_cbfunc)
 <LI><a href="#[b2]">wizchip_spi_readbyte</a> from wizchip_conf.o(i.wizchip_spi_readbyte) referenced from wizchip_conf.o(i.reg_wizchip_spi_cbfunc)
 <LI><a href="#[b3]">wizchip_spi_writebyte</a> from wizchip_conf.o(i.wizchip_spi_writebyte) referenced from wizchip_conf.o(i.reg_wizchip_spi_cbfunc)
</UL>
<P>
<H3>
Global Symbols
</H3>
<P><STRONG><a name="[a9]"></a>__main</STRONG> (Thumb, 0 bytes, Stack size unknown bytes, entry.o(.ARM.Collect$$$$00000000))
<BR>[Address Reference Count : 1]<UL><LI> startup_hc32f46x.o(.text)
</UL>
<P><STRONG><a name="[220]"></a>_main_stk</STRONG> (Thumb, 0 bytes, Stack size unknown bytes, entry2.o(.ARM.Collect$$$$00000001))

<P><STRONG><a name="[de]"></a>_main_scatterload</STRONG> (Thumb, 0 bytes, Stack size unknown bytes, entry5.o(.ARM.Collect$$$$00000004))
<BR><BR>[Calls]<UL><LI><a href="#[df]">&gt;&gt;</a>&nbsp;&nbsp;&nbsp;__scatterload
</UL>

<P><STRONG><a name="[f0]"></a>__main_after_scatterload</STRONG> (Thumb, 0 bytes, Stack size unknown bytes, entry5.o(.ARM.Collect$$$$00000004))
<BR><BR>[Called By]<UL><LI><a href="#[df]">&gt;&gt;</a>&nbsp;&nbsp;&nbsp;__scatterload
</UL>

<P><STRONG><a name="[221]"></a>_main_clock</STRONG> (Thumb, 0 bytes, Stack size unknown bytes, entry7b.o(.ARM.Collect$$$$00000008))

<P><STRONG><a name="[222]"></a>_main_cpp_init</STRONG> (Thumb, 0 bytes, Stack size unknown bytes, entry8b.o(.ARM.Collect$$$$0000000A))

<P><STRONG><a name="[223]"></a>_main_init</STRONG> (Thumb, 0 bytes, Stack size unknown bytes, entry9a.o(.ARM.Collect$$$$0000000B))

<P><STRONG><a name="[224]"></a>__rt_final_cpp</STRONG> (Thumb, 0 bytes, Stack size unknown bytes, entry10a.o(.ARM.Collect$$$$0000000D))

<P><STRONG><a name="[225]"></a>__rt_final_exit</STRONG> (Thumb, 0 bytes, Stack size unknown bytes, entry11a.o(.ARM.Collect$$$$0000000F))

<P><STRONG><a name="[13]"></a>SVC_Handler</STRONG> (Thumb, 28 bytes, Stack size 0 bytes, port.o(.emb_text))
<BR>[Address Reference Count : 1]<UL><LI> startup_hc32f46x.o(RESET)
</UL>
<P><STRONG><a name="[da]"></a>__asm___6_port_c_39a90d8d__prvStartFirstTask</STRONG> (Thumb, 28 bytes, Stack size 0 bytes, port.o(.emb_text))
<BR><BR>[Called By]<UL><LI><a href="#[218]">&gt;&gt;</a>&nbsp;&nbsp;&nbsp;xPortStartScheduler
</UL>

<P><STRONG><a name="[db]"></a>__asm___6_port_c_39a90d8d__prvEnableVFP</STRONG> (Thumb, 16 bytes, Stack size 0 bytes, port.o(.emb_text))
<BR><BR>[Called By]<UL><LI><a href="#[218]">&gt;&gt;</a>&nbsp;&nbsp;&nbsp;xPortStartScheduler
</UL>

<P><STRONG><a name="[15]"></a>PendSV_Handler</STRONG> (Thumb, 92 bytes, Stack size 0 bytes, port.o(.emb_text))
<BR><BR>[Calls]<UL><LI><a href="#[e0]">&gt;&gt;</a>&nbsp;&nbsp;&nbsp;vTaskSwitchContext
</UL>
<BR>[Address Reference Count : 1]<UL><LI> startup_hc32f46x.o(RESET)
</UL>
<P><STRONG><a name="[dc]"></a>vPortGetIPSR</STRONG> (Thumb, 6 bytes, Stack size 0 bytes, port.o(.emb_text), UNUSED, KEPT)

<P><STRONG><a name="[d]"></a>Reset_Handler</STRONG> (Thumb, 48 bytes, Stack size 0 bytes, startup_hc32f46x.o(.text))
<BR>[Address Reference Count : 1]<UL><LI> startup_hc32f46x.o(RESET)
</UL>
<P><STRONG><a name="[9c]"></a>IRQ133_Handler</STRONG> (Thumb, 0 bytes, Stack size 0 bytes, startup_hc32f46x.o(.text))
<BR><BR>[Calls]<UL><LI><a href="#[9c]">&gt;&gt;</a>&nbsp;&nbsp;&nbsp;IRQ133_Handler
</UL>
<BR>[Called By]<UL><LI><a href="#[9c]">&gt;&gt;</a>&nbsp;&nbsp;&nbsp;IRQ133_Handler
</UL>
<BR>[Address Reference Count : 1]<UL><LI> startup_hc32f46x.o(RESET)
</UL>
<P><STRONG><a name="[9d]"></a>IRQ134_Handler</STRONG> (Thumb, 0 bytes, Stack size 0 bytes, startup_hc32f46x.o(.text))
<BR>[Address Reference Count : 1]<UL><LI> startup_hc32f46x.o(RESET)
</UL>
<P><STRONG><a name="[9e]"></a>IRQ135_Handler</STRONG> (Thumb, 0 bytes, Stack size 0 bytes, startup_hc32f46x.o(.text))
<BR>[Address Reference Count : 1]<UL><LI> startup_hc32f46x.o(RESET)
</UL>
<P><STRONG><a name="[e1]"></a>__aeabi_uldivmod</STRONG> (Thumb, 98 bytes, Stack size 40 bytes, uldiv.o(.text))
<BR><BR>[Stack]<UL><LI>Max Depth = 40<LI>Call Chain = __aeabi_uldivmod
</UL>
<BR>[Calls]<UL><LI><a href="#[e2]">&gt;&gt;</a>&nbsp;&nbsp;&nbsp;__aeabi_llsr
<LI><a href="#[e3]">&gt;&gt;</a>&nbsp;&nbsp;&nbsp;__aeabi_llsl
</UL>
<BR>[Called By]<UL><LI><a href="#[126]">&gt;&gt;</a>&nbsp;&nbsp;&nbsp;SetUartBaudrate
<LI><a href="#[125]">&gt;&gt;</a>&nbsp;&nbsp;&nbsp;SetScBaudrate
<LI><a href="#[123]">&gt;&gt;</a>&nbsp;&nbsp;&nbsp;SetClkSyncBaudrate
<LI><a href="#[13a]">&gt;&gt;</a>&nbsp;&nbsp;&nbsp;_printf_core
<LI><a href="#[13c]">&gt;&gt;</a>&nbsp;&nbsp;&nbsp;_fp_digits
</UL>

<P><STRONG><a name="[14a]"></a>__aeabi_memcpy</STRONG> (Thumb, 36 bytes, Stack size 0 bytes, memcpya.o(.text))
<BR><BR>[Called By]<UL><LI><a href="#[1d3]">&gt;&gt;</a>&nbsp;&nbsp;&nbsp;user_read_system_data
<LI><a href="#[196]">&gt;&gt;</a>&nbsp;&nbsp;&nbsp;ethernet_data_analysis
<LI><a href="#[1a0]">&gt;&gt;</a>&nbsp;&nbsp;&nbsp;uesr_data_reset
<LI><a href="#[188]">&gt;&gt;</a>&nbsp;&nbsp;&nbsp;delay_data_release
<LI><a href="#[182]">&gt;&gt;</a>&nbsp;&nbsp;&nbsp;release_buff_write
<LI><a href="#[189]">&gt;&gt;</a>&nbsp;&nbsp;&nbsp;directional_release_data_to_cache
<LI><a href="#[158]">&gt;&gt;</a>&nbsp;&nbsp;&nbsp;directional_release_data
<LI><a href="#[148]">&gt;&gt;</a>&nbsp;&nbsp;&nbsp;broker_push_information
<LI><a href="#[1bf]">&gt;&gt;</a>&nbsp;&nbsp;&nbsp;transparent_ethernet_transmission
<LI><a href="#[181]">&gt;&gt;</a>&nbsp;&nbsp;&nbsp;debug_ethernet_transmission
<LI><a href="#[19c]">&gt;&gt;</a>&nbsp;&nbsp;&nbsp;scoket_dns_handle
<LI><a href="#[212]">&gt;&gt;</a>&nbsp;&nbsp;&nbsp;write_set_data
<LI><a href="#[20e]">&gt;&gt;</a>&nbsp;&nbsp;&nbsp;write_scene_data
<LI><a href="#[211]">&gt;&gt;</a>&nbsp;&nbsp;&nbsp;write_room_data
<LI><a href="#[210]">&gt;&gt;</a>&nbsp;&nbsp;&nbsp;write_logic_data
<LI><a href="#[1a1]">&gt;&gt;</a>&nbsp;&nbsp;&nbsp;set_system_data
<LI><a href="#[16b]">&gt;&gt;</a>&nbsp;&nbsp;&nbsp;copy_system_data
<LI><a href="#[15e]">&gt;&gt;</a>&nbsp;&nbsp;&nbsp;common_cache_data
<LI><a href="#[180]">&gt;&gt;</a>&nbsp;&nbsp;&nbsp;data_analysis_handle
</UL>

<P><STRONG><a name="[144]"></a>__aeabi_memcpy4</STRONG> (Thumb, 0 bytes, Stack size 0 bytes, memcpya.o(.text))
<BR><BR>[Called By]<UL><LI><a href="#[1d0]">&gt;&gt;</a>&nbsp;&nbsp;&nbsp;output_control_handle
<LI><a href="#[163]">&gt;&gt;</a>&nbsp;&nbsp;&nbsp;outside_lookup_handle
<LI><a href="#[164]">&gt;&gt;</a>&nbsp;&nbsp;&nbsp;inside_lookup_handle
<LI><a href="#[143]">&gt;&gt;</a>&nbsp;&nbsp;&nbsp;boot_mark_set
</UL>

<P><STRONG><a name="[226]"></a>__aeabi_memcpy8</STRONG> (Thumb, 0 bytes, Stack size 0 bytes, memcpya.o(.text), UNUSED)

<P><STRONG><a name="[e5]"></a>__aeabi_memset</STRONG> (Thumb, 14 bytes, Stack size 0 bytes, memseta.o(.text))
<BR><BR>[Called By]<UL><LI><a href="#[e6]">&gt;&gt;</a>&nbsp;&nbsp;&nbsp;_memset$wrapper
<LI><a href="#[e4]">&gt;&gt;</a>&nbsp;&nbsp;&nbsp;__aeabi_memclr
</UL>

<P><STRONG><a name="[227]"></a>__aeabi_memset4</STRONG> (Thumb, 0 bytes, Stack size 0 bytes, memseta.o(.text), UNUSED)

<P><STRONG><a name="[228]"></a>__aeabi_memset8</STRONG> (Thumb, 0 bytes, Stack size 0 bytes, memseta.o(.text), UNUSED)

<P><STRONG><a name="[e4]"></a>__aeabi_memclr</STRONG> (Thumb, 4 bytes, Stack size 0 bytes, memseta.o(.text))
<BR><BR>[Calls]<UL><LI><a href="#[e5]">&gt;&gt;</a>&nbsp;&nbsp;&nbsp;__aeabi_memset
</UL>
<BR>[Called By]<UL><LI><a href="#[1c3]">&gt;&gt;</a>&nbsp;&nbsp;&nbsp;key_buff_clear
<LI><a href="#[188]">&gt;&gt;</a>&nbsp;&nbsp;&nbsp;delay_data_release
<LI><a href="#[149]">&gt;&gt;</a>&nbsp;&nbsp;&nbsp;clear_release_information
<LI><a href="#[14b]">&gt;&gt;</a>&nbsp;&nbsp;&nbsp;clear_broker_information
<LI><a href="#[1]">&gt;&gt;</a>&nbsp;&nbsp;&nbsp;scoket_set
<LI><a href="#[0]">&gt;&gt;</a>&nbsp;&nbsp;&nbsp;scoket_cloud
<LI><a href="#[3]">&gt;&gt;</a>&nbsp;&nbsp;&nbsp;scoket_balanced
<LI><a href="#[180]">&gt;&gt;</a>&nbsp;&nbsp;&nbsp;data_analysis_handle
<LI><a href="#[b5]">&gt;&gt;</a>&nbsp;&nbsp;&nbsp;rs485_outside_analysis_handle
<LI><a href="#[b4]">&gt;&gt;</a>&nbsp;&nbsp;&nbsp;rs485_inside_analysis_handle
</UL>

<P><STRONG><a name="[11e]"></a>__aeabi_memclr4</STRONG> (Thumb, 0 bytes, Stack size 0 bytes, memseta.o(.text))
<BR><BR>[Called By]<UL><LI><a href="#[b9]">&gt;&gt;</a>&nbsp;&nbsp;&nbsp;logic_control_task
<LI><a href="#[208]">&gt;&gt;</a>&nbsp;&nbsp;&nbsp;system_clk_init
<LI><a href="#[11d]">&gt;&gt;</a>&nbsp;&nbsp;&nbsp;SPI_Configuration
</UL>

<P><STRONG><a name="[229]"></a>__aeabi_memclr8</STRONG> (Thumb, 0 bytes, Stack size 0 bytes, memseta.o(.text), UNUSED)

<P><STRONG><a name="[e6]"></a>_memset$wrapper</STRONG> (Thumb, 18 bytes, Stack size 8 bytes, memseta.o(.text), UNUSED)
<BR><BR>[Calls]<UL><LI><a href="#[e5]">&gt;&gt;</a>&nbsp;&nbsp;&nbsp;__aeabi_memset
</UL>

<P><STRONG><a name="[142]"></a>strstr</STRONG> (Thumb, 36 bytes, Stack size 12 bytes, strstr.o(.text))
<BR><BR>[Stack]<UL><LI>Max Depth = 12<LI>Call Chain = strstr
</UL>
<BR>[Called By]<UL><LI><a href="#[196]">&gt;&gt;</a>&nbsp;&nbsp;&nbsp;ethernet_data_analysis
<LI><a href="#[141]">&gt;&gt;</a>&nbsp;&nbsp;&nbsp;analysis_of_air_conditioning_instructions
<LI><a href="#[193]">&gt;&gt;</a>&nbsp;&nbsp;&nbsp;dry_contac_input_analysis
<LI><a href="#[148]">&gt;&gt;</a>&nbsp;&nbsp;&nbsp;broker_push_information
<LI><a href="#[161]">&gt;&gt;</a>&nbsp;&nbsp;&nbsp;outside_485_analysis
<LI><a href="#[160]">&gt;&gt;</a>&nbsp;&nbsp;&nbsp;inside_485_analysis
<LI><a href="#[1d2]">&gt;&gt;</a>&nbsp;&nbsp;&nbsp;local_send_handle
<LI><a href="#[15b]">&gt;&gt;</a>&nbsp;&nbsp;&nbsp;cloud_send_handle
<LI><a href="#[1ff]">&gt;&gt;</a>&nbsp;&nbsp;&nbsp;rs485_send_handle
</UL>

<P><STRONG><a name="[191]"></a>strncpy</STRONG> (Thumb, 24 bytes, Stack size 8 bytes, strncpy.o(.text))
<BR><BR>[Stack]<UL><LI>Max Depth = 8<LI>Call Chain = strncpy
</UL>
<BR>[Called By]<UL><LI><a href="#[18e]">&gt;&gt;</a>&nbsp;&nbsp;&nbsp;dns_makequery
</UL>

<P><STRONG><a name="[190]"></a>strchr</STRONG> (Thumb, 20 bytes, Stack size 0 bytes, strchr.o(.text))
<BR><BR>[Called By]<UL><LI><a href="#[18e]">&gt;&gt;</a>&nbsp;&nbsp;&nbsp;dns_makequery
</UL>

<P><STRONG><a name="[185]"></a>strlen</STRONG> (Thumb, 14 bytes, Stack size 0 bytes, strlen.o(.text))
<BR><BR>[Called By]<UL><LI><a href="#[14e]">&gt;&gt;</a>&nbsp;&nbsp;&nbsp;debug_printf
<LI><a href="#[18e]">&gt;&gt;</a>&nbsp;&nbsp;&nbsp;dns_makequery
</UL>

<P><STRONG><a name="[22a]"></a>__aeabi_uidiv</STRONG> (Thumb, 0 bytes, Stack size 12 bytes, uidiv.o(.text), UNUSED)

<P><STRONG><a name="[140]"></a>__aeabi_uidivmod</STRONG> (Thumb, 44 bytes, Stack size 12 bytes, uidiv.o(.text), UNUSED)
<BR><BR>[Called By]<UL><LI><a href="#[13a]">&gt;&gt;</a>&nbsp;&nbsp;&nbsp;_printf_core
</UL>

<P><STRONG><a name="[e3]"></a>__aeabi_llsl</STRONG> (Thumb, 30 bytes, Stack size 0 bytes, llshl.o(.text))
<BR><BR>[Called By]<UL><LI><a href="#[e9]">&gt;&gt;</a>&nbsp;&nbsp;&nbsp;_double_epilogue
<LI><a href="#[e7]">&gt;&gt;</a>&nbsp;&nbsp;&nbsp;__aeabi_dadd
<LI><a href="#[ef]">&gt;&gt;</a>&nbsp;&nbsp;&nbsp;__aeabi_d2ulz
<LI><a href="#[e1]">&gt;&gt;</a>&nbsp;&nbsp;&nbsp;__aeabi_uldivmod
</UL>

<P><STRONG><a name="[22b]"></a>_ll_shift_l</STRONG> (Thumb, 0 bytes, Stack size 0 bytes, llshl.o(.text), UNUSED)

<P><STRONG><a name="[e2]"></a>__aeabi_llsr</STRONG> (Thumb, 32 bytes, Stack size 0 bytes, llushr.o(.text))
<BR><BR>[Called By]<UL><LI><a href="#[e9]">&gt;&gt;</a>&nbsp;&nbsp;&nbsp;_double_epilogue
<LI><a href="#[ef]">&gt;&gt;</a>&nbsp;&nbsp;&nbsp;__aeabi_d2ulz
<LI><a href="#[e1]">&gt;&gt;</a>&nbsp;&nbsp;&nbsp;__aeabi_uldivmod
</UL>

<P><STRONG><a name="[22c]"></a>_ll_ushift_r</STRONG> (Thumb, 0 bytes, Stack size 0 bytes, llushr.o(.text), UNUSED)

<P><STRONG><a name="[22d]"></a>__I$use$fp</STRONG> (Thumb, 0 bytes, Stack size 48 bytes, iusefp.o(.text), UNUSED)

<P><STRONG><a name="[e7]"></a>__aeabi_dadd</STRONG> (Thumb, 322 bytes, Stack size 48 bytes, dadd.o(.text), UNUSED)
<BR><BR>[Calls]<UL><LI><a href="#[e8]">&gt;&gt;</a>&nbsp;&nbsp;&nbsp;__aeabi_lasr
<LI><a href="#[ea]">&gt;&gt;</a>&nbsp;&nbsp;&nbsp;_double_round
<LI><a href="#[e9]">&gt;&gt;</a>&nbsp;&nbsp;&nbsp;_double_epilogue
<LI><a href="#[e3]">&gt;&gt;</a>&nbsp;&nbsp;&nbsp;__aeabi_llsl
</UL>
<BR>[Called By]<UL><LI><a href="#[ec]">&gt;&gt;</a>&nbsp;&nbsp;&nbsp;__aeabi_drsub
<LI><a href="#[eb]">&gt;&gt;</a>&nbsp;&nbsp;&nbsp;__aeabi_dsub
<LI><a href="#[13c]">&gt;&gt;</a>&nbsp;&nbsp;&nbsp;_fp_digits
</UL>

<P><STRONG><a name="[eb]"></a>__aeabi_dsub</STRONG> (Thumb, 6 bytes, Stack size 0 bytes, dadd.o(.text), UNUSED)
<BR><BR>[Calls]<UL><LI><a href="#[e7]">&gt;&gt;</a>&nbsp;&nbsp;&nbsp;__aeabi_dadd
</UL>

<P><STRONG><a name="[ec]"></a>__aeabi_drsub</STRONG> (Thumb, 6 bytes, Stack size 0 bytes, dadd.o(.text), UNUSED)
<BR><BR>[Calls]<UL><LI><a href="#[e7]">&gt;&gt;</a>&nbsp;&nbsp;&nbsp;__aeabi_dadd
</UL>

<P><STRONG><a name="[ed]"></a>__aeabi_dmul</STRONG> (Thumb, 228 bytes, Stack size 48 bytes, dmul.o(.text), UNUSED)
<BR><BR>[Calls]<UL><LI><a href="#[e9]">&gt;&gt;</a>&nbsp;&nbsp;&nbsp;_double_epilogue
</UL>
<BR>[Called By]<UL><LI><a href="#[13c]">&gt;&gt;</a>&nbsp;&nbsp;&nbsp;_fp_digits
</UL>

<P><STRONG><a name="[ee]"></a>__aeabi_ddiv</STRONG> (Thumb, 222 bytes, Stack size 32 bytes, ddiv.o(.text), UNUSED)
<BR><BR>[Calls]<UL><LI><a href="#[ea]">&gt;&gt;</a>&nbsp;&nbsp;&nbsp;_double_round
</UL>
<BR>[Called By]<UL><LI><a href="#[13c]">&gt;&gt;</a>&nbsp;&nbsp;&nbsp;_fp_digits
</UL>

<P><STRONG><a name="[ef]"></a>__aeabi_d2ulz</STRONG> (Thumb, 48 bytes, Stack size 0 bytes, dfixul.o(.text), UNUSED)
<BR><BR>[Calls]<UL><LI><a href="#[e2]">&gt;&gt;</a>&nbsp;&nbsp;&nbsp;__aeabi_llsr
<LI><a href="#[e3]">&gt;&gt;</a>&nbsp;&nbsp;&nbsp;__aeabi_llsl
</UL>
<BR>[Called By]<UL><LI><a href="#[13c]">&gt;&gt;</a>&nbsp;&nbsp;&nbsp;_fp_digits
</UL>

<P><STRONG><a name="[13d]"></a>__aeabi_cdrcmple</STRONG> (Thumb, 48 bytes, Stack size 0 bytes, cdrcmple.o(.text), UNUSED)
<BR><BR>[Called By]<UL><LI><a href="#[13c]">&gt;&gt;</a>&nbsp;&nbsp;&nbsp;_fp_digits
</UL>

<P><STRONG><a name="[df]"></a>__scatterload</STRONG> (Thumb, 28 bytes, Stack size 0 bytes, init.o(.text))
<BR><BR>[Calls]<UL><LI><a href="#[f0]">&gt;&gt;</a>&nbsp;&nbsp;&nbsp;__main_after_scatterload
</UL>
<BR>[Called By]<UL><LI><a href="#[de]">&gt;&gt;</a>&nbsp;&nbsp;&nbsp;_main_scatterload
</UL>

<P><STRONG><a name="[22e]"></a>__scatterload_rt2</STRONG> (Thumb, 0 bytes, Stack size 0 bytes, init.o(.text), UNUSED)

<P><STRONG><a name="[e8]"></a>__aeabi_lasr</STRONG> (Thumb, 36 bytes, Stack size 0 bytes, llsshr.o(.text), UNUSED)
<BR><BR>[Called By]<UL><LI><a href="#[e7]">&gt;&gt;</a>&nbsp;&nbsp;&nbsp;__aeabi_dadd
</UL>

<P><STRONG><a name="[22f]"></a>_ll_sshift_r</STRONG> (Thumb, 0 bytes, Stack size 0 bytes, llsshr.o(.text), UNUSED)

<P><STRONG><a name="[ea]"></a>_double_round</STRONG> (Thumb, 30 bytes, Stack size 8 bytes, depilogue.o(.text), UNUSED)
<BR><BR>[Called By]<UL><LI><a href="#[e9]">&gt;&gt;</a>&nbsp;&nbsp;&nbsp;_double_epilogue
<LI><a href="#[ee]">&gt;&gt;</a>&nbsp;&nbsp;&nbsp;__aeabi_ddiv
<LI><a href="#[e7]">&gt;&gt;</a>&nbsp;&nbsp;&nbsp;__aeabi_dadd
</UL>

<P><STRONG><a name="[e9]"></a>_double_epilogue</STRONG> (Thumb, 156 bytes, Stack size 32 bytes, depilogue.o(.text), UNUSED)
<BR><BR>[Calls]<UL><LI><a href="#[ea]">&gt;&gt;</a>&nbsp;&nbsp;&nbsp;_double_round
<LI><a href="#[e2]">&gt;&gt;</a>&nbsp;&nbsp;&nbsp;__aeabi_llsr
<LI><a href="#[e3]">&gt;&gt;</a>&nbsp;&nbsp;&nbsp;__aeabi_llsl
</UL>
<BR>[Called By]<UL><LI><a href="#[ed]">&gt;&gt;</a>&nbsp;&nbsp;&nbsp;__aeabi_dmul
<LI><a href="#[e7]">&gt;&gt;</a>&nbsp;&nbsp;&nbsp;__aeabi_dadd
</UL>

<P><STRONG><a name="[230]"></a>__decompress</STRONG> (Thumb, 0 bytes, Stack size unknown bytes, __dczerorl2.o(.text), UNUSED)

<P><STRONG><a name="[231]"></a>__decompress1</STRONG> (Thumb, 86 bytes, Stack size unknown bytes, __dczerorl2.o(.text), UNUSED)

<P><STRONG><a name="[11]"></a>BusFault_Handler</STRONG> (Thumb, 8 bytes, Stack size 8 bytes, hc32f46x_interrupts.o(i.BusFault_Handler))
<BR><BR>[Stack]<UL><LI>Max Depth = 8<LI>Call Chain = BusFault_Handler
</UL>
<BR>[Address Reference Count : 1]<UL><LI> startup_hc32f46x.o(RESET)
</UL>
<P><STRONG><a name="[f3]"></a>CLK_GetFlagStatus</STRONG> (Thumb, 152 bytes, Stack size 16 bytes, hc32f46x_clk.o(i.CLK_GetFlagStatus))
<BR><BR>[Stack]<UL><LI>Max Depth = 40<LI>Call Chain = CLK_GetFlagStatus &rArr; Ddl_AssertHandler &rArr; __2printf
</UL>
<BR>[Calls]<UL><LI><a href="#[dd]">&gt;&gt;</a>&nbsp;&nbsp;&nbsp;Ddl_AssertHandler
</UL>
<BR>[Called By]<UL><LI><a href="#[fc]">&gt;&gt;</a>&nbsp;&nbsp;&nbsp;CLK_XtalCmd
<LI><a href="#[f5]">&gt;&gt;</a>&nbsp;&nbsp;&nbsp;CLK_MpllCmd
<LI><a href="#[f4]">&gt;&gt;</a>&nbsp;&nbsp;&nbsp;CLK_HrcCmd
<LI><a href="#[208]">&gt;&gt;</a>&nbsp;&nbsp;&nbsp;system_clk_init
</UL>

<P><STRONG><a name="[f4]"></a>CLK_HrcCmd</STRONG> (Thumb, 200 bytes, Stack size 24 bytes, hc32f46x_clk.o(i.CLK_HrcCmd))
<BR><BR>[Stack]<UL><LI>Max Depth = 64<LI>Call Chain = CLK_HrcCmd &rArr; CLK_GetFlagStatus &rArr; Ddl_AssertHandler &rArr; __2printf
</UL>
<BR>[Calls]<UL><LI><a href="#[f3]">&gt;&gt;</a>&nbsp;&nbsp;&nbsp;CLK_GetFlagStatus
<LI><a href="#[dd]">&gt;&gt;</a>&nbsp;&nbsp;&nbsp;Ddl_AssertHandler
</UL>
<BR>[Called By]<UL><LI><a href="#[208]">&gt;&gt;</a>&nbsp;&nbsp;&nbsp;system_clk_init
</UL>

<P><STRONG><a name="[f5]"></a>CLK_MpllCmd</STRONG> (Thumb, 156 bytes, Stack size 24 bytes, hc32f46x_clk.o(i.CLK_MpllCmd))
<BR><BR>[Stack]<UL><LI>Max Depth = 64<LI>Call Chain = CLK_MpllCmd &rArr; CLK_GetFlagStatus &rArr; Ddl_AssertHandler &rArr; __2printf
</UL>
<BR>[Calls]<UL><LI><a href="#[f3]">&gt;&gt;</a>&nbsp;&nbsp;&nbsp;CLK_GetFlagStatus
<LI><a href="#[dd]">&gt;&gt;</a>&nbsp;&nbsp;&nbsp;Ddl_AssertHandler
</UL>
<BR>[Called By]<UL><LI><a href="#[208]">&gt;&gt;</a>&nbsp;&nbsp;&nbsp;system_clk_init
</UL>

<P><STRONG><a name="[f6]"></a>CLK_MpllConfig</STRONG> (Thumb, 372 bytes, Stack size 16 bytes, hc32f46x_clk.o(i.CLK_MpllConfig))
<BR><BR>[Stack]<UL><LI>Max Depth = 40<LI>Call Chain = CLK_MpllConfig &rArr; Ddl_AssertHandler &rArr; __2printf
</UL>
<BR>[Calls]<UL><LI><a href="#[dd]">&gt;&gt;</a>&nbsp;&nbsp;&nbsp;Ddl_AssertHandler
</UL>
<BR>[Called By]<UL><LI><a href="#[208]">&gt;&gt;</a>&nbsp;&nbsp;&nbsp;system_clk_init
</UL>

<P><STRONG><a name="[f7]"></a>CLK_SetPllSource</STRONG> (Thumb, 80 bytes, Stack size 8 bytes, hc32f46x_clk.o(i.CLK_SetPllSource))
<BR><BR>[Stack]<UL><LI>Max Depth = 32<LI>Call Chain = CLK_SetPllSource &rArr; Ddl_AssertHandler &rArr; __2printf
</UL>
<BR>[Calls]<UL><LI><a href="#[dd]">&gt;&gt;</a>&nbsp;&nbsp;&nbsp;Ddl_AssertHandler
</UL>
<BR>[Called By]<UL><LI><a href="#[208]">&gt;&gt;</a>&nbsp;&nbsp;&nbsp;system_clk_init
</UL>

<P><STRONG><a name="[f8]"></a>CLK_SetSysClkSource</STRONG> (Thumb, 240 bytes, Stack size 32 bytes, hc32f46x_clk.o(i.CLK_SetSysClkSource))
<BR><BR>[Stack]<UL><LI>Max Depth = 56<LI>Call Chain = CLK_SetSysClkSource &rArr; Ddl_AssertHandler &rArr; __2printf
</UL>
<BR>[Calls]<UL><LI><a href="#[f9]">&gt;&gt;</a>&nbsp;&nbsp;&nbsp;SystemCoreClockUpdate
<LI><a href="#[dd]">&gt;&gt;</a>&nbsp;&nbsp;&nbsp;Ddl_AssertHandler
</UL>
<BR>[Called By]<UL><LI><a href="#[208]">&gt;&gt;</a>&nbsp;&nbsp;&nbsp;system_clk_init
</UL>

<P><STRONG><a name="[fa]"></a>CLK_SysClkConfig</STRONG> (Thumb, 366 bytes, Stack size 32 bytes, hc32f46x_clk.o(i.CLK_SysClkConfig))
<BR><BR>[Stack]<UL><LI>Max Depth = 56<LI>Call Chain = CLK_SysClkConfig &rArr; Ddl_AssertHandler &rArr; __2printf
</UL>
<BR>[Calls]<UL><LI><a href="#[dd]">&gt;&gt;</a>&nbsp;&nbsp;&nbsp;Ddl_AssertHandler
</UL>
<BR>[Called By]<UL><LI><a href="#[208]">&gt;&gt;</a>&nbsp;&nbsp;&nbsp;system_clk_init
</UL>

<P><STRONG><a name="[fb]"></a>CLK_Xtal32Cmd</STRONG> (Thumb, 142 bytes, Stack size 16 bytes, hc32f46x_clk.o(i.CLK_Xtal32Cmd))
<BR><BR>[Stack]<UL><LI>Max Depth = 40<LI>Call Chain = CLK_Xtal32Cmd &rArr; Ddl_AssertHandler &rArr; __2printf
</UL>
<BR>[Calls]<UL><LI><a href="#[dd]">&gt;&gt;</a>&nbsp;&nbsp;&nbsp;Ddl_AssertHandler
</UL>
<BR>[Called By]<UL><LI><a href="#[1d5]">&gt;&gt;</a>&nbsp;&nbsp;&nbsp;logic_control_time_int
</UL>

<P><STRONG><a name="[fc]"></a>CLK_XtalCmd</STRONG> (Thumb, 224 bytes, Stack size 24 bytes, hc32f46x_clk.o(i.CLK_XtalCmd))
<BR><BR>[Stack]<UL><LI>Max Depth = 64<LI>Call Chain = CLK_XtalCmd &rArr; CLK_GetFlagStatus &rArr; Ddl_AssertHandler &rArr; __2printf
</UL>
<BR>[Calls]<UL><LI><a href="#[f3]">&gt;&gt;</a>&nbsp;&nbsp;&nbsp;CLK_GetFlagStatus
<LI><a href="#[dd]">&gt;&gt;</a>&nbsp;&nbsp;&nbsp;Ddl_AssertHandler
</UL>
<BR>[Called By]<UL><LI><a href="#[208]">&gt;&gt;</a>&nbsp;&nbsp;&nbsp;system_clk_init
</UL>

<P><STRONG><a name="[20b]"></a>CLK_XtalConfig</STRONG> (Thumb, 92 bytes, Stack size 0 bytes, hc32f46x_clk.o(i.CLK_XtalConfig))
<BR><BR>[Called By]<UL><LI><a href="#[208]">&gt;&gt;</a>&nbsp;&nbsp;&nbsp;system_clk_init
</UL>

<P><STRONG><a name="[fd]"></a>DHCP_init</STRONG> (Thumb, 150 bytes, Stack size 16 bytes, dhcp.o(i.DHCP_init))
<BR><BR>[Stack]<UL><LI>Max Depth = 40<LI>Call Chain = DHCP_init &rArr; WIZCHIP_READ_BUF
</UL>
<BR>[Calls]<UL><LI><a href="#[fe]">&gt;&gt;</a>&nbsp;&nbsp;&nbsp;WIZCHIP_READ_BUF
<LI><a href="#[ff]">&gt;&gt;</a>&nbsp;&nbsp;&nbsp;WIZCHIP_WRITE_BUF
<LI><a href="#[100]">&gt;&gt;</a>&nbsp;&nbsp;&nbsp;reset_DHCP_timeout
</UL>
<BR>[Called By]<UL><LI><a href="#[199]">&gt;&gt;</a>&nbsp;&nbsp;&nbsp;w5500_init
</UL>

<P><STRONG><a name="[101]"></a>DHCP_run</STRONG> (Thumb, 424 bytes, Stack size 16 bytes, dhcp.o(i.DHCP_run))
<BR><BR>[Stack]<UL><LI>Max Depth = 152<LI>Call Chain = DHCP_run &rArr; parseDHCPMSG &rArr; recvfrom &rArr; wiz_recv_data &rArr; WIZCHIP_READ_BUF
</UL>
<BR>[Calls]<UL><LI><a href="#[103]">&gt;&gt;</a>&nbsp;&nbsp;&nbsp;socket
<LI><a href="#[102]">&gt;&gt;</a>&nbsp;&nbsp;&nbsp;WIZCHIP_READ
<LI><a href="#[106]">&gt;&gt;</a>&nbsp;&nbsp;&nbsp;send_DHCP_REQUEST
<LI><a href="#[105]">&gt;&gt;</a>&nbsp;&nbsp;&nbsp;send_DHCP_DISCOVER
<LI><a href="#[100]">&gt;&gt;</a>&nbsp;&nbsp;&nbsp;reset_DHCP_timeout
<LI><a href="#[104]">&gt;&gt;</a>&nbsp;&nbsp;&nbsp;parseDHCPMSG
<LI><a href="#[107]">&gt;&gt;</a>&nbsp;&nbsp;&nbsp;check_DHCP_timeout
<LI><a href="#[108]">&gt;&gt;</a>&nbsp;&nbsp;&nbsp;check_DHCP_leasedIP
</UL>
<BR>[Called By]<UL><LI><a href="#[d8]">&gt;&gt;</a>&nbsp;&nbsp;&nbsp;ethernet_run
</UL>

<P><STRONG><a name="[d9]"></a>DHCP_time_handler</STRONG> (Thumb, 12 bytes, Stack size 0 bytes, dhcp.o(i.DHCP_time_handler), UNUSED, KEPT)

<P><STRONG><a name="[dd]"></a>Ddl_AssertHandler</STRONG> (Thumb, 18 bytes, Stack size 0 bytes, hc32f46x_utility.o(i.Ddl_AssertHandler))
<BR><BR>[Stack]<UL><LI>Max Depth = 24<LI>Call Chain = Ddl_AssertHandler &rArr; __2printf
</UL>
<BR>[Calls]<UL><LI><a href="#[109]">&gt;&gt;</a>&nbsp;&nbsp;&nbsp;__2printf
</UL>
<BR>[Called By]<UL><LI><a href="#[10f]">&gt;&gt;</a>&nbsp;&nbsp;&nbsp;EFM_SetLatency
<LI><a href="#[fc]">&gt;&gt;</a>&nbsp;&nbsp;&nbsp;CLK_XtalCmd
<LI><a href="#[fa]">&gt;&gt;</a>&nbsp;&nbsp;&nbsp;CLK_SysClkConfig
<LI><a href="#[f8]">&gt;&gt;</a>&nbsp;&nbsp;&nbsp;CLK_SetSysClkSource
<LI><a href="#[f7]">&gt;&gt;</a>&nbsp;&nbsp;&nbsp;CLK_SetPllSource
<LI><a href="#[f6]">&gt;&gt;</a>&nbsp;&nbsp;&nbsp;CLK_MpllConfig
<LI><a href="#[f5]">&gt;&gt;</a>&nbsp;&nbsp;&nbsp;CLK_MpllCmd
<LI><a href="#[f4]">&gt;&gt;</a>&nbsp;&nbsp;&nbsp;CLK_HrcCmd
<LI><a href="#[f3]">&gt;&gt;</a>&nbsp;&nbsp;&nbsp;CLK_GetFlagStatus
<LI><a href="#[117]">&gt;&gt;</a>&nbsp;&nbsp;&nbsp;PORT_SetBits
<LI><a href="#[116]">&gt;&gt;</a>&nbsp;&nbsp;&nbsp;PORT_ResetBits
<LI><a href="#[115]">&gt;&gt;</a>&nbsp;&nbsp;&nbsp;PORT_Init
<LI><a href="#[114]">&gt;&gt;</a>&nbsp;&nbsp;&nbsp;PORT_GetBit
<LI><a href="#[111]">&gt;&gt;</a>&nbsp;&nbsp;&nbsp;PORT_DebugPortSetting
<LI><a href="#[195]">&gt;&gt;</a>&nbsp;&nbsp;&nbsp;enIrqRegistration
<LI><a href="#[138]">&gt;&gt;</a>&nbsp;&nbsp;&nbsp;WDT_Init
<LI><a href="#[12a]">&gt;&gt;</a>&nbsp;&nbsp;&nbsp;TIMER0_IntCmd
<LI><a href="#[129]">&gt;&gt;</a>&nbsp;&nbsp;&nbsp;TIMER0_Cmd
<LI><a href="#[128]">&gt;&gt;</a>&nbsp;&nbsp;&nbsp;TIMER0_BaseInit
<LI><a href="#[11b]">&gt;&gt;</a>&nbsp;&nbsp;&nbsp;PWC_Fcg2PeriphClockCmd
<LI><a href="#[fb]">&gt;&gt;</a>&nbsp;&nbsp;&nbsp;CLK_Xtal32Cmd
<LI><a href="#[110]">&gt;&gt;</a>&nbsp;&nbsp;&nbsp;EFM_SingleProgram
<LI><a href="#[10d]">&gt;&gt;</a>&nbsp;&nbsp;&nbsp;EFM_SectorErase
<LI><a href="#[10c]">&gt;&gt;</a>&nbsp;&nbsp;&nbsp;EFM_GetFlagStatus
<LI><a href="#[10b]">&gt;&gt;</a>&nbsp;&nbsp;&nbsp;EFM_FlashCmd
<LI><a href="#[132]">&gt;&gt;</a>&nbsp;&nbsp;&nbsp;USART_RecData
<LI><a href="#[122]">&gt;&gt;</a>&nbsp;&nbsp;&nbsp;SPI_ReceiveData8
<LI><a href="#[11f]">&gt;&gt;</a>&nbsp;&nbsp;&nbsp;SPI_Init
<LI><a href="#[120]">&gt;&gt;</a>&nbsp;&nbsp;&nbsp;SPI_GetFlag
<LI><a href="#[11c]">&gt;&gt;</a>&nbsp;&nbsp;&nbsp;SPI_Cmd
<LI><a href="#[11a]">&gt;&gt;</a>&nbsp;&nbsp;&nbsp;PWC_Fcg1PeriphClockCmd
<LI><a href="#[118]">&gt;&gt;</a>&nbsp;&nbsp;&nbsp;PORT_SetFunc
<LI><a href="#[135]">&gt;&gt;</a>&nbsp;&nbsp;&nbsp;USART_UART_Init
<LI><a href="#[133]">&gt;&gt;</a>&nbsp;&nbsp;&nbsp;USART_SendData
<LI><a href="#[131]">&gt;&gt;</a>&nbsp;&nbsp;&nbsp;USART_GetStatus
<LI><a href="#[130]">&gt;&gt;</a>&nbsp;&nbsp;&nbsp;Timer6_StartCount
<LI><a href="#[12f]">&gt;&gt;</a>&nbsp;&nbsp;&nbsp;Timer6_SetTriggerSrc0
<LI><a href="#[12e]">&gt;&gt;</a>&nbsp;&nbsp;&nbsp;Timer6_SetPeriod
<LI><a href="#[12c]">&gt;&gt;</a>&nbsp;&nbsp;&nbsp;Timer6_Init
<LI><a href="#[12b]">&gt;&gt;</a>&nbsp;&nbsp;&nbsp;Timer6_ConfigIrq
<LI><a href="#[119]">&gt;&gt;</a>&nbsp;&nbsp;&nbsp;PWC_Fcg0PeriphClockCmd
<LI><a href="#[f2]">&gt;&gt;</a>&nbsp;&nbsp;&nbsp;TIMER0_GetClkMode
<LI><a href="#[124]">&gt;&gt;</a>&nbsp;&nbsp;&nbsp;UsartGetClk
<LI><a href="#[10a]">&gt;&gt;</a>&nbsp;&nbsp;&nbsp;EFM_ErasePgmCmd
</UL>

<P><STRONG><a name="[14]"></a>DebugMon_Handler</STRONG> (Thumb, 8 bytes, Stack size 8 bytes, hc32f46x_interrupts.o(i.DebugMon_Handler))
<BR><BR>[Stack]<UL><LI>Max Depth = 8<LI>Call Chain = DebugMon_Handler
</UL>
<BR>[Address Reference Count : 1]<UL><LI> startup_hc32f46x.o(RESET)
</UL>
<P><STRONG><a name="[1a6]"></a>DebugOutput</STRONG> (Thumb, 20 bytes, Stack size 0 bytes, hc32f46x_utility.o(i.DebugOutput))
<BR><BR>[Called By]<UL><LI><a href="#[aa]">&gt;&gt;</a>&nbsp;&nbsp;&nbsp;fputc
</UL>

<P><STRONG><a name="[10e]"></a>EFM_ClearFlag</STRONG> (Thumb, 6 bytes, Stack size 0 bytes, hc32f46x_efm.o(i.EFM_ClearFlag))
<BR><BR>[Called By]<UL><LI><a href="#[110]">&gt;&gt;</a>&nbsp;&nbsp;&nbsp;EFM_SingleProgram
<LI><a href="#[10d]">&gt;&gt;</a>&nbsp;&nbsp;&nbsp;EFM_SectorErase
</UL>

<P><STRONG><a name="[10a]"></a>EFM_ErasePgmCmd</STRONG> (Thumb, 40 bytes, Stack size 8 bytes, hc32f46x_efm.o(i.EFM_ErasePgmCmd))
<BR><BR>[Stack]<UL><LI>Max Depth = 32<LI>Call Chain = EFM_ErasePgmCmd &rArr; Ddl_AssertHandler &rArr; __2printf
</UL>
<BR>[Calls]<UL><LI><a href="#[dd]">&gt;&gt;</a>&nbsp;&nbsp;&nbsp;Ddl_AssertHandler
</UL>
<BR>[Called By]<UL><LI><a href="#[110]">&gt;&gt;</a>&nbsp;&nbsp;&nbsp;EFM_SingleProgram
<LI><a href="#[10d]">&gt;&gt;</a>&nbsp;&nbsp;&nbsp;EFM_SectorErase
</UL>

<P><STRONG><a name="[10b]"></a>EFM_FlashCmd</STRONG> (Thumb, 48 bytes, Stack size 8 bytes, hc32f46x_efm.o(i.EFM_FlashCmd))
<BR><BR>[Stack]<UL><LI>Max Depth = 32<LI>Call Chain = EFM_FlashCmd &rArr; Ddl_AssertHandler &rArr; __2printf
</UL>
<BR>[Calls]<UL><LI><a href="#[dd]">&gt;&gt;</a>&nbsp;&nbsp;&nbsp;Ddl_AssertHandler
</UL>
<BR>[Called By]<UL><LI><a href="#[143]">&gt;&gt;</a>&nbsp;&nbsp;&nbsp;boot_mark_set
<LI><a href="#[1a4]">&gt;&gt;</a>&nbsp;&nbsp;&nbsp;flash_write
<LI><a href="#[1a3]">&gt;&gt;</a>&nbsp;&nbsp;&nbsp;flash_erase
<LI><a href="#[1a5]">&gt;&gt;</a>&nbsp;&nbsp;&nbsp;flash_write_data
</UL>

<P><STRONG><a name="[10c]"></a>EFM_GetFlagStatus</STRONG> (Thumb, 66 bytes, Stack size 8 bytes, hc32f46x_efm.o(i.EFM_GetFlagStatus))
<BR><BR>[Stack]<UL><LI>Max Depth = 32<LI>Call Chain = EFM_GetFlagStatus &rArr; Ddl_AssertHandler &rArr; __2printf
</UL>
<BR>[Calls]<UL><LI><a href="#[dd]">&gt;&gt;</a>&nbsp;&nbsp;&nbsp;Ddl_AssertHandler
</UL>
<BR>[Called By]<UL><LI><a href="#[143]">&gt;&gt;</a>&nbsp;&nbsp;&nbsp;boot_mark_set
<LI><a href="#[1a4]">&gt;&gt;</a>&nbsp;&nbsp;&nbsp;flash_write
<LI><a href="#[1a3]">&gt;&gt;</a>&nbsp;&nbsp;&nbsp;flash_erase
<LI><a href="#[1a5]">&gt;&gt;</a>&nbsp;&nbsp;&nbsp;flash_write_data
</UL>

<P><STRONG><a name="[146]"></a>EFM_Lock</STRONG> (Thumb, 20 bytes, Stack size 0 bytes, hc32f46x_efm.o(i.EFM_Lock))
<BR><BR>[Called By]<UL><LI><a href="#[208]">&gt;&gt;</a>&nbsp;&nbsp;&nbsp;system_clk_init
<LI><a href="#[143]">&gt;&gt;</a>&nbsp;&nbsp;&nbsp;boot_mark_set
<LI><a href="#[1a4]">&gt;&gt;</a>&nbsp;&nbsp;&nbsp;flash_write
<LI><a href="#[1a3]">&gt;&gt;</a>&nbsp;&nbsp;&nbsp;flash_erase
<LI><a href="#[1a5]">&gt;&gt;</a>&nbsp;&nbsp;&nbsp;flash_write_data
</UL>

<P><STRONG><a name="[10d]"></a>EFM_SectorErase</STRONG> (Thumb, 164 bytes, Stack size 24 bytes, hc32f46x_efm.o(i.EFM_SectorErase))
<BR><BR>[Stack]<UL><LI>Max Depth = 56<LI>Call Chain = EFM_SectorErase &rArr; EFM_ErasePgmCmd &rArr; Ddl_AssertHandler &rArr; __2printf
</UL>
<BR>[Calls]<UL><LI><a href="#[10a]">&gt;&gt;</a>&nbsp;&nbsp;&nbsp;EFM_ErasePgmCmd
<LI><a href="#[10e]">&gt;&gt;</a>&nbsp;&nbsp;&nbsp;EFM_ClearFlag
<LI><a href="#[dd]">&gt;&gt;</a>&nbsp;&nbsp;&nbsp;Ddl_AssertHandler
</UL>
<BR>[Called By]<UL><LI><a href="#[143]">&gt;&gt;</a>&nbsp;&nbsp;&nbsp;boot_mark_set
<LI><a href="#[1a3]">&gt;&gt;</a>&nbsp;&nbsp;&nbsp;flash_erase
<LI><a href="#[1a5]">&gt;&gt;</a>&nbsp;&nbsp;&nbsp;flash_write_data
</UL>

<P><STRONG><a name="[10f]"></a>EFM_SetLatency</STRONG> (Thumb, 94 bytes, Stack size 8 bytes, hc32f46x_efm.o(i.EFM_SetLatency))
<BR><BR>[Stack]<UL><LI>Max Depth = 32<LI>Call Chain = EFM_SetLatency &rArr; Ddl_AssertHandler &rArr; __2printf
</UL>
<BR>[Calls]<UL><LI><a href="#[dd]">&gt;&gt;</a>&nbsp;&nbsp;&nbsp;Ddl_AssertHandler
</UL>
<BR>[Called By]<UL><LI><a href="#[208]">&gt;&gt;</a>&nbsp;&nbsp;&nbsp;system_clk_init
</UL>

<P><STRONG><a name="[110]"></a>EFM_SingleProgram</STRONG> (Thumb, 178 bytes, Stack size 24 bytes, hc32f46x_efm.o(i.EFM_SingleProgram))
<BR><BR>[Stack]<UL><LI>Max Depth = 56<LI>Call Chain = EFM_SingleProgram &rArr; EFM_ErasePgmCmd &rArr; Ddl_AssertHandler &rArr; __2printf
</UL>
<BR>[Calls]<UL><LI><a href="#[10a]">&gt;&gt;</a>&nbsp;&nbsp;&nbsp;EFM_ErasePgmCmd
<LI><a href="#[10e]">&gt;&gt;</a>&nbsp;&nbsp;&nbsp;EFM_ClearFlag
<LI><a href="#[dd]">&gt;&gt;</a>&nbsp;&nbsp;&nbsp;Ddl_AssertHandler
</UL>
<BR>[Called By]<UL><LI><a href="#[143]">&gt;&gt;</a>&nbsp;&nbsp;&nbsp;boot_mark_set
<LI><a href="#[1a4]">&gt;&gt;</a>&nbsp;&nbsp;&nbsp;flash_write
<LI><a href="#[1a5]">&gt;&gt;</a>&nbsp;&nbsp;&nbsp;flash_write_data
</UL>

<P><STRONG><a name="[145]"></a>EFM_Unlock</STRONG> (Thumb, 16 bytes, Stack size 0 bytes, hc32f46x_efm.o(i.EFM_Unlock))
<BR><BR>[Called By]<UL><LI><a href="#[208]">&gt;&gt;</a>&nbsp;&nbsp;&nbsp;system_clk_init
<LI><a href="#[143]">&gt;&gt;</a>&nbsp;&nbsp;&nbsp;boot_mark_set
<LI><a href="#[1a4]">&gt;&gt;</a>&nbsp;&nbsp;&nbsp;flash_write
<LI><a href="#[1a3]">&gt;&gt;</a>&nbsp;&nbsp;&nbsp;flash_erase
<LI><a href="#[1a5]">&gt;&gt;</a>&nbsp;&nbsp;&nbsp;flash_write_data
</UL>

<P><STRONG><a name="[f]"></a>HardFault_Handler</STRONG> (Thumb, 8 bytes, Stack size 8 bytes, hc32f46x_interrupts.o(i.HardFault_Handler))
<BR><BR>[Stack]<UL><LI>Max Depth = 8<LI>Call Chain = HardFault_Handler
</UL>
<BR>[Address Reference Count : 1]<UL><LI> startup_hc32f46x.o(RESET)
</UL>
<P><STRONG><a name="[17]"></a>IRQ000_Handler</STRONG> (Thumb, 16 bytes, Stack size 8 bytes, hc32f46x_interrupts.o(i.IRQ000_Handler))
<BR><BR>[Stack]<UL><LI>Max Depth = 8<LI>Call Chain = IRQ000_Handler
</UL>
<BR>[Address Reference Count : 1]<UL><LI> startup_hc32f46x.o(RESET)
</UL>
<P><STRONG><a name="[18]"></a>IRQ001_Handler</STRONG> (Thumb, 16 bytes, Stack size 8 bytes, hc32f46x_interrupts.o(i.IRQ001_Handler))
<BR><BR>[Stack]<UL><LI>Max Depth = 8<LI>Call Chain = IRQ001_Handler
</UL>
<BR>[Address Reference Count : 1]<UL><LI> startup_hc32f46x.o(RESET)
</UL>
<P><STRONG><a name="[19]"></a>IRQ002_Handler</STRONG> (Thumb, 16 bytes, Stack size 8 bytes, hc32f46x_interrupts.o(i.IRQ002_Handler))
<BR><BR>[Stack]<UL><LI>Max Depth = 8<LI>Call Chain = IRQ002_Handler
</UL>
<BR>[Address Reference Count : 1]<UL><LI> startup_hc32f46x.o(RESET)
</UL>
<P><STRONG><a name="[1a]"></a>IRQ003_Handler</STRONG> (Thumb, 16 bytes, Stack size 8 bytes, hc32f46x_interrupts.o(i.IRQ003_Handler))
<BR><BR>[Stack]<UL><LI>Max Depth = 8<LI>Call Chain = IRQ003_Handler
</UL>
<BR>[Address Reference Count : 1]<UL><LI> startup_hc32f46x.o(RESET)
</UL>
<P><STRONG><a name="[1b]"></a>IRQ004_Handler</STRONG> (Thumb, 16 bytes, Stack size 8 bytes, hc32f46x_interrupts.o(i.IRQ004_Handler))
<BR><BR>[Stack]<UL><LI>Max Depth = 8<LI>Call Chain = IRQ004_Handler
</UL>
<BR>[Address Reference Count : 1]<UL><LI> startup_hc32f46x.o(RESET)
</UL>
<P><STRONG><a name="[1c]"></a>IRQ005_Handler</STRONG> (Thumb, 16 bytes, Stack size 8 bytes, hc32f46x_interrupts.o(i.IRQ005_Handler))
<BR><BR>[Stack]<UL><LI>Max Depth = 8<LI>Call Chain = IRQ005_Handler
</UL>
<BR>[Address Reference Count : 1]<UL><LI> startup_hc32f46x.o(RESET)
</UL>
<P><STRONG><a name="[1d]"></a>IRQ006_Handler</STRONG> (Thumb, 16 bytes, Stack size 8 bytes, hc32f46x_interrupts.o(i.IRQ006_Handler))
<BR><BR>[Stack]<UL><LI>Max Depth = 8<LI>Call Chain = IRQ006_Handler
</UL>
<BR>[Address Reference Count : 1]<UL><LI> startup_hc32f46x.o(RESET)
</UL>
<P><STRONG><a name="[1e]"></a>IRQ007_Handler</STRONG> (Thumb, 16 bytes, Stack size 8 bytes, hc32f46x_interrupts.o(i.IRQ007_Handler))
<BR><BR>[Stack]<UL><LI>Max Depth = 8<LI>Call Chain = IRQ007_Handler
</UL>
<BR>[Address Reference Count : 1]<UL><LI> startup_hc32f46x.o(RESET)
</UL>
<P><STRONG><a name="[1f]"></a>IRQ008_Handler</STRONG> (Thumb, 16 bytes, Stack size 8 bytes, hc32f46x_interrupts.o(i.IRQ008_Handler))
<BR><BR>[Stack]<UL><LI>Max Depth = 8<LI>Call Chain = IRQ008_Handler
</UL>
<BR>[Address Reference Count : 1]<UL><LI> startup_hc32f46x.o(RESET)
</UL>
<P><STRONG><a name="[20]"></a>IRQ009_Handler</STRONG> (Thumb, 16 bytes, Stack size 8 bytes, hc32f46x_interrupts.o(i.IRQ009_Handler))
<BR><BR>[Stack]<UL><LI>Max Depth = 8<LI>Call Chain = IRQ009_Handler
</UL>
<BR>[Address Reference Count : 1]<UL><LI> startup_hc32f46x.o(RESET)
</UL>
<P><STRONG><a name="[21]"></a>IRQ010_Handler</STRONG> (Thumb, 16 bytes, Stack size 8 bytes, hc32f46x_interrupts.o(i.IRQ010_Handler))
<BR><BR>[Stack]<UL><LI>Max Depth = 8<LI>Call Chain = IRQ010_Handler
</UL>
<BR>[Address Reference Count : 1]<UL><LI> startup_hc32f46x.o(RESET)
</UL>
<P><STRONG><a name="[22]"></a>IRQ011_Handler</STRONG> (Thumb, 16 bytes, Stack size 8 bytes, hc32f46x_interrupts.o(i.IRQ011_Handler))
<BR><BR>[Stack]<UL><LI>Max Depth = 8<LI>Call Chain = IRQ011_Handler
</UL>
<BR>[Address Reference Count : 1]<UL><LI> startup_hc32f46x.o(RESET)
</UL>
<P><STRONG><a name="[23]"></a>IRQ012_Handler</STRONG> (Thumb, 16 bytes, Stack size 8 bytes, hc32f46x_interrupts.o(i.IRQ012_Handler))
<BR><BR>[Stack]<UL><LI>Max Depth = 8<LI>Call Chain = IRQ012_Handler
</UL>
<BR>[Address Reference Count : 1]<UL><LI> startup_hc32f46x.o(RESET)
</UL>
<P><STRONG><a name="[24]"></a>IRQ013_Handler</STRONG> (Thumb, 16 bytes, Stack size 8 bytes, hc32f46x_interrupts.o(i.IRQ013_Handler))
<BR><BR>[Stack]<UL><LI>Max Depth = 8<LI>Call Chain = IRQ013_Handler
</UL>
<BR>[Address Reference Count : 1]<UL><LI> startup_hc32f46x.o(RESET)
</UL>
<P><STRONG><a name="[25]"></a>IRQ014_Handler</STRONG> (Thumb, 16 bytes, Stack size 8 bytes, hc32f46x_interrupts.o(i.IRQ014_Handler))
<BR><BR>[Stack]<UL><LI>Max Depth = 8<LI>Call Chain = IRQ014_Handler
</UL>
<BR>[Address Reference Count : 1]<UL><LI> startup_hc32f46x.o(RESET)
</UL>
<P><STRONG><a name="[26]"></a>IRQ015_Handler</STRONG> (Thumb, 16 bytes, Stack size 8 bytes, hc32f46x_interrupts.o(i.IRQ015_Handler))
<BR><BR>[Stack]<UL><LI>Max Depth = 8<LI>Call Chain = IRQ015_Handler
</UL>
<BR>[Address Reference Count : 1]<UL><LI> startup_hc32f46x.o(RESET)
</UL>
<P><STRONG><a name="[27]"></a>IRQ016_Handler</STRONG> (Thumb, 16 bytes, Stack size 8 bytes, hc32f46x_interrupts.o(i.IRQ016_Handler))
<BR><BR>[Stack]<UL><LI>Max Depth = 8<LI>Call Chain = IRQ016_Handler
</UL>
<BR>[Address Reference Count : 1]<UL><LI> startup_hc32f46x.o(RESET)
</UL>
<P><STRONG><a name="[28]"></a>IRQ017_Handler</STRONG> (Thumb, 16 bytes, Stack size 8 bytes, hc32f46x_interrupts.o(i.IRQ017_Handler))
<BR><BR>[Stack]<UL><LI>Max Depth = 8<LI>Call Chain = IRQ017_Handler
</UL>
<BR>[Address Reference Count : 1]<UL><LI> startup_hc32f46x.o(RESET)
</UL>
<P><STRONG><a name="[29]"></a>IRQ018_Handler</STRONG> (Thumb, 16 bytes, Stack size 8 bytes, hc32f46x_interrupts.o(i.IRQ018_Handler))
<BR><BR>[Stack]<UL><LI>Max Depth = 8<LI>Call Chain = IRQ018_Handler
</UL>
<BR>[Address Reference Count : 1]<UL><LI> startup_hc32f46x.o(RESET)
</UL>
<P><STRONG><a name="[2a]"></a>IRQ019_Handler</STRONG> (Thumb, 16 bytes, Stack size 8 bytes, hc32f46x_interrupts.o(i.IRQ019_Handler))
<BR><BR>[Stack]<UL><LI>Max Depth = 8<LI>Call Chain = IRQ019_Handler
</UL>
<BR>[Address Reference Count : 1]<UL><LI> startup_hc32f46x.o(RESET)
</UL>
<P><STRONG><a name="[2b]"></a>IRQ020_Handler</STRONG> (Thumb, 16 bytes, Stack size 8 bytes, hc32f46x_interrupts.o(i.IRQ020_Handler))
<BR><BR>[Stack]<UL><LI>Max Depth = 8<LI>Call Chain = IRQ020_Handler
</UL>
<BR>[Address Reference Count : 1]<UL><LI> startup_hc32f46x.o(RESET)
</UL>
<P><STRONG><a name="[2c]"></a>IRQ021_Handler</STRONG> (Thumb, 16 bytes, Stack size 8 bytes, hc32f46x_interrupts.o(i.IRQ021_Handler))
<BR><BR>[Stack]<UL><LI>Max Depth = 8<LI>Call Chain = IRQ021_Handler
</UL>
<BR>[Address Reference Count : 1]<UL><LI> startup_hc32f46x.o(RESET)
</UL>
<P><STRONG><a name="[2d]"></a>IRQ022_Handler</STRONG> (Thumb, 16 bytes, Stack size 8 bytes, hc32f46x_interrupts.o(i.IRQ022_Handler))
<BR><BR>[Stack]<UL><LI>Max Depth = 8<LI>Call Chain = IRQ022_Handler
</UL>
<BR>[Address Reference Count : 1]<UL><LI> startup_hc32f46x.o(RESET)
</UL>
<P><STRONG><a name="[2e]"></a>IRQ023_Handler</STRONG> (Thumb, 16 bytes, Stack size 8 bytes, hc32f46x_interrupts.o(i.IRQ023_Handler))
<BR><BR>[Stack]<UL><LI>Max Depth = 8<LI>Call Chain = IRQ023_Handler
</UL>
<BR>[Address Reference Count : 1]<UL><LI> startup_hc32f46x.o(RESET)
</UL>
<P><STRONG><a name="[2f]"></a>IRQ024_Handler</STRONG> (Thumb, 16 bytes, Stack size 8 bytes, hc32f46x_interrupts.o(i.IRQ024_Handler))
<BR><BR>[Stack]<UL><LI>Max Depth = 8<LI>Call Chain = IRQ024_Handler
</UL>
<BR>[Address Reference Count : 1]<UL><LI> startup_hc32f46x.o(RESET)
</UL>
<P><STRONG><a name="[30]"></a>IRQ025_Handler</STRONG> (Thumb, 16 bytes, Stack size 8 bytes, hc32f46x_interrupts.o(i.IRQ025_Handler))
<BR><BR>[Stack]<UL><LI>Max Depth = 8<LI>Call Chain = IRQ025_Handler
</UL>
<BR>[Address Reference Count : 1]<UL><LI> startup_hc32f46x.o(RESET)
</UL>
<P><STRONG><a name="[31]"></a>IRQ026_Handler</STRONG> (Thumb, 16 bytes, Stack size 8 bytes, hc32f46x_interrupts.o(i.IRQ026_Handler))
<BR><BR>[Stack]<UL><LI>Max Depth = 8<LI>Call Chain = IRQ026_Handler
</UL>
<BR>[Address Reference Count : 1]<UL><LI> startup_hc32f46x.o(RESET)
</UL>
<P><STRONG><a name="[32]"></a>IRQ027_Handler</STRONG> (Thumb, 16 bytes, Stack size 8 bytes, hc32f46x_interrupts.o(i.IRQ027_Handler))
<BR><BR>[Stack]<UL><LI>Max Depth = 8<LI>Call Chain = IRQ027_Handler
</UL>
<BR>[Address Reference Count : 1]<UL><LI> startup_hc32f46x.o(RESET)
</UL>
<P><STRONG><a name="[33]"></a>IRQ028_Handler</STRONG> (Thumb, 16 bytes, Stack size 8 bytes, hc32f46x_interrupts.o(i.IRQ028_Handler))
<BR><BR>[Stack]<UL><LI>Max Depth = 8<LI>Call Chain = IRQ028_Handler
</UL>
<BR>[Address Reference Count : 1]<UL><LI> startup_hc32f46x.o(RESET)
</UL>
<P><STRONG><a name="[34]"></a>IRQ029_Handler</STRONG> (Thumb, 16 bytes, Stack size 8 bytes, hc32f46x_interrupts.o(i.IRQ029_Handler))
<BR><BR>[Stack]<UL><LI>Max Depth = 8<LI>Call Chain = IRQ029_Handler
</UL>
<BR>[Address Reference Count : 1]<UL><LI> startup_hc32f46x.o(RESET)
</UL>
<P><STRONG><a name="[35]"></a>IRQ030_Handler</STRONG> (Thumb, 16 bytes, Stack size 8 bytes, hc32f46x_interrupts.o(i.IRQ030_Handler))
<BR><BR>[Stack]<UL><LI>Max Depth = 8<LI>Call Chain = IRQ030_Handler
</UL>
<BR>[Address Reference Count : 1]<UL><LI> startup_hc32f46x.o(RESET)
</UL>
<P><STRONG><a name="[36]"></a>IRQ031_Handler</STRONG> (Thumb, 16 bytes, Stack size 8 bytes, hc32f46x_interrupts.o(i.IRQ031_Handler))
<BR><BR>[Stack]<UL><LI>Max Depth = 8<LI>Call Chain = IRQ031_Handler
</UL>
<BR>[Address Reference Count : 1]<UL><LI> startup_hc32f46x.o(RESET)
</UL>
<P><STRONG><a name="[37]"></a>IRQ032_Handler</STRONG> (Thumb, 20 bytes, Stack size 8 bytes, hc32f46x_interrupts.o(i.IRQ032_Handler))
<BR><BR>[Stack]<UL><LI>Max Depth = 8<LI>Call Chain = IRQ032_Handler
</UL>
<BR>[Address Reference Count : 1]<UL><LI> startup_hc32f46x.o(RESET)
</UL>
<P><STRONG><a name="[38]"></a>IRQ033_Handler</STRONG> (Thumb, 20 bytes, Stack size 8 bytes, hc32f46x_interrupts.o(i.IRQ033_Handler))
<BR><BR>[Stack]<UL><LI>Max Depth = 8<LI>Call Chain = IRQ033_Handler
</UL>
<BR>[Address Reference Count : 1]<UL><LI> startup_hc32f46x.o(RESET)
</UL>
<P><STRONG><a name="[39]"></a>IRQ034_Handler</STRONG> (Thumb, 20 bytes, Stack size 8 bytes, hc32f46x_interrupts.o(i.IRQ034_Handler))
<BR><BR>[Stack]<UL><LI>Max Depth = 8<LI>Call Chain = IRQ034_Handler
</UL>
<BR>[Address Reference Count : 1]<UL><LI> startup_hc32f46x.o(RESET)
</UL>
<P><STRONG><a name="[3a]"></a>IRQ035_Handler</STRONG> (Thumb, 20 bytes, Stack size 8 bytes, hc32f46x_interrupts.o(i.IRQ035_Handler))
<BR><BR>[Stack]<UL><LI>Max Depth = 8<LI>Call Chain = IRQ035_Handler
</UL>
<BR>[Address Reference Count : 1]<UL><LI> startup_hc32f46x.o(RESET)
</UL>
<P><STRONG><a name="[3b]"></a>IRQ036_Handler</STRONG> (Thumb, 20 bytes, Stack size 8 bytes, hc32f46x_interrupts.o(i.IRQ036_Handler))
<BR><BR>[Stack]<UL><LI>Max Depth = 8<LI>Call Chain = IRQ036_Handler
</UL>
<BR>[Address Reference Count : 1]<UL><LI> startup_hc32f46x.o(RESET)
</UL>
<P><STRONG><a name="[3c]"></a>IRQ037_Handler</STRONG> (Thumb, 20 bytes, Stack size 8 bytes, hc32f46x_interrupts.o(i.IRQ037_Handler))
<BR><BR>[Stack]<UL><LI>Max Depth = 8<LI>Call Chain = IRQ037_Handler
</UL>
<BR>[Address Reference Count : 1]<UL><LI> startup_hc32f46x.o(RESET)
</UL>
<P><STRONG><a name="[3d]"></a>IRQ038_Handler</STRONG> (Thumb, 20 bytes, Stack size 8 bytes, hc32f46x_interrupts.o(i.IRQ038_Handler))
<BR><BR>[Stack]<UL><LI>Max Depth = 8<LI>Call Chain = IRQ038_Handler
</UL>
<BR>[Address Reference Count : 1]<UL><LI> startup_hc32f46x.o(RESET)
</UL>
<P><STRONG><a name="[3e]"></a>IRQ039_Handler</STRONG> (Thumb, 20 bytes, Stack size 8 bytes, hc32f46x_interrupts.o(i.IRQ039_Handler))
<BR><BR>[Stack]<UL><LI>Max Depth = 8<LI>Call Chain = IRQ039_Handler
</UL>
<BR>[Address Reference Count : 1]<UL><LI> startup_hc32f46x.o(RESET)
</UL>
<P><STRONG><a name="[3f]"></a>IRQ040_Handler</STRONG> (Thumb, 20 bytes, Stack size 8 bytes, hc32f46x_interrupts.o(i.IRQ040_Handler))
<BR><BR>[Stack]<UL><LI>Max Depth = 8<LI>Call Chain = IRQ040_Handler
</UL>
<BR>[Address Reference Count : 1]<UL><LI> startup_hc32f46x.o(RESET)
</UL>
<P><STRONG><a name="[40]"></a>IRQ041_Handler</STRONG> (Thumb, 20 bytes, Stack size 8 bytes, hc32f46x_interrupts.o(i.IRQ041_Handler))
<BR><BR>[Stack]<UL><LI>Max Depth = 8<LI>Call Chain = IRQ041_Handler
</UL>
<BR>[Address Reference Count : 1]<UL><LI> startup_hc32f46x.o(RESET)
</UL>
<P><STRONG><a name="[41]"></a>IRQ042_Handler</STRONG> (Thumb, 20 bytes, Stack size 8 bytes, hc32f46x_interrupts.o(i.IRQ042_Handler))
<BR><BR>[Stack]<UL><LI>Max Depth = 8<LI>Call Chain = IRQ042_Handler
</UL>
<BR>[Address Reference Count : 1]<UL><LI> startup_hc32f46x.o(RESET)
</UL>
<P><STRONG><a name="[42]"></a>IRQ043_Handler</STRONG> (Thumb, 20 bytes, Stack size 8 bytes, hc32f46x_interrupts.o(i.IRQ043_Handler))
<BR><BR>[Stack]<UL><LI>Max Depth = 8<LI>Call Chain = IRQ043_Handler
</UL>
<BR>[Address Reference Count : 1]<UL><LI> startup_hc32f46x.o(RESET)
</UL>
<P><STRONG><a name="[43]"></a>IRQ044_Handler</STRONG> (Thumb, 20 bytes, Stack size 8 bytes, hc32f46x_interrupts.o(i.IRQ044_Handler))
<BR><BR>[Stack]<UL><LI>Max Depth = 8<LI>Call Chain = IRQ044_Handler
</UL>
<BR>[Address Reference Count : 1]<UL><LI> startup_hc32f46x.o(RESET)
</UL>
<P><STRONG><a name="[44]"></a>IRQ045_Handler</STRONG> (Thumb, 20 bytes, Stack size 8 bytes, hc32f46x_interrupts.o(i.IRQ045_Handler))
<BR><BR>[Stack]<UL><LI>Max Depth = 8<LI>Call Chain = IRQ045_Handler
</UL>
<BR>[Address Reference Count : 1]<UL><LI> startup_hc32f46x.o(RESET)
</UL>
<P><STRONG><a name="[45]"></a>IRQ046_Handler</STRONG> (Thumb, 20 bytes, Stack size 8 bytes, hc32f46x_interrupts.o(i.IRQ046_Handler))
<BR><BR>[Stack]<UL><LI>Max Depth = 8<LI>Call Chain = IRQ046_Handler
</UL>
<BR>[Address Reference Count : 1]<UL><LI> startup_hc32f46x.o(RESET)
</UL>
<P><STRONG><a name="[46]"></a>IRQ047_Handler</STRONG> (Thumb, 20 bytes, Stack size 8 bytes, hc32f46x_interrupts.o(i.IRQ047_Handler))
<BR><BR>[Stack]<UL><LI>Max Depth = 8<LI>Call Chain = IRQ047_Handler
</UL>
<BR>[Address Reference Count : 1]<UL><LI> startup_hc32f46x.o(RESET)
</UL>
<P><STRONG><a name="[47]"></a>IRQ048_Handler</STRONG> (Thumb, 20 bytes, Stack size 8 bytes, hc32f46x_interrupts.o(i.IRQ048_Handler))
<BR><BR>[Stack]<UL><LI>Max Depth = 8<LI>Call Chain = IRQ048_Handler
</UL>
<BR>[Address Reference Count : 1]<UL><LI> startup_hc32f46x.o(RESET)
</UL>
<P><STRONG><a name="[48]"></a>IRQ049_Handler</STRONG> (Thumb, 20 bytes, Stack size 8 bytes, hc32f46x_interrupts.o(i.IRQ049_Handler))
<BR><BR>[Stack]<UL><LI>Max Depth = 8<LI>Call Chain = IRQ049_Handler
</UL>
<BR>[Address Reference Count : 1]<UL><LI> startup_hc32f46x.o(RESET)
</UL>
<P><STRONG><a name="[49]"></a>IRQ050_Handler</STRONG> (Thumb, 20 bytes, Stack size 8 bytes, hc32f46x_interrupts.o(i.IRQ050_Handler))
<BR><BR>[Stack]<UL><LI>Max Depth = 8<LI>Call Chain = IRQ050_Handler
</UL>
<BR>[Address Reference Count : 1]<UL><LI> startup_hc32f46x.o(RESET)
</UL>
<P><STRONG><a name="[4a]"></a>IRQ051_Handler</STRONG> (Thumb, 20 bytes, Stack size 8 bytes, hc32f46x_interrupts.o(i.IRQ051_Handler))
<BR><BR>[Stack]<UL><LI>Max Depth = 8<LI>Call Chain = IRQ051_Handler
</UL>
<BR>[Address Reference Count : 1]<UL><LI> startup_hc32f46x.o(RESET)
</UL>
<P><STRONG><a name="[4b]"></a>IRQ052_Handler</STRONG> (Thumb, 20 bytes, Stack size 8 bytes, hc32f46x_interrupts.o(i.IRQ052_Handler))
<BR><BR>[Stack]<UL><LI>Max Depth = 8<LI>Call Chain = IRQ052_Handler
</UL>
<BR>[Address Reference Count : 1]<UL><LI> startup_hc32f46x.o(RESET)
</UL>
<P><STRONG><a name="[4c]"></a>IRQ053_Handler</STRONG> (Thumb, 20 bytes, Stack size 8 bytes, hc32f46x_interrupts.o(i.IRQ053_Handler))
<BR><BR>[Stack]<UL><LI>Max Depth = 8<LI>Call Chain = IRQ053_Handler
</UL>
<BR>[Address Reference Count : 1]<UL><LI> startup_hc32f46x.o(RESET)
</UL>
<P><STRONG><a name="[4d]"></a>IRQ054_Handler</STRONG> (Thumb, 20 bytes, Stack size 8 bytes, hc32f46x_interrupts.o(i.IRQ054_Handler))
<BR><BR>[Stack]<UL><LI>Max Depth = 8<LI>Call Chain = IRQ054_Handler
</UL>
<BR>[Address Reference Count : 1]<UL><LI> startup_hc32f46x.o(RESET)
</UL>
<P><STRONG><a name="[4e]"></a>IRQ055_Handler</STRONG> (Thumb, 20 bytes, Stack size 8 bytes, hc32f46x_interrupts.o(i.IRQ055_Handler))
<BR><BR>[Stack]<UL><LI>Max Depth = 8<LI>Call Chain = IRQ055_Handler
</UL>
<BR>[Address Reference Count : 1]<UL><LI> startup_hc32f46x.o(RESET)
</UL>
<P><STRONG><a name="[4f]"></a>IRQ056_Handler</STRONG> (Thumb, 20 bytes, Stack size 8 bytes, hc32f46x_interrupts.o(i.IRQ056_Handler))
<BR><BR>[Stack]<UL><LI>Max Depth = 8<LI>Call Chain = IRQ056_Handler
</UL>
<BR>[Address Reference Count : 1]<UL><LI> startup_hc32f46x.o(RESET)
</UL>
<P><STRONG><a name="[50]"></a>IRQ057_Handler</STRONG> (Thumb, 20 bytes, Stack size 8 bytes, hc32f46x_interrupts.o(i.IRQ057_Handler))
<BR><BR>[Stack]<UL><LI>Max Depth = 8<LI>Call Chain = IRQ057_Handler
</UL>
<BR>[Address Reference Count : 1]<UL><LI> startup_hc32f46x.o(RESET)
</UL>
<P><STRONG><a name="[51]"></a>IRQ058_Handler</STRONG> (Thumb, 20 bytes, Stack size 8 bytes, hc32f46x_interrupts.o(i.IRQ058_Handler))
<BR><BR>[Stack]<UL><LI>Max Depth = 8<LI>Call Chain = IRQ058_Handler
</UL>
<BR>[Address Reference Count : 1]<UL><LI> startup_hc32f46x.o(RESET)
</UL>
<P><STRONG><a name="[52]"></a>IRQ059_Handler</STRONG> (Thumb, 20 bytes, Stack size 8 bytes, hc32f46x_interrupts.o(i.IRQ059_Handler))
<BR><BR>[Stack]<UL><LI>Max Depth = 8<LI>Call Chain = IRQ059_Handler
</UL>
<BR>[Address Reference Count : 1]<UL><LI> startup_hc32f46x.o(RESET)
</UL>
<P><STRONG><a name="[53]"></a>IRQ060_Handler</STRONG> (Thumb, 20 bytes, Stack size 8 bytes, hc32f46x_interrupts.o(i.IRQ060_Handler))
<BR><BR>[Stack]<UL><LI>Max Depth = 8<LI>Call Chain = IRQ060_Handler
</UL>
<BR>[Address Reference Count : 1]<UL><LI> startup_hc32f46x.o(RESET)
</UL>
<P><STRONG><a name="[54]"></a>IRQ061_Handler</STRONG> (Thumb, 20 bytes, Stack size 8 bytes, hc32f46x_interrupts.o(i.IRQ061_Handler))
<BR><BR>[Stack]<UL><LI>Max Depth = 8<LI>Call Chain = IRQ061_Handler
</UL>
<BR>[Address Reference Count : 1]<UL><LI> startup_hc32f46x.o(RESET)
</UL>
<P><STRONG><a name="[55]"></a>IRQ062_Handler</STRONG> (Thumb, 20 bytes, Stack size 8 bytes, hc32f46x_interrupts.o(i.IRQ062_Handler))
<BR><BR>[Stack]<UL><LI>Max Depth = 8<LI>Call Chain = IRQ062_Handler
</UL>
<BR>[Address Reference Count : 1]<UL><LI> startup_hc32f46x.o(RESET)
</UL>
<P><STRONG><a name="[56]"></a>IRQ063_Handler</STRONG> (Thumb, 20 bytes, Stack size 8 bytes, hc32f46x_interrupts.o(i.IRQ063_Handler))
<BR><BR>[Stack]<UL><LI>Max Depth = 8<LI>Call Chain = IRQ063_Handler
</UL>
<BR>[Address Reference Count : 1]<UL><LI> startup_hc32f46x.o(RESET)
</UL>
<P><STRONG><a name="[57]"></a>IRQ064_Handler</STRONG> (Thumb, 20 bytes, Stack size 8 bytes, hc32f46x_interrupts.o(i.IRQ064_Handler))
<BR><BR>[Stack]<UL><LI>Max Depth = 8<LI>Call Chain = IRQ064_Handler
</UL>
<BR>[Address Reference Count : 1]<UL><LI> startup_hc32f46x.o(RESET)
</UL>
<P><STRONG><a name="[58]"></a>IRQ065_Handler</STRONG> (Thumb, 20 bytes, Stack size 8 bytes, hc32f46x_interrupts.o(i.IRQ065_Handler))
<BR><BR>[Stack]<UL><LI>Max Depth = 8<LI>Call Chain = IRQ065_Handler
</UL>
<BR>[Address Reference Count : 1]<UL><LI> startup_hc32f46x.o(RESET)
</UL>
<P><STRONG><a name="[59]"></a>IRQ066_Handler</STRONG> (Thumb, 20 bytes, Stack size 8 bytes, hc32f46x_interrupts.o(i.IRQ066_Handler))
<BR><BR>[Stack]<UL><LI>Max Depth = 8<LI>Call Chain = IRQ066_Handler
</UL>
<BR>[Address Reference Count : 1]<UL><LI> startup_hc32f46x.o(RESET)
</UL>
<P><STRONG><a name="[5a]"></a>IRQ067_Handler</STRONG> (Thumb, 20 bytes, Stack size 8 bytes, hc32f46x_interrupts.o(i.IRQ067_Handler))
<BR><BR>[Stack]<UL><LI>Max Depth = 8<LI>Call Chain = IRQ067_Handler
</UL>
<BR>[Address Reference Count : 1]<UL><LI> startup_hc32f46x.o(RESET)
</UL>
<P><STRONG><a name="[5b]"></a>IRQ068_Handler</STRONG> (Thumb, 20 bytes, Stack size 8 bytes, hc32f46x_interrupts.o(i.IRQ068_Handler))
<BR><BR>[Stack]<UL><LI>Max Depth = 8<LI>Call Chain = IRQ068_Handler
</UL>
<BR>[Address Reference Count : 1]<UL><LI> startup_hc32f46x.o(RESET)
</UL>
[...]
</UL>
<BR>[Called By]<UL><LI><a href="#[160]">&gt;&gt;</a>&nbsp;&nbsp;&nbsp;inside_485_analysis
</UL>

<P><STRONG><a name="[1ad]"></a>hotle_agreement_combination_handle</STRONG> (Thumb, 162 bytes, Stack size 88 bytes, local_hotel_agreement.o(i.hotle_agreement_combination_handle))
<BR><BR>[Stack]<UL><LI>Max Depth = 176<LI>Call Chain = hotle_agreement_combination_handle &rArr; rs485inside_release_data_to_cache &rArr; directional_release_data_to_cache &rArr; release_buff_write
</UL>
<BR>[Calls]<UL><LI><a href="#[1b1]">&gt;&gt;</a>&nbsp;&nbsp;&nbsp;rs485inside_release_data_to_cache
<LI><a href="#[1b0]">&gt;&gt;</a>&nbsp;&nbsp;&nbsp;lamp_f1_command_package
<LI><a href="#[1ae]">&gt;&gt;</a>&nbsp;&nbsp;&nbsp;combined_byte_mapping
<LI><a href="#[1af]">&gt;&gt;</a>&nbsp;&nbsp;&nbsp;combination_lamp_update_status
</UL>
<BR>[Called By]<UL><LI><a href="#[165]">&gt;&gt;</a>&nbsp;&nbsp;&nbsp;hotle_agreement_handle
</UL>

<P><STRONG><a name="[165]"></a>hotle_agreement_handle</STRONG> (Thumb, 158 bytes, Stack size 16 bytes, local_hotel_agreement.o(i.hotle_agreement_handle))
<BR><BR>[Stack]<UL><LI>Max Depth = 192<LI>Call Chain = hotle_agreement_handle &rArr; hotle_agreement_combination_handle &rArr; rs485inside_release_data_to_cache &rArr; directional_release_data_to_cache &rArr; release_buff_write
</UL>
<BR>[Calls]<UL><LI><a href="#[1b6]">&gt;&gt;</a>&nbsp;&nbsp;&nbsp;combination_state_synchronization
<LI><a href="#[1b4]">&gt;&gt;</a>&nbsp;&nbsp;&nbsp;hotle_agreement_service_handle
<LI><a href="#[1b3]">&gt;&gt;</a>&nbsp;&nbsp;&nbsp;hotle_agreement_scene_handle
<LI><a href="#[1b5]">&gt;&gt;</a>&nbsp;&nbsp;&nbsp;hotle_agreement_music
<LI><a href="#[1b2]">&gt;&gt;</a>&nbsp;&nbsp;&nbsp;hotle_agreement_lamp_handle
<LI><a href="#[1ad]">&gt;&gt;</a>&nbsp;&nbsp;&nbsp;hotle_agreement_combination_handle
</UL>
<BR>[Called By]<UL><LI><a href="#[162]">&gt;&gt;</a>&nbsp;&nbsp;&nbsp;communication_485_handle
</UL>

<P><STRONG><a name="[1b2]"></a>hotle_agreement_lamp_handle</STRONG> (Thumb, 162 bytes, Stack size 80 bytes, local_hotel_agreement.o(i.hotle_agreement_lamp_handle))
<BR><BR>[Stack]<UL><LI>Max Depth = 168<LI>Call Chain = hotle_agreement_lamp_handle &rArr; rs485inside_release_data_to_cache &rArr; directional_release_data_to_cache &rArr; release_buff_write
</UL>
<BR>[Calls]<UL><LI><a href="#[1b1]">&gt;&gt;</a>&nbsp;&nbsp;&nbsp;rs485inside_release_data_to_cache
<LI><a href="#[1b0]">&gt;&gt;</a>&nbsp;&nbsp;&nbsp;lamp_f1_command_package
</UL>
<BR>[Called By]<UL><LI><a href="#[165]">&gt;&gt;</a>&nbsp;&nbsp;&nbsp;hotle_agreement_handle
</UL>

<P><STRONG><a name="[1b5]"></a>hotle_agreement_music</STRONG> (Thumb, 2 bytes, Stack size 0 bytes, local_hotel_agreement.o(i.hotle_agreement_music))
<BR><BR>[Called By]<UL><LI><a href="#[165]">&gt;&gt;</a>&nbsp;&nbsp;&nbsp;hotle_agreement_handle
</UL>

<P><STRONG><a name="[1b3]"></a>hotle_agreement_scene_handle</STRONG> (Thumb, 108 bytes, Stack size 80 bytes, local_hotel_agreement.o(i.hotle_agreement_scene_handle))
<BR><BR>[Stack]<UL><LI>Max Depth = 168<LI>Call Chain = hotle_agreement_scene_handle &rArr; rs485inside_release_data_to_cache &rArr; directional_release_data_to_cache &rArr; release_buff_write
</UL>
<BR>[Calls]<UL><LI><a href="#[1b7]">&gt;&gt;</a>&nbsp;&nbsp;&nbsp;scene_mode_lamp_update_status
<LI><a href="#[1b1]">&gt;&gt;</a>&nbsp;&nbsp;&nbsp;rs485inside_release_data_to_cache
<LI><a href="#[1b0]">&gt;&gt;</a>&nbsp;&nbsp;&nbsp;lamp_f1_command_package
</UL>
<BR>[Called By]<UL><LI><a href="#[165]">&gt;&gt;</a>&nbsp;&nbsp;&nbsp;hotle_agreement_handle
</UL>

<P><STRONG><a name="[1b4]"></a>hotle_agreement_service_handle</STRONG> (Thumb, 38 bytes, Stack size 72 bytes, local_hotel_agreement.o(i.hotle_agreement_service_handle))
<BR><BR>[Stack]<UL><LI>Max Depth = 160<LI>Call Chain = hotle_agreement_service_handle &rArr; rs485inside_release_data_to_cache &rArr; directional_release_data_to_cache &rArr; release_buff_write
</UL>
<BR>[Calls]<UL><LI><a href="#[1b8]">&gt;&gt;</a>&nbsp;&nbsp;&nbsp;service_transformation
<LI><a href="#[1b9]">&gt;&gt;</a>&nbsp;&nbsp;&nbsp;service_f0_command_package
<LI><a href="#[1b1]">&gt;&gt;</a>&nbsp;&nbsp;&nbsp;rs485inside_release_data_to_cache
</UL>
<BR>[Called By]<UL><LI><a href="#[165]">&gt;&gt;</a>&nbsp;&nbsp;&nbsp;hotle_agreement_handle
</UL>

<P><STRONG><a name="[160]"></a>inside_485_analysis</STRONG> (Thumb, 74 bytes, Stack size 8 bytes, local_hotel_agreement.o(i.inside_485_analysis))
<BR><BR>[Stack]<UL><LI>Max Depth = 56<LI>Call Chain = inside_485_analysis &rArr; debug_ethernet_transmission &rArr; release_buff_write
</UL>
<BR>[Calls]<UL><LI><a href="#[1bf]">&gt;&gt;</a>&nbsp;&nbsp;&nbsp;transparent_ethernet_transmission
<LI><a href="#[1be]">&gt;&gt;</a>&nbsp;&nbsp;&nbsp;inside_lookup_analysis
<LI><a href="#[1ac]">&gt;&gt;</a>&nbsp;&nbsp;&nbsp;hotle_agreement_analysis
<LI><a href="#[181]">&gt;&gt;</a>&nbsp;&nbsp;&nbsp;debug_ethernet_transmission
<LI><a href="#[142]">&gt;&gt;</a>&nbsp;&nbsp;&nbsp;strstr
</UL>
<BR>[Called By]<UL><LI><a href="#[15f]">&gt;&gt;</a>&nbsp;&nbsp;&nbsp;communication_485_analysis
</UL>

<P><STRONG><a name="[1be]"></a>inside_lookup_analysis</STRONG> (Thumb, 148 bytes, Stack size 24 bytes, local_hotel_agreement.o(i.inside_lookup_analysis))
<BR><BR>[Stack]<UL><LI>Max Depth = 44<LI>Call Chain = inside_lookup_analysis &rArr; key_buff_write &rArr; key_write_directional_cache
</UL>
<BR>[Calls]<UL><LI><a href="#[194]">&gt;&gt;</a>&nbsp;&nbsp;&nbsp;key_buff_write
<LI><a href="#[1c0]">&gt;&gt;</a>&nbsp;&nbsp;&nbsp;compare_hex_buff
</UL>
<BR>[Called By]<UL><LI><a href="#[160]">&gt;&gt;</a>&nbsp;&nbsp;&nbsp;inside_485_analysis
</UL>

<P><STRONG><a name="[161]"></a>outside_485_analysis</STRONG> (Thumb, 68 bytes, Stack size 8 bytes, local_hotel_agreement.o(i.outside_485_analysis))
<BR><BR>[Stack]<UL><LI>Max Depth = 56<LI>Call Chain = outside_485_analysis &rArr; debug_ethernet_transmission &rArr; release_buff_write
</UL>
<BR>[Calls]<UL><LI><a href="#[1bf]">&gt;&gt;</a>&nbsp;&nbsp;&nbsp;transparent_ethernet_transmission
<LI><a href="#[1e2]">&gt;&gt;</a>&nbsp;&nbsp;&nbsp;outside_lookup_analysis
<LI><a href="#[181]">&gt;&gt;</a>&nbsp;&nbsp;&nbsp;debug_ethernet_transmission
<LI><a href="#[142]">&gt;&gt;</a>&nbsp;&nbsp;&nbsp;strstr
</UL>
<BR>[Called By]<UL><LI><a href="#[15f]">&gt;&gt;</a>&nbsp;&nbsp;&nbsp;communication_485_analysis
</UL>

<P><STRONG><a name="[1e2]"></a>outside_lookup_analysis</STRONG> (Thumb, 148 bytes, Stack size 24 bytes, local_hotel_agreement.o(i.outside_lookup_analysis))
<BR><BR>[Stack]<UL><LI>Max Depth = 44<LI>Call Chain = outside_lookup_analysis &rArr; key_buff_write &rArr; key_write_directional_cache
</UL>
<BR>[Calls]<UL><LI><a href="#[194]">&gt;&gt;</a>&nbsp;&nbsp;&nbsp;key_buff_write
<LI><a href="#[1c0]">&gt;&gt;</a>&nbsp;&nbsp;&nbsp;compare_hex_buff
</UL>
<BR>[Called By]<UL><LI><a href="#[161]">&gt;&gt;</a>&nbsp;&nbsp;&nbsp;outside_485_analysis
</UL>

<P><STRONG><a name="[1bf]"></a>transparent_ethernet_transmission</STRONG> (Thumb, 52 bytes, Stack size 16 bytes, local_hotel_agreement.o(i.transparent_ethernet_transmission))
<BR><BR>[Stack]<UL><LI>Max Depth = 40<LI>Call Chain = transparent_ethernet_transmission &rArr; release_buff_write
</UL>
<BR>[Calls]<UL><LI><a href="#[182]">&gt;&gt;</a>&nbsp;&nbsp;&nbsp;release_buff_write
<LI><a href="#[14a]">&gt;&gt;</a>&nbsp;&nbsp;&nbsp;__aeabi_memcpy
</UL>
<BR>[Called By]<UL><LI><a href="#[161]">&gt;&gt;</a>&nbsp;&nbsp;&nbsp;outside_485_analysis
<LI><a href="#[160]">&gt;&gt;</a>&nbsp;&nbsp;&nbsp;inside_485_analysis
</UL>

<P><STRONG><a name="[bd]"></a>Usart3_ErrIrqCallback</STRONG> (Thumb, 64 bytes, Stack size 8 bytes, rs458_bsp.o(i.Usart3_ErrIrqCallback))
<BR><BR>[Stack]<UL><LI>Max Depth = 48<LI>Call Chain = Usart3_ErrIrqCallback &rArr; USART_GetStatus &rArr; Ddl_AssertHandler &rArr; __2printf
</UL>
<BR>[Calls]<UL><LI><a href="#[131]">&gt;&gt;</a>&nbsp;&nbsp;&nbsp;USART_GetStatus
<LI><a href="#[136]">&gt;&gt;</a>&nbsp;&nbsp;&nbsp;USART_ClearStatus
</UL>
<BR>[Address Reference Count : 1]<UL><LI> rs458_bsp.o(i.usart3_init)
</UL>
<P><STRONG><a name="[bf]"></a>Usart4_ErrIrqCallback</STRONG> (Thumb, 64 bytes, Stack size 8 bytes, rs458_bsp.o(i.Usart4_ErrIrqCallback))
<BR><BR>[Stack]<UL><LI>Max Depth = 48<LI>Call Chain = Usart4_ErrIrqCallback &rArr; USART_GetStatus &rArr; Ddl_AssertHandler &rArr; __2printf
</UL>
<BR>[Calls]<UL><LI><a href="#[131]">&gt;&gt;</a>&nbsp;&nbsp;&nbsp;USART_GetStatus
<LI><a href="#[136]">&gt;&gt;</a>&nbsp;&nbsp;&nbsp;USART_ClearStatus
</UL>
<BR>[Address Reference Count : 1]<UL><LI> rs458_bsp.o(i.usart4_init)
</UL>
<P><STRONG><a name="[213]"></a>__NVIC_ClearPendingIRQ</STRONG> (Thumb, 22 bytes, Stack size 0 bytes, rs458_bsp.o(i.__NVIC_ClearPendingIRQ))
<BR><BR>[Called By]<UL><LI><a href="#[202]">&gt;&gt;</a>&nbsp;&nbsp;&nbsp;usart4_init
<LI><a href="#[201]">&gt;&gt;</a>&nbsp;&nbsp;&nbsp;usart3_init
<LI><a href="#[203]">&gt;&gt;</a>&nbsp;&nbsp;&nbsp;time6_init
</UL>

<P><STRONG><a name="[215]"></a>__NVIC_EnableIRQ</STRONG> (Thumb, 34 bytes, Stack size 0 bytes, rs458_bsp.o(i.__NVIC_EnableIRQ))
<BR><BR>[Called By]<UL><LI><a href="#[202]">&gt;&gt;</a>&nbsp;&nbsp;&nbsp;usart4_init
<LI><a href="#[201]">&gt;&gt;</a>&nbsp;&nbsp;&nbsp;usart3_init
<LI><a href="#[203]">&gt;&gt;</a>&nbsp;&nbsp;&nbsp;time6_init
</UL>

<P><STRONG><a name="[214]"></a>__NVIC_SetPriority</STRONG> (Thumb, 32 bytes, Stack size 8 bytes, rs458_bsp.o(i.__NVIC_SetPriority))
<BR><BR>[Stack]<UL><LI>Max Depth = 8<LI>Call Chain = __NVIC_SetPriority
</UL>
<BR>[Called By]<UL><LI><a href="#[202]">&gt;&gt;</a>&nbsp;&nbsp;&nbsp;usart4_init
<LI><a href="#[201]">&gt;&gt;</a>&nbsp;&nbsp;&nbsp;usart3_init
<LI><a href="#[203]">&gt;&gt;</a>&nbsp;&nbsp;&nbsp;time6_init
</UL>

<P><STRONG><a name="[1e5]"></a>prvAddCurrentTaskToDelayedList</STRONG> (Thumb, 124 bytes, Stack size 24 bytes, tasks.o(i.prvAddCurrentTaskToDelayedList))
<BR><BR>[Stack]<UL><LI>Max Depth = 32<LI>Call Chain = prvAddCurrentTaskToDelayedList &rArr; vListInsert
</UL>
<BR>[Calls]<UL><LI><a href="#[1e7]">&gt;&gt;</a>&nbsp;&nbsp;&nbsp;vListInsertEnd
<LI><a href="#[1e8]">&gt;&gt;</a>&nbsp;&nbsp;&nbsp;vListInsert
<LI><a href="#[1e6]">&gt;&gt;</a>&nbsp;&nbsp;&nbsp;uxListRemove
</UL>
<BR>[Called By]<UL><LI><a href="#[14c]">&gt;&gt;</a>&nbsp;&nbsp;&nbsp;vTaskDelay
</UL>

<P><STRONG><a name="[1e9]"></a>prvAddNewTaskToReadyList</STRONG> (Thumb, 150 bytes, Stack size 8 bytes, tasks.o(i.prvAddNewTaskToReadyList))
<BR><BR>[Stack]<UL><LI>Max Depth = 16<LI>Call Chain = prvAddNewTaskToReadyList &rArr; prvInitialiseTaskLists
</UL>
<BR>[Calls]<UL><LI><a href="#[1ec]">&gt;&gt;</a>&nbsp;&nbsp;&nbsp;vPortExitCritical
<LI><a href="#[1ea]">&gt;&gt;</a>&nbsp;&nbsp;&nbsp;vPortEnterCritical
<LI><a href="#[1eb]">&gt;&gt;</a>&nbsp;&nbsp;&nbsp;prvInitialiseTaskLists
<LI><a href="#[1e7]">&gt;&gt;</a>&nbsp;&nbsp;&nbsp;vListInsertEnd
</UL>
<BR>[Called By]<UL><LI><a href="#[1d9]">&gt;&gt;</a>&nbsp;&nbsp;&nbsp;xTaskCreate
</UL>

<P><STRONG><a name="[1ed]"></a>prvCheckTasksWaitingTermination</STRONG> (Thumb, 86 bytes, Stack size 16 bytes, tasks.o(i.prvCheckTasksWaitingTermination))
<BR><BR>[Stack]<UL><LI>Max Depth = 80<LI>Call Chain = prvCheckTasksWaitingTermination &rArr; prvDeleteTCB &rArr; vPortFree &rArr; xTaskResumeAll &rArr; xTaskIncrementTick
</UL>
<BR>[Calls]<UL><LI><a href="#[1ec]">&gt;&gt;</a>&nbsp;&nbsp;&nbsp;vPortExitCritical
<LI><a href="#[1ea]">&gt;&gt;</a>&nbsp;&nbsp;&nbsp;vPortEnterCritical
<LI><a href="#[1f0]">&gt;&gt;</a>&nbsp;&nbsp;&nbsp;prvDeleteTCB
<LI><a href="#[1e6]">&gt;&gt;</a>&nbsp;&nbsp;&nbsp;uxListRemove
<LI><a href="#[1ef]">&gt;&gt;</a>&nbsp;&nbsp;&nbsp;xTaskResumeAll
<LI><a href="#[1ee]">&gt;&gt;</a>&nbsp;&nbsp;&nbsp;vTaskSuspendAll
</UL>
<BR>[Called By]<UL><LI><a href="#[c0]">&gt;&gt;</a>&nbsp;&nbsp;&nbsp;prvIdleTask
</UL>

<P><STRONG><a name="[1f0]"></a>prvDeleteTCB</STRONG> (Thumb, 18 bytes, Stack size 8 bytes, tasks.o(i.prvDeleteTCB))
<BR><BR>[Stack]<UL><LI>Max Depth = 64<LI>Call Chain = prvDeleteTCB &rArr; vPortFree &rArr; xTaskResumeAll &rArr; xTaskIncrementTick
</UL>
<BR>[Calls]<UL><LI><a href="#[1f1]">&gt;&gt;</a>&nbsp;&nbsp;&nbsp;vPortFree
</UL>
<BR>[Called By]<UL><LI><a href="#[209]">&gt;&gt;</a>&nbsp;&nbsp;&nbsp;vTaskDelete
<LI><a href="#[1ed]">&gt;&gt;</a>&nbsp;&nbsp;&nbsp;prvCheckTasksWaitingTermination
</UL>

<P><STRONG><a name="[c0]"></a>prvIdleTask</STRONG> (Thumb, 32 bytes, Stack size 0 bytes, tasks.o(i.prvIdleTask))
<BR><BR>[Stack]<UL><LI>Max Depth = 80<LI>Call Chain = prvIdleTask &rArr; prvCheckTasksWaitingTermination &rArr; prvDeleteTCB &rArr; vPortFree &rArr; xTaskResumeAll &rArr; xTaskIncrementTick
</UL>
<BR>[Calls]<UL><LI><a href="#[1ed]">&gt;&gt;</a>&nbsp;&nbsp;&nbsp;prvCheckTasksWaitingTermination
</UL>
<BR>[Address Reference Count : 1]<UL><LI> tasks.o(i.vTaskStartScheduler)
</UL>
<P><STRONG><a name="[1f2]"></a>prvInitialiseNewTask</STRONG> (Thumb, 170 bytes, Stack size 56 bytes, tasks.o(i.prvInitialiseNewTask))
<BR><BR>[Stack]<UL><LI>Max Depth = 56<LI>Call Chain = prvInitialiseNewTask
</UL>
<BR>[Calls]<UL><LI><a href="#[1f4]">&gt;&gt;</a>&nbsp;&nbsp;&nbsp;pxPortInitialiseStack
<LI><a href="#[1f3]">&gt;&gt;</a>&nbsp;&nbsp;&nbsp;vListInitialiseItem
</UL>
<BR>[Called By]<UL><LI><a href="#[1d9]">&gt;&gt;</a>&nbsp;&nbsp;&nbsp;xTaskCreate
</UL>

<P><STRONG><a name="[1eb]"></a>prvInitialiseTaskLists</STRONG> (Thumb, 70 bytes, Stack size 8 bytes, tasks.o(i.prvInitialiseTaskLists))
<BR><BR>[Stack]<UL><LI>Max Depth = 8<LI>Call Chain = prvInitialiseTaskLists
</UL>
<BR>[Calls]<UL><LI><a href="#[1f5]">&gt;&gt;</a>&nbsp;&nbsp;&nbsp;vListInitialise
</UL>
<BR>[Called By]<UL><LI><a href="#[1e9]">&gt;&gt;</a>&nbsp;&nbsp;&nbsp;prvAddNewTaskToReadyList
</UL>

<P><STRONG><a name="[217]"></a>prvResetNextTaskUnblockTime</STRONG> (Thumb, 42 bytes, Stack size 0 bytes, tasks.o(i.prvResetNextTaskUnblockTime))
<BR><BR>[Called By]<UL><LI><a href="#[209]">&gt;&gt;</a>&nbsp;&nbsp;&nbsp;vTaskDelete
<LI><a href="#[127]">&gt;&gt;</a>&nbsp;&nbsp;&nbsp;xTaskIncrementTick
<LI><a href="#[1ef]">&gt;&gt;</a>&nbsp;&nbsp;&nbsp;xTaskResumeAll
</UL>

<P><STRONG><a name="[1f7]"></a>prvHeapInit</STRONG> (Thumb, 98 bytes, Stack size 12 bytes, heap_4.o(i.prvHeapInit))
<BR><BR>[Stack]<UL><LI>Max Depth = 12<LI>Call Chain = prvHeapInit
</UL>
<BR>[Called By]<UL><LI><a href="#[1f6]">&gt;&gt;</a>&nbsp;&nbsp;&nbsp;pvPortMalloc
</UL>

<P><STRONG><a name="[1f8]"></a>prvInsertBlockIntoFreeList</STRONG> (Thumb, 96 bytes, Stack size 8 bytes, heap_4.o(i.prvInsertBlockIntoFreeList))
<BR><BR>[Stack]<UL><LI>Max Depth = 8<LI>Call Chain = prvInsertBlockIntoFreeList
</UL>
<BR>[Called By]<UL><LI><a href="#[1f1]">&gt;&gt;</a>&nbsp;&nbsp;&nbsp;vPortFree
<LI><a href="#[1f6]">&gt;&gt;</a>&nbsp;&nbsp;&nbsp;pvPortMalloc
</UL>

<P><STRONG><a name="[b1]"></a>prvTaskExitError</STRONG> (Thumb, 60 bytes, Stack size 0 bytes, port.o(i.prvTaskExitError))
<BR>[Address Reference Count : 1]<UL><LI> port.o(i.pxPortInitialiseStack)
</UL>
<P><STRONG><a name="[123]"></a>SetClkSyncBaudrate</STRONG> (Thumb, 282 bytes, Stack size 56 bytes, hc32f46x_usart.o(i.SetClkSyncBaudrate))
<BR><BR>[Stack]<UL><LI>Max Depth = 96<LI>Call Chain = SetClkSyncBaudrate &rArr; UsartGetClk &rArr; Ddl_AssertHandler &rArr; __2printf
</UL>
<BR>[Calls]<UL><LI><a href="#[124]">&gt;&gt;</a>&nbsp;&nbsp;&nbsp;UsartGetClk
<LI><a href="#[e1]">&gt;&gt;</a>&nbsp;&nbsp;&nbsp;__aeabi_uldivmod
</UL>
<BR>[Called By]<UL><LI><a href="#[134]">&gt;&gt;</a>&nbsp;&nbsp;&nbsp;USART_SetBaudrate
</UL>

<P><STRONG><a name="[125]"></a>SetScBaudrate</STRONG> (Thumb, 340 bytes, Stack size 80 bytes, hc32f46x_usart.o(i.SetScBaudrate))
<BR><BR>[Stack]<UL><LI>Max Depth = 120<LI>Call Chain = SetScBaudrate &rArr; UsartGetClk &rArr; Ddl_AssertHandler &rArr; __2printf
</UL>
<BR>[Calls]<UL><LI><a href="#[124]">&gt;&gt;</a>&nbsp;&nbsp;&nbsp;UsartGetClk
<LI><a href="#[e1]">&gt;&gt;</a>&nbsp;&nbsp;&nbsp;__aeabi_uldivmod
</UL>
<BR>[Called By]<UL><LI><a href="#[134]">&gt;&gt;</a>&nbsp;&nbsp;&nbsp;USART_SetBaudrate
</UL>

<P><STRONG><a name="[126]"></a>SetUartBaudrate</STRONG> (Thumb, 346 bytes, Stack size 64 bytes, hc32f46x_usart.o(i.SetUartBaudrate))
<BR><BR>[Stack]<UL><LI>Max Depth = 104<LI>Call Chain = SetUartBaudrate &rArr; UsartGetClk &rArr; Ddl_AssertHandler &rArr; __2printf
</UL>
<BR>[Calls]<UL><LI><a href="#[124]">&gt;&gt;</a>&nbsp;&nbsp;&nbsp;UsartGetClk
<LI><a href="#[e1]">&gt;&gt;</a>&nbsp;&nbsp;&nbsp;__aeabi_uldivmod
</UL>
<BR>[Called By]<UL><LI><a href="#[134]">&gt;&gt;</a>&nbsp;&nbsp;&nbsp;USART_SetBaudrate
</UL>

<P><STRONG><a name="[124]"></a>UsartGetClk</STRONG> (Thumb, 86 bytes, Stack size 16 bytes, hc32f46x_usart.o(i.UsartGetClk))
<BR><BR>[Stack]<UL><LI>Max Depth = 40<LI>Call Chain = UsartGetClk &rArr; Ddl_AssertHandler &rArr; __2printf
</UL>
<BR>[Calls]<UL><LI><a href="#[dd]">&gt;&gt;</a>&nbsp;&nbsp;&nbsp;Ddl_AssertHandler
</UL>
<BR>[Called By]<UL><LI><a href="#[126]">&gt;&gt;</a>&nbsp;&nbsp;&nbsp;SetUartBaudrate
<LI><a href="#[125]">&gt;&gt;</a>&nbsp;&nbsp;&nbsp;SetScBaudrate
<LI><a href="#[123]">&gt;&gt;</a>&nbsp;&nbsp;&nbsp;SetClkSyncBaudrate
</UL>

<P><STRONG><a name="[f1]"></a>AsyncDelay</STRONG> (Thumb, 98 bytes, Stack size 32 bytes, hc32f46x_timer0.o(i.AsyncDelay))
<BR><BR>[Stack]<UL><LI>Max Depth = 72<LI>Call Chain = AsyncDelay &rArr; TIMER0_GetClkMode &rArr; Ddl_AssertHandler &rArr; __2printf
</UL>
<BR>[Calls]<UL><LI><a href="#[f2]">&gt;&gt;</a>&nbsp;&nbsp;&nbsp;TIMER0_GetClkMode
</UL>
<BR>[Called By]<UL><LI><a href="#[12a]">&gt;&gt;</a>&nbsp;&nbsp;&nbsp;TIMER0_IntCmd
<LI><a href="#[129]">&gt;&gt;</a>&nbsp;&nbsp;&nbsp;TIMER0_Cmd
<LI><a href="#[128]">&gt;&gt;</a>&nbsp;&nbsp;&nbsp;TIMER0_BaseInit
</UL>

<P><STRONG><a name="[f2]"></a>TIMER0_GetClkMode</STRONG> (Thumb, 86 bytes, Stack size 16 bytes, hc32f46x_timer0.o(i.TIMER0_GetClkMode))
<BR><BR>[Stack]<UL><LI>Max Depth = 40<LI>Call Chain = TIMER0_GetClkMode &rArr; Ddl_AssertHandler &rArr; __2printf
</UL>
<BR>[Calls]<UL><LI><a href="#[dd]">&gt;&gt;</a>&nbsp;&nbsp;&nbsp;Ddl_AssertHandler
</UL>
<BR>[Called By]<UL><LI><a href="#[f1]">&gt;&gt;</a>&nbsp;&nbsp;&nbsp;AsyncDelay
</UL>

<P><STRONG><a name="[13c]"></a>_fp_digits</STRONG> (Thumb, 366 bytes, Stack size 64 bytes, printfa.o(i._fp_digits), UNUSED)
<BR><BR>[Calls]<UL><LI><a href="#[ed]">&gt;&gt;</a>&nbsp;&nbsp;&nbsp;__aeabi_dmul
<LI><a href="#[ee]">&gt;&gt;</a>&nbsp;&nbsp;&nbsp;__aeabi_ddiv
<LI><a href="#[e7]">&gt;&gt;</a>&nbsp;&nbsp;&nbsp;__aeabi_dadd
<LI><a href="#[ef]">&gt;&gt;</a>&nbsp;&nbsp;&nbsp;__aeabi_d2ulz
<LI><a href="#[13d]">&gt;&gt;</a>&nbsp;&nbsp;&nbsp;__aeabi_cdrcmple
<LI><a href="#[e1]">&gt;&gt;</a>&nbsp;&nbsp;&nbsp;__aeabi_uldivmod
</UL>
<BR>[Called By]<UL><LI><a href="#[13a]">&gt;&gt;</a>&nbsp;&nbsp;&nbsp;_printf_core
</UL>

<P><STRONG><a name="[13a]"></a>_printf_core</STRONG> (Thumb, 1744 bytes, Stack size 136 bytes, printfa.o(i._printf_core), UNUSED)
<BR><BR>[Calls]<UL><LI><a href="#[140]">&gt;&gt;</a>&nbsp;&nbsp;&nbsp;__aeabi_uidivmod
<LI><a href="#[13e]">&gt;&gt;</a>&nbsp;&nbsp;&nbsp;_printf_pre_padding
<LI><a href="#[13f]">&gt;&gt;</a>&nbsp;&nbsp;&nbsp;_printf_post_padding
<LI><a href="#[13c]">&gt;&gt;</a>&nbsp;&nbsp;&nbsp;_fp_digits
<LI><a href="#[e1]">&gt;&gt;</a>&nbsp;&nbsp;&nbsp;__aeabi_uldivmod
</UL>
<BR>[Called By]<UL><LI><a href="#[13b]">&gt;&gt;</a>&nbsp;&nbsp;&nbsp;__0vsprintf
<LI><a href="#[139]">&gt;&gt;</a>&nbsp;&nbsp;&nbsp;__0printf
</UL>

<P><STRONG><a name="[13f]"></a>_printf_post_padding</STRONG> (Thumb, 36 bytes, Stack size 24 bytes, printfa.o(i._printf_post_padding), UNUSED)
<BR><BR>[Called By]<UL><LI><a href="#[13a]">&gt;&gt;</a>&nbsp;&nbsp;&nbsp;_printf_core
</UL>

<P><STRONG><a name="[13e]"></a>_printf_pre_padding</STRONG> (Thumb, 46 bytes, Stack size 24 bytes, printfa.o(i._printf_pre_padding), UNUSED)
<BR><BR>[Called By]<UL><LI><a href="#[13a]">&gt;&gt;</a>&nbsp;&nbsp;&nbsp;_printf_core
</UL>

<P><STRONG><a name="[ab]"></a>_sputc</STRONG> (Thumb, 10 bytes, Stack size 0 bytes, printfa.o(i._sputc))
<BR><BR>[Called By]<UL><LI><a href="#[13b]">&gt;&gt;</a>&nbsp;&nbsp;&nbsp;__0vsprintf
</UL>
<BR>[Address Reference Count : 1]<UL><LI> printfa.o(i.__0vsprintf)
</UL><P>
<H3>
Undefined Global Symbols
</H3><HR></body></html>
