Component: ARM Compiler 5.06 update 6 (build 750) Tool: armlink [4d35ed]

==============================================================================

Section Cross References

    main.o(i.main) refers to tasks.o(i.xTaskCreate) for xTaskCreate
    main.o(i.main) refers to tasks.o(i.vTaskStartScheduler) for vTaskStartScheduler
    main.o(i.main) refers to start_task.o(.data) for StartTask_Handler
    main.o(i.main) refers to start_task.o(i.start_task) for start_task
    start_task.o(i.start_task) refers to port.o(i.vPortEnterCritical) for vPortEnterCritical
    start_task.o(i.start_task) refers to start_task.o(i.system_clk_init) for system_clk_init
    start_task.o(i.start_task) refers to debug_bsp.o(i.debug_usart_init) for debug_usart_init
    start_task.o(i.start_task) refers to tasks.o(i.xTaskCreate) for xTaskCreate
    start_task.o(i.start_task) refers to debug_bsp.o(i.debug_printf) for debug_printf
    start_task.o(i.start_task) refers to tasks.o(i.vTaskDelay) for vTaskDelay
    start_task.o(i.start_task) refers to tasks.o(i.vTaskDelete) for vTaskDelete
    start_task.o(i.start_task) refers to port.o(i.vPortExitCritical) for vPortExitCritical
    start_task.o(i.start_task) refers to broker_task.o(i.broker_task) for broker_task
    start_task.o(i.start_task) refers to rs458_task.o(i.rs485_task) for rs485_task
    start_task.o(i.start_task) refers to ethernet_task.o(i.ethernet_task) for ethernet_task
    start_task.o(i.start_task) refers to logic_control_task.o(i.logic_control_task) for logic_control_task
    start_task.o(i.start_task) refers to gpio_manage_business.o(i.control_task) for control_task
    start_task.o(i.start_task) refers to start_task.o(.conststring) for .conststring
    start_task.o(i.start_task) refers to main.o(.data) for firmware_version
    start_task.o(i.system_clk_init) refers to memseta.o(.text) for __aeabi_memclr4
    start_task.o(i.system_clk_init) refers to hc32f46x_clk.o(i.CLK_SysClkConfig) for CLK_SysClkConfig
    start_task.o(i.system_clk_init) refers to hc32f46x_clk.o(i.CLK_XtalConfig) for CLK_XtalConfig
    start_task.o(i.system_clk_init) refers to hc32f46x_clk.o(i.CLK_XtalCmd) for CLK_XtalCmd
    start_task.o(i.system_clk_init) refers to hc32f46x_clk.o(i.CLK_HrcCmd) for CLK_HrcCmd
    start_task.o(i.system_clk_init) refers to hc32f46x_clk.o(i.CLK_GetFlagStatus) for CLK_GetFlagStatus
    start_task.o(i.system_clk_init) refers to hc32f46x_clk.o(i.CLK_SetPllSource) for CLK_SetPllSource
    start_task.o(i.system_clk_init) refers to hc32f46x_clk.o(i.CLK_MpllConfig) for CLK_MpllConfig
    start_task.o(i.system_clk_init) refers to hc32f46x_efm.o(i.EFM_Unlock) for EFM_Unlock
    start_task.o(i.system_clk_init) refers to hc32f46x_efm.o(i.EFM_SetLatency) for EFM_SetLatency
    start_task.o(i.system_clk_init) refers to hc32f46x_efm.o(i.EFM_Lock) for EFM_Lock
    start_task.o(i.system_clk_init) refers to hc32f46x_clk.o(i.CLK_MpllCmd) for CLK_MpllCmd
    start_task.o(i.system_clk_init) refers to hc32f46x_clk.o(i.CLK_SetSysClkSource) for CLK_SetSysClkSource
    start_task.o(i.system_clk_init) refers to hc32f46x_utility.o(i.SysTick_Init) for SysTick_Init
    broker_task.o(i.broker_handle) refers to broker_task.o(i.broker_push_information) for broker_push_information
    broker_task.o(i.broker_handle) refers to broker_task.o(i.clear_release_information) for clear_release_information
    broker_task.o(i.broker_handle) refers to broker_task.o(.data) for broker_information
    broker_task.o(i.broker_push_information) refers to strstr.o(.text) for strstr
    broker_task.o(i.broker_push_information) refers to memcpya.o(.text) for __aeabi_memcpy
    broker_task.o(i.broker_push_information) refers to broker_task.o(.data) for broker_information
    broker_task.o(i.broker_task) refers to broker_task.o(i.clear_broker_information) for clear_broker_information
    broker_task.o(i.broker_task) refers to broker_task.o(i.broker_handle) for broker_handle
    broker_task.o(i.broker_task) refers to tasks.o(i.vTaskDelay) for vTaskDelay
    broker_task.o(i.clear_broker_information) refers to memseta.o(.text) for __aeabi_memclr
    broker_task.o(i.clear_broker_information) refers to broker_task.o(.data) for broker_information
    broker_task.o(i.clear_release_information) refers to memseta.o(.text) for __aeabi_memclr
    broker_task.o(i.directional_release_data) refers to memcpya.o(.text) for __aeabi_memcpy
    broker_task.o(i.directional_release_data_to_cache) refers to memcpya.o(.text) for __aeabi_memcpy
    broker_task.o(i.directional_release_data_to_cache) refers to broker_task.o(i.release_buff_write) for release_buff_write
    broker_task.o(i.read_subscribe_payload) refers to broker_task.o(i.check_subscribe_information) for check_subscribe_information
    broker_task.o(i.read_subscribe_payload) refers to broker_task.o(i.clear_release_information) for clear_release_information
    broker_task.o(i.release_buff_check) refers to memcpya.o(.text) for __aeabi_memcpy
[...]
    recvfrom                                 0x00019cdd   Thumb Code   602  socket.o(i.recvfrom)
    reg_dhcp_cbfunc                          0x00019f45   Thumb Code    40  dhcp.o(i.reg_dhcp_cbfunc)
    reg_wizchip_cris_cbfunc                  0x00019f85   Thumb Code    26  wizchip_conf.o(i.reg_wizchip_cris_cbfunc)
    reg_wizchip_cs_cbfunc                    0x00019fad   Thumb Code    26  wizchip_conf.o(i.reg_wizchip_cs_cbfunc)
    reg_wizchip_spi_cbfunc                   0x00019fd5   Thumb Code    40  wizchip_conf.o(i.reg_wizchip_spi_cbfunc)
    release_buff_write                       0x0001a009   Thumb Code    82  broker_task.o(i.release_buff_write)
    reset_DHCP_timeout                       0x0001a05d   Thumb Code    20  dhcp.o(i.reset_DHCP_timeout)
    rs485_inside_analysis_handle             0x0001a07d   Thumb Code    80  rs458_task.o(i.rs485_inside_analysis_handle)
    rs485_inside_send_buff                   0x0001a101   Thumb Code    88  rs458_bsp.o(i.rs485_inside_send_buff)
    rs485_outside_analysis_handle            0x0001a15d   Thumb Code    80  rs458_task.o(i.rs485_outside_analysis_handle)
    rs485_outside_send_buff                  0x0001a1e9   Thumb Code    80  rs458_bsp.o(i.rs485_outside_send_buff)
    rs485_send_handle                        0x0001a23d   Thumb Code   212  rs458_task.o(i.rs485_send_handle)
    rs485_task                               0x0001a351   Thumb Code    66  rs458_task.o(i.rs485_task)
    rs485_usart_init                         0x0001a3c9   Thumb Code    16  rs458_bsp.o(i.rs485_usart_init)
    rs485inside_release_data_to_cache        0x0001a3d9   Thumb Code    54  local_hotel_agreement.o(i.rs485inside_release_data_to_cache)
    scene_mode_lamp_update_status            0x0001a42d   Thumb Code    50  local_hotel_agreement.o(i.scene_mode_lamp_update_status)
    scoket_balanced                          0x0001a461   Thumb Code   168  ethernet_data_handle.o(i.scoket_balanced)
    scoket_cloud                             0x0001a555   Thumb Code    82  ethernet_data_handle.o(i.scoket_cloud)
    scoket_dns_handle                        0x0001a5c9   Thumb Code   466  ethernet_operation.o(i.scoket_dns_handle)
    scoket_set                               0x0001a8c5   Thumb Code    82  ethernet_data_handle.o(i.scoket_set)
    scoket_tcp_handle                        0x0001a939   Thumb Code   780  ethernet_operation.o(i.scoket_tcp_handle)
    scoket_udp                               0x0001ae41   Thumb Code     6  ethernet_data_handle.o(i.scoket_udp)
    send                                     0x0001ae49   Thumb Code   374  socket.o(i.send)
    send_DHCP_DECLINE                        0x0001afc9   Thumb Code   492  dhcp.o(i.send_DHCP_DECLINE)
    send_DHCP_DISCOVER                       0x0001b1c9   Thumb Code   532  dhcp.o(i.send_DHCP_DISCOVER)
    send_DHCP_REQUEST                        0x0001b3ed   Thumb Code   886  dhcp.o(i.send_DHCP_REQUEST)
    sendto                                   0x0001b781   Thumb Code   460  socket.o(i.sendto)
    service_f0_command_package               0x0001b951   Thumb Code     2  local_hotel_agreement.o(i.service_f0_command_package)
    service_transformation                   0x0001b955   Thumb Code    78  local_hotel_agreement.o(i.service_transformation)
    set_system_data                          0x0001b9ad   Thumb Code    18  data_task.o(i.set_system_data)
    socket                                   0x0001b9c9   Thumb Code   346  socket.o(i.socket)
    start_task                               0x0001bb39   Thumb Code   168  start_task.o(i.start_task)
    swaps                                    0x0001bcd9   Thumb Code    14  dns.o(i.swaps)
    switch_driver_write                      0x0001bce7   Thumb Code    76  gpio_manage_driver.o(i.switch_driver_write)
    switch_handle                            0x0001bd35   Thumb Code    28  gpio_manage_business.o(i.switch_handle)
    switch_read_subscribe                    0x0001bd55   Thumb Code    78  gpio_manage_business.o(i.switch_read_subscribe)
    system_clk_init                          0x0001bdc5   Thumb Code   208  start_task.o(i.system_clk_init)
    tcp_iap_handle                           0x0001be95   Thumb Code   250  ethernet_iap.o(i.tcp_iap_handle)
    tcp_iap_reply                            0x0001bfb5   Thumb Code    76  ethernet_iap.o(i.tcp_iap_reply)
    tcp_set_handle                           0x0001c001   Thumb Code   180  ethernet_data_handle.o(i.tcp_set_handle)
    tcp_set_reply                            0x0001c0cd   Thumb Code    50  ethernet_data_handle.o(i.tcp_set_reply)
    time6_init                               0x0001c101   Thumb Code   184  rs458_bsp.o(i.time6_init)
    uesr_data_reset                          0x0001c219   Thumb Code    88  logic_control_task.o(i.uesr_data_reset)
    usart3_init                              0x0001c28d   Thumb Code   252  rs458_bsp.o(i.usart3_init)
    usart4_init                              0x0001c399   Thumb Code   262  rs458_bsp.o(i.usart4_init)
    user_read_system_data                    0x0001c4b1   Thumb Code    34  data_task.o(i.user_read_system_data)
    uxListRemove                             0x0001c4dd   Thumb Code    40  list.o(i.uxListRemove)
    vListInitialise                          0x0001c505   Thumb Code    26  list.o(i.vListInitialise)
    vListInitialiseItem                      0x0001c51f   Thumb Code     6  list.o(i.vListInitialiseItem)
    vListInsert                              0x0001c525   Thumb Code    52  list.o(i.vListInsert)
    vListInsertEnd                           0x0001c559   Thumb Code    24  list.o(i.vListInsertEnd)
    vPortEnterCritical                       0x0001c571   Thumb Code    76  port.o(i.vPortEnterCritical)
    vPortExitCritical                        0x0001c5c5   Thumb Code    56  port.o(i.vPortExitCritical)
    vPortFree                                0x0001c601   Thumb Code   140  heap_4.o(i.vPortFree)
    vPortSetupTimerInterrupt                 0x0001c695   Thumb Code    26  port.o(i.vPortSetupTimerInterrupt)
    vTaskDelay                               0x0001c6b5   Thumb Code    82  tasks.o(i.vTaskDelay)
    vTaskDelete                              0x0001c711   Thumb Code   202  tasks.o(i.vTaskDelete)
    vTaskStartScheduler                      0x0001c805   Thumb Code   108  tasks.o(i.vTaskStartScheduler)
    vTaskSuspendAll                          0x0001c88d   Thumb Code    12  tasks.o(i.vTaskSuspendAll)
    vTaskSwitchContext                       0x0001c89d   Thumb Code   118  tasks.o(i.vTaskSwitchContext)
    w5500_init                               0x0001c929   Thumb Code   186  ethernet_operation.o(i.w5500_init)
    w5500_reset                              0x0001ca5d   Thumb Code    12  spi.o(i.w5500_reset)
    w5500_set                                0x0001ca69   Thumb Code    12  spi.o(i.w5500_set)
    w5500_user_reset                         0x0001ca75   Thumb Code    28  ethernet_operation.o(i.w5500_user_reset)
    wdt_config                               0x0001ca91   Thumb Code    54  logic_control_bsp.o(i.wdt_config)
    wiz_recv_data                            0x0001cac7   Thumb Code   132  w5500.o(i.wiz_recv_data)
    wiz_recv_ignore                          0x0001cb4b   Thumb Code   102  w5500.o(i.wiz_recv_ignore)
    wiz_send_data                            0x0001cbb1   Thumb Code   132  w5500.o(i.wiz_send_data)
    wizchip_bus_readbyte                     0x0001cc35   Thumb Code     6  wizchip_conf.o(i.wizchip_bus_readbyte)
    wizchip_bus_writebyte                    0x0001cc3b   Thumb Code     4  wizchip_conf.o(i.wizchip_bus_writebyte)
    wizchip_clrinterrupt                     0x0001cc3f   Thumb Code    32  wizchip_conf.o(i.wizchip_clrinterrupt)
    wizchip_cris_enter                       0x0001cc5f   Thumb Code     2  wizchip_conf.o(i.wizchip_cris_enter)
    wizchip_cris_exit                        0x0001cc61   Thumb Code     2  wizchip_conf.o(i.wizchip_cris_exit)
    wizchip_cs_deselect                      0x0001cc63   Thumb Code     2  wizchip_conf.o(i.wizchip_cs_deselect)
    wizchip_cs_select                        0x0001cc65   Thumb Code     2  wizchip_conf.o(i.wizchip_cs_select)
    wizchip_getinterrupt                     0x0001cc67   Thumb Code    42  wizchip_conf.o(i.wizchip_getinterrupt)
    wizchip_getinterruptmask                 0x0001cc91   Thumb Code    40  wizchip_conf.o(i.wizchip_getinterruptmask)
    wizchip_getnetinfo                       0x0001ccb9   Thumb Code    82  wizchip_conf.o(i.wizchip_getnetinfo)
    wizchip_getnetmode                       0x0001cd15   Thumb Code    10  wizchip_conf.o(i.wizchip_getnetmode)
    wizchip_gettimeout                       0x0001cd1f   Thumb Code    40  wizchip_conf.o(i.wizchip_gettimeout)
    wizchip_init                             0x0001cd47   Thumb Code   144  wizchip_conf.o(i.wizchip_init)
    wizchip_setinterruptmask                 0x0001cdd7   Thumb Code    30  wizchip_conf.o(i.wizchip_setinterruptmask)
    wizchip_setnetinfo                       0x0001cdf5   Thumb Code    80  wizchip_conf.o(i.wizchip_setnetinfo)
    wizchip_setnetmode                       0x0001ce4d   Thumb Code    38  wizchip_conf.o(i.wizchip_setnetmode)
    wizchip_settimeout                       0x0001ce73   Thumb Code    38  wizchip_conf.o(i.wizchip_settimeout)
    wizchip_spi_readbyte                     0x0001ce99   Thumb Code     4  wizchip_conf.o(i.wizchip_spi_readbyte)
    wizchip_spi_writebyte                    0x0001ce9d   Thumb Code     2  wizchip_conf.o(i.wizchip_spi_writebyte)
    wizchip_sw_reset                         0x0001ce9f   Thumb Code   114  wizchip_conf.o(i.wizchip_sw_reset)
    wizphy_getphyconf                        0x0001cf11   Thumb Code   120  wizchip_conf.o(i.wizphy_getphyconf)
    wizphy_getphylink                        0x0001cf89   Thumb Code    26  wizchip_conf.o(i.wizphy_getphylink)
    wizphy_getphypmode                       0x0001cfa3   Thumb Code    28  wizchip_conf.o(i.wizphy_getphypmode)
    wizphy_reset                             0x0001cfbf   Thumb Code    52  wizchip_conf.o(i.wizphy_reset)
    wizphy_setphyconf                        0x0001cff3   Thumb Code    88  wizchip_conf.o(i.wizphy_setphyconf)
    wizphy_setphypmode                       0x0001d04b   Thumb Code   100  wizchip_conf.o(i.wizphy_setphypmode)
    write_logic_data                         0x0001d0b1   Thumb Code    38  data_task.o(i.write_logic_data)
    write_room_data                          0x0001d0dd   Thumb Code    26  data_task.o(i.write_room_data)
    write_scene_data                         0x0001d0fd   Thumb Code    44  data_task.o(i.write_scene_data)
    write_set_data                           0x0001d12d   Thumb Code    30  data_task.o(i.write_set_data)
    write_system_data                        0x0001d151   Thumb Code    16  data_task.o(i.write_system_data)
    xPortStartScheduler                      0x0001d165   Thumb Code   288  port.o(i.xPortStartScheduler)
    xTaskCreate                              0x0001d2a1   Thumb Code    96  tasks.o(i.xTaskCreate)
    xTaskIncrementTick                       0x0001d301   Thumb Code   282  tasks.o(i.xTaskIncrementTick)
    xTaskResumeAll                           0x0001d449   Thumb Code   224  tasks.o(i.xTaskResumeAll)
    service_maping                           0x0001d54c   Data           8  local_hotel_agreement.o(.constdata)
    hotel_instruction_pack                   0x0001d554   Data          76  ethernet_hotel_agreement.o(.constdata)
    ethernet_callback                        0x0001d5a0   Data           8  ethernet_task.o(.constdata)
    Region$$Table$$Base                      0x0001d668   Number         0  anon$$obj.o(Region$$Table)
    Region$$Table$$Limit                     0x0001d688   Number         0  anon$$obj.o(Region$$Table)
    firmware_version                         0x1fff8000   Data           1  main.o(.data)
    StartTask_Handler                        0x1fff8004   Data           4  start_task.o(.data)
    broker_information                       0x1fff8008   Data          16  broker_task.o(.data)
    logic_business                           0x1fff8018   Data        2352  logic_control_task.o(.data)
    user_system_data_point                   0x1fff8948   Data           4  logic_control_task.o(.data)
    key_value_updata_flag                    0x1fff894c   Data           1  logic_control_task.o(.data)
    user_logic                               0x1fff894d   Data           1  logic_control_task.o(.data)
    user_uid                                 0x1fff894e   Data           3  logic_control_task.o(.data)
    ethernet_debug_flag                      0x1fff8954   Data           1  ethernet_hotel_agreement.o(.data)
    timer_callback                           0x1fff8958   Data           4  logic_control_bsp.o(.data)
    control_task_handler                     0x1fff895c   Data           4  gpio_manage_business.o(.data)
    gpio_business                            0x1fff8960   Data        2352  gpio_manage_business.o(.data)
    ethernet_task_handler                    0x1fff92bc   Data           4  ethernet_task.o(.data)
    ethernet_data_monitor_num                0x1fff92c4   Data           2  ethernet_operation.o(.data)
    dns_server_ip                            0x1fff92c6   Data           4  ethernet_operation.o(.data)
    domain_name                              0x1fff92cc   Data           4  ethernet_operation.o(.data)
    dns_finish_flag                          0x1fff92d0   Data           1  ethernet_operation.o(.data)
    my_dhcp_retry                            0x1fff92d1   Data           1  ethernet_operation.o(.data)
    gWIZNETINFO                              0x1fff92d2   Data          23  ethernet_operation.o(.data)
    user_scoket_cloud                        0x1fff92ea   Data           6  ethernet_operation.o(.data)
    user_scoket_set                          0x1fff92f0   Data           6  ethernet_operation.o(.data)
    user_scoket_balanced                     0x1fff92f6   Data           6  ethernet_operation.o(.data)
    user_scoket_prot_null                    0x1fff92fc   Data           6  ethernet_operation.o(.data)
    user_scoket_point_buff                   0x1fff9304   Data          32  ethernet_operation.o(.data)
    user_scoket_prot_handle                  0x1fff932c   Data          48  ethernet_operation.o(.data)
    scoket_balanced_flag                     0x1fff935c   Data           1  ethernet_operation.o(.data)
    ethernet_business                        0x1fff936c   Data        2352  ethernet_data_handle.o(.data)
    uesr_data_updata                         0x1fff9c9c   Data           8  ethernet_data_handle.o(.data)
    MSG_ID                                   0x1fff9cc8   Data           2  dns.o(.data)
    DNS_GET_IP                               0x1fff9cca   Data           4  dns.o(.data)
    dns_num                                  0x1fff9cce   Data           1  dns.o(.data)
    DHCP_SOCKET                              0x1fff9cd0   Data           1  dhcp.o(.data)
    DHCP_SIP                                 0x1fff9cd1   Data           4  dhcp.o(.data)
    OLD_allocated_ip                         0x1fff9cd5   Data           4  dhcp.o(.data)
    DHCP_allocated_ip                        0x1fff9cd9   Data           4  dhcp.o(.data)
    DHCP_allocated_gw                        0x1fff9cdd   Data           4  dhcp.o(.data)
    DHCP_allocated_sn                        0x1fff9ce1   Data           4  dhcp.o(.data)
    DHCP_allocated_dns                       0x1fff9ce5   Data           4  dhcp.o(.data)
    dhcp_state                               0x1fff9ce9   Data           1  dhcp.o(.data)
    dhcp_retry_count                         0x1fff9cea   Data           1  dhcp.o(.data)
    dhcp_lease_time                          0x1fff9cec   Data           4  dhcp.o(.data)
    dhcp_tick_1s                             0x1fff9cf0   Data           4  dhcp.o(.data)
    dhcp_tick_next                           0x1fff9cf4   Data           4  dhcp.o(.data)
    DHCP_XID                                 0x1fff9cf8   Data           4  dhcp.o(.data)
    pDHCPMSG                                 0x1fff9cfc   Data           4  dhcp.o(.data)
    HOST_NAME                                0x1fff9d00   Data           8  dhcp.o(.data)
    DHCP_CHADDR                              0x1fff9d08   Data           6  dhcp.o(.data)
    dhcp_ip_assign                           0x1fff9d10   Data           4  dhcp.o(.data)
    dhcp_ip_update                           0x1fff9d14   Data           4  dhcp.o(.data)
    dhcp_ip_conflict                         0x1fff9d18   Data           4  dhcp.o(.data)
    WIZCHIP                                  0x1fff9d1c   Data          32  wizchip_conf.o(.data)
    test_tcp_num                             0x1fff9d41   Data           1  spi.o(.data)
    rs485_task_handler                       0x1fff9d44   Data           4  rs458_task.o(.data)
    rs485_business                           0x1fff9d48   Data        2352  rs458_task.o(.data)
    pxCurrentTCB                             0x1fffa684   Data           4  tasks.o(.data)
    HRC_VALUE                                0x1fffa6e4   Data           4  system_hc32f46x.o(.data)
    SystemCoreClock                          0x1fffa6e8   Data           4  system_hc32f46x.o(.data)
    __stdout                                 0x1fffa6f4   Data           4  stdout.o(.data)
    user_key_data                            0x1fffa6f8   Data         405  logic_control_task.o(.bss)
    user_key_analysis                        0x1fffa88d   Data         405  logic_control_task.o(.bss)
    user_key_execute                         0x1fffaa22   Data         405  logic_control_task.o(.bss)
    user_delay_key                           0x1fffabb8   Data        1216  logic_control_task.o(.bss)
    user_system_data                         0x1fffb130   Data        4622  logic_control_task.o(.bss)
    logic_business_release_buff              0x1fffc340   Data        9592  logic_control_task.o(.bss)
    current_user                             0x1fffe8b8   Data         116  logic_control_task.o(.bss)
    lamp_status                              0x1fffe9f4   Data          10  gpio_manage_business.o(.bss)
    button_status                            0x1fffe9fe   Data          10  gpio_manage_business.o(.bss)
    key_manage                               0x1fffea08   Data          60  gpio_manage_driver.o(.bss)
    uesr_flash_buff                          0x1fffea44   Data        4622  data_task.o(.bss)
    domain_name_buff                         0x1ffffc52   Data          50  ethernet_operation.o(.bss)
    dhcp_receive_buff                        0x1ffffc84   Data        2048  ethernet_operation.o(.bss)
    receive_asc_buff                         0x2000057c   Data         100  ethernet_data_handle.o(.bss)
    tcp_receive_buff                         0x200005e0   Data        2048  ethernet_data_handle.o(.bss)
    tcp_receive_set_buff                     0x20000de0   Data        4048  ethernet_data_handle.o(.bss)
    send_tcp_buff                            0x20001db0   Data        5000  ethernet_data_handle.o(.bss)
    receive_balanced_buff                    0x20003138   Data         100  ethernet_data_handle.o(.bss)
    test_tcp                                 0x200031ac   Data          20  spi.o(.bss)
    usart3_commnuication_frame               0x20003350   Data        1422  rs458_analysis.o(.bss)
    usart4_commnuication_frame               0x200038de   Data        1422  rs458_analysis.o(.bss)
    debug_buff                               0x20003e70   Data         256  debug_bsp.o(.bss)
    IrqHandler                               0x20012ac0   Data         512  hc32f46x_interrupts.o(.bss)
    __initial_sp                             0x20014cc0   Data           0  startup_hc32f46x.o(STACK)



==============================================================================

Memory Map of the image

  Image Entry point : 0x0000e281

  Load Region LR_IROM1 (Base: 0x0000e000, Size: 0x00011d80, Max: 0x00080000, ABSOLUTE, COMPRESSED[0x0000f824])

    Execution Region ER_IROM1 (Exec base: 0x0000e000, Load base: 0x0000e000, Size: 0x0000f688, Max: 0x00080000, ABSOLUTE)

    Exec Addr    Load Addr    Size         Type   Attr      Idx    E Section Name        Object

    0x0000e000   0x0000e000   0x00000280   Data   RO         4996    RESET               startup_hc32f46x.o
    0x0000e280   0x0000e280   0x00000000   Code   RO         7094  * .ARM.Collect$$$$00000000  mc_w.l(entry.o)
    0x0000e280   0x0000e280   0x00000004   Code   RO         7374    .ARM.Collect$$$$00000001  mc_w.l(entry2.o)
    0x0000e284   0x0000e284   0x00000004   Code   RO         7377    .ARM.Collect$$$$00000004  mc_w.l(entry5.o)
    0x0000e288   0x0000e288   0x00000000   Code   RO         7379    .ARM.Collect$$$$00000008  mc_w.l(entry7b.o)
    0x0000e288   0x0000e288   0x00000000   Code   RO         7381    .ARM.Collect$$$$0000000A  mc_w.l(entry8b.o)
    0x0000e288   0x0000e288   0x00000008   Code   RO         7382    .ARM.Collect$$$$0000000B  mc_w.l(entry9a.o)
    0x0000e290   0x0000e290   0x00000000   Code   RO         7384    .ARM.Collect$$$$0000000D  mc_w.l(entry10a.o)
    0x0000e290   0x0000e290   0x00000000   Code   RO         7386    .ARM.Collect$$$$0000000F  mc_w.l(entry11a.o)
    0x0000e290   0x0000e290   0x00000004   Code   RO         7375    .ARM.Collect$$$$00002712  mc_w.l(entry2.o)
    0x0000e294   0x0000e294   0x000000ba   Code   RO         3931    .emb_text           port.o
    0x0000e34e   0x0000e34e   0x00000002   PAD
    0x0000e350   0x0000e350   0x00000058   Code   RO         4997    .text               startup_hc32f46x.o
    0x0000e3a8   0x0000e3a8   0x00000062   Code   RO         7097    .text               mc_w.l(uldiv.o)
    0x0000e40a   0x0000e40a   0x00000024   Code   RO         7099    .text               mc_w.l(memcpya.o)
    0x0000e42e   0x0000e42e   0x00000024   Code   RO         7101    .text               mc_w.l(memseta.o)
    0x0000e452   0x0000e452   0x00000024   Code   RO         7103    .text               mc_w.l(strstr.o)
    0x0000e476   0x0000e476   0x00000018   Code   RO         7105    .text               mc_w.l(strncpy.o)
    0x0000e48e   0x0000e48e   0x00000014   Code   RO         7107    .text               mc_w.l(strchr.o)
    0x0000e4a2   0x0000e4a2   0x0000000e   Code   RO         7109    .text               mc_w.l(strlen.o)
    0x0000e4b0   0x0000e4b0   0x0000002c   Code   RO         7389    .text               mc_w.l(uidiv.o)
    0x0000e4dc   0x0000e4dc   0x0000001e   Code   RO         7391    .text               mc_w.l(llshl.o)
    0x0000e4fa   0x0000e4fa   0x00000020   Code   RO         7393    .text               mc_w.l(llushr.o)
    0x0000e51a   0x0000e51a   0x00000000   Code   RO         7395    .text               mc_w.l(iusefp.o)
    0x0000e51a   0x0000e51a   0x0000014e   Code   RO         7396    .text               mf_w.l(dadd.o)
    0x0000e668   0x0000e668   0x000000e4   Code   RO         7398    .text               mf_w.l(dmul.o)
    0x0000e74c   0x0000e74c   0x000000de   Code   RO         7400    .text               mf_w.l(ddiv.o)
    0x0000e82a   0x0000e82a   0x00000030   Code   RO         7402    .text               mf_w.l(dfixul.o)
    0x0000e85a   0x0000e85a   0x00000002   PAD
    0x0000e85c   0x0000e85c   0x00000030   Code   RO         7404    .text               mf_w.l(cdrcmple.o)
    0x0000e88c   0x0000e88c   0x00000024   Code   RO         7406    .text               mc_w.l(init.o)
    0x0000e8b0   0x0000e8b0   0x00000024   Code   RO         7408    .text               mc_w.l(llsshr.o)
    0x0000e8d4   0x0000e8d4   0x000000ba   Code   RO         7410    .text               mf_w.l(depilogue.o)
    0x0000e98e   0x0000e98e   0x00000056   Code   RO         7420    .text               mc_w.l(__dczerorl2.o)
    0x0000e9e4   0x0000e9e4   0x00000068   Code   RO         6598    i.AsyncDelay        hc32f46x_timer0.o
    0x0000ea4c   0x0000ea4c   0x00000008   Code   RO         4024    i.BusFault_Handler  hc32f46x_interrupts.o
    0x0000ea54   0x0000ea54   0x000000c4   Code   RO         5296    i.CLK_GetFlagStatus  hc32f46x_clk.o
    0x0000eb18   0x0000eb18   0x000000fc   Code   RO         5300    i.CLK_HrcCmd        hc32f46x_clk.o
    0x0000ec14   0x0000ec14   0x000000cc   Code   RO         5304    i.CLK_MpllCmd       hc32f46x_clk.o
    0x0000ece0   0x0000ece0   0x000001bc   Code   RO         5305    i.CLK_MpllConfig    hc32f46x_clk.o
    0x0000ee9c   0x0000ee9c   0x00000080   Code   RO         5312    i.CLK_SetPllSource  hc32f46x_clk.o
    0x0000ef1c   0x0000ef1c   0x0000012c   Code   RO         5313    i.CLK_SetSysClkSource  hc32f46x_clk.o
    0x0000f048   0x0000f048   0x000001ac   Code   RO         5315    i.CLK_SysClkConfig  hc32f46x_clk.o
    0x0000f1f4   0x0000f1f4   0x000000c0   Code   RO         5320    i.CLK_Xtal32Cmd     hc32f46x_clk.o
    0x0000f2b4   0x0000f2b4   0x00000114   Code   RO         5322    i.CLK_XtalCmd       hc32f46x_clk.o
    0x0000f3c8   0x0000f3c8   0x00000064   Code   RO         5323    i.CLK_XtalConfig    hc32f46x_clk.o
    0x0000f42c   0x0000f42c   0x000000b0   Code   RO         2238    i.DHCP_init         dhcp.o
    0x0000f4dc   0x0000f4dc   0x000001d8   Code   RO         2239    i.DHCP_run          dhcp.o
    0x0000f6b4   0x0000f6b4   0x00000010   Code   RO         2241    i.DHCP_time_handler  dhcp.o
    0x0000f6c4   0x0000f6c4   0x00000044   Code   RO         5184    i.Ddl_AssertHandler  hc32f46x_utility.o
    0x0000f708   0x0000f708   0x00000008   Code   RO         4025    i.DebugMon_Handler  hc32f46x_interrupts.o
    0x0000f710   0x0000f710   0x00000018   Code   RO         5188    i.DebugOutput       hc32f46x_utility.o
    0x0000f728   0x0000f728   0x0000000c   Code   RO         5740    i.EFM_ClearFlag     hc32f46x_efm.o
    0x0000f734   0x0000f734   0x00000054   Code   RO         5742    i.EFM_ErasePgmCmd   hc32f46x_efm.o
    0x0000f788   0x0000f788   0x0000005c   Code   RO         5743    i.EFM_FlashCmd      hc32f46x_efm.o
    0x0000f7e4   0x0000f7e4   0x00000070   Code   RO         5744    i.EFM_GetFlagStatus  hc32f46x_efm.o
    0x0000f854   0x0000f854   0x00000018   Code   RO         5748    i.EFM_Lock          hc32f46x_efm.o
    0x0000f86c   0x0000f86c   0x000000d8   Code   RO         5753    i.EFM_SectorErase   hc32f46x_efm.o
    0x0000f944   0x0000f944   0x0000008c   Code   RO         5757    i.EFM_SetLatency    hc32f46x_efm.o
    0x0000f9d0   0x0000f9d0   0x000000e4   Code   RO         5760    i.EFM_SingleProgram  hc32f46x_efm.o
    0x0000fab4   0x0000fab4   0x00000014   Code   RO         5762    i.EFM_Unlock        hc32f46x_efm.o
    0x0000fac8   0x0000fac8   0x00000008   Code   RO         4026    i.HardFault_Handler  hc32f46x_interrupts.o
    0x0000fad0   0x0000fad0   0x00000014   Code   RO         4027    i.IRQ000_Handler    hc32f46x_interrupts.o
    0x0000fae4   0x0000fae4   0x00000014   Code   RO         4028    i.IRQ001_Handler    hc32f46x_interrupts.o
    0x0000faf8   0x0000faf8   0x00000014   Code   RO         4029    i.IRQ002_Handler    hc32f46x_interrupts.o
    0x0000fb0c   0x0000fb0c   0x00000014   Code   RO         4030    i.IRQ003_Handler    hc32f46x_interrupts.o
    0x0000fb20   0x0000fb20   0x00000014   Code   RO         4031    i.IRQ004_Handler    hc32f46x_interrupts.o
    0x0000fb34   0x0000fb34   0x00000014   Code   RO         4032    i.IRQ005_Handler    hc32f46x_interrupts.o
    0x0000fb48   0x0000fb48   0x00000014   Code   RO         4033    i.IRQ006_Handler    hc32f46x_interrupts.o
    0x0000fb5c   0x0000fb5c   0x00000014   Code   RO         4034    i.IRQ007_Handler    hc32f46x_interrupts.o
    0x0000fb70   0x0000fb70   0x00000014   Code   RO         4035    i.IRQ008_Handler    hc32f46x_interrupts.o
    0x0000fb84   0x0000fb84   0x00000014   Code   RO         4036    i.IRQ009_Handler    hc32f46x_interrupts.o
    0x0000fb98   0x0000fb98   0x00000014   Code   RO         4037    i.IRQ010_Handler    hc32f46x_interrupts.o
    0x0000fbac   0x0000fbac   0x00000014   Code   RO         4038    i.IRQ011_Handler    hc32f46x_interrupts.o
    0x0000fbc0   0x0000fbc0   0x00000014   Code   RO         4039    i.IRQ012_Handler    hc32f46x_interrupts.o
    0x0000fbd4   0x0000fbd4   0x00000014   Code   RO         4040    i.IRQ013_Handler    hc32f46x_interrupts.o
    0x0000fbe8   0x0000fbe8   0x00000014   Code   RO         4041    i.IRQ014_Handler    hc32f46x_interrupts.o
    0x0000fbfc   0x0000fbfc   0x00000014   Code   RO         4042    i.IRQ015_Handler    hc32f46x_interrupts.o
    0x0000fc10   0x0000fc10   0x00000014   Code   RO         4043    i.IRQ016_Handler    hc32f46x_interrupts.o
    0x0000fc24   0x0000fc24   0x00000014   Code   RO         4044    i.IRQ017_Handler    hc32f46x_interrupts.o
    0x0000fc38   0x0000fc38   0x00000014   Code   RO         4045    i.IRQ018_Handler    hc32f46x_interrupts.o
    0x0000fc4c   0x0000fc4c   0x00000014   Code   RO         4046    i.IRQ019_Handler    hc32f46x_interrupts.o
    0x0000fc60   0x0000fc60   0x00000014   Code   RO         4047    i.IRQ020_Handler    hc32f46x_interrupts.o
    0x0000fc74   0x0000fc74   0x00000014   Code   RO         4048    i.IRQ021_Handler    hc32f46x_interrupts.o
    0x0000fc88   0x0000fc88   0x00000014   Code   RO         4049    i.IRQ022_Handler    hc32f46x_interrupts.o
    0x0000fc9c   0x0000fc9c   0x00000014   Code   RO         4050    i.IRQ023_Handler    hc32f46x_interrupts.o
    0x0000fcb0   0x0000fcb0   0x00000014   Code   RO         4051    i.IRQ024_Handler    hc32f46x_interrupts.o
    0x0000fcc4   0x0000fcc4   0x00000014   Code   RO         4052    i.IRQ025_Handler    hc32f46x_interrupts.o
    0x0000fcd8   0x0000fcd8   0x00000014   Code   RO         4053    i.IRQ026_Handler    hc32f46x_interrupts.o
    0x0000fcec   0x0000fcec   0x00000014   Code   RO         4054    i.IRQ027_Handler    hc32f46x_interrupts.o
    0x0000fd00   0x0000fd00   0x00000014   Code   RO         4055    i.IRQ028_Handler    hc32f46x_interrupts.o
    0x0000fd14   0x0000fd14   0x00000014   Code   RO         4056    i.IRQ029_Handler    hc32f46x_interrupts.o
    0x0000fd28   0x0000fd28   0x00000014   Code   RO         4057    i.IRQ030_Handler    hc32f46x_interrupts.o
    0x0000fd3c   0x0000fd3c   0x00000014   Code   RO         4058    i.IRQ031_Handler    hc32f46x_interrupts.o
    0x0000fd50   0x0000fd50   0x00000018   Code   RO         4059    i.IRQ032_Handler    hc32f46x_interrupts.o
    0x0000fd68   0x0000fd68   0x00000018   Code   RO         4060    i.IRQ033_Handler    hc32f46x_interrupts.o
    0x0000fd80   0x0000fd80   0x00000018   Code   RO         4061    i.IRQ034_Handler    hc32f46x_interrupts.o
    0x0000fd98   0x0000fd98   0x00000018   Code   RO         4062    i.IRQ035_Handler    hc32f46x_interrupts.o
    0x0000fdb0   0x0000fdb0   0x00000018   Code   RO         4063    i.IRQ036_Handler    hc32f46x_interrupts.o
    0x0000fdc8   0x0000fdc8   0x00000018   Code   RO         4064    i.IRQ037_Handler    hc32f46x_interrupts.o
    0x0000fde0   0x0000fde0   0x00000018   Code   RO         4065    i.IRQ038_Handler    hc32f46x_interrupts.o
    0x0000fdf8   0x0000fdf8   0x00000018   Code   RO         4066    i.IRQ039_Handler    hc32f46x_interrupts.o
    0x0000fe10   0x0000fe10   0x00000018   Code   RO         4067    i.IRQ040_Handler    hc32f46x_interrupts.o
    0x0000fe28   0x0000fe28   0x00000018   Code   RO         4068    i.IRQ041_Handler    hc32f46x_interrupts.o
    0x0000fe40   0x0000fe40   0x00000018   Code   RO         4069    i.IRQ042_Handler    hc32f46x_interrupts.o
    0x0000fe58   0x0000fe58   0x00000018   Code   RO         4070    i.IRQ043_Handler    hc32f46x_interrupts.o
    0x0000fe70   0x0000fe70   0x00000018   Code   RO         4071    i.IRQ044_Handler    hc32f46x_interrupts.o
    0x0000fe88   0x0000fe88   0x00000018   Code   RO         4072    i.IRQ045_Handler    hc32f46x_interrupts.o
    0x0000fea0   0x0000fea0   0x00000018   Code   RO         4073    i.IRQ046_Handler    hc32f46x_interrupts.o
    0x0000feb8   0x0000feb8   0x00000018   Code   RO         4074    i.IRQ047_Handler    hc32f46x_interrupts.o
    0x0000fed0   0x0000fed0   0x00000018   Code   RO         4075    i.IRQ048_Handler    hc32f46x_interrupts.o
    0x0000fee8   0x0000fee8   0x00000018   Code   RO         4076    i.IRQ049_Handler    hc32f46x_interrupts.o
    0x0000ff00   0x0000ff00   0x00000018   Code   RO         4077    i.IRQ050_Handler    hc32f46x_interrupts.o
    0x0000ff18   0x0000ff18   0x00000018   Code   RO         4078    i.IRQ051_Handler    hc32f46x_interrupts.o
    0x0000ff30   0x0000ff30   0x00000018   Code   RO         4079    i.IRQ052_Handler    hc32f46x_interrupts.o
    0x0000ff48   0x0000ff48   0x00000018   Code   RO         4080    i.IRQ053_Handler    hc32f46x_interrupts.o
    0x0000ff60   0x0000ff60   0x00000018   Code   RO         4081    i.IRQ054_Handler    hc32f46x_interrupts.o
    0x0000ff78   0x0000ff78   0x00000018   Code   RO         4082    i.IRQ055_Handler    hc32f46x_interrupts.o
    0x0000ff90   0x0000ff90   0x00000018   Code   RO         4083    i.IRQ056_Handler    hc32f46x_interrupts.o
    0x0000ffa8   0x0000ffa8   0x00000018   Code   RO         4084    i.IRQ057_Handler    hc32f46x_interrupts.o
    0x0000ffc0   0x0000ffc0   0x00000018   Code   RO         4085    i.IRQ058_Handler    hc32f46x_interrupts.o
    0x0000ffd8   0x0000ffd8   0x00000018   Code   RO         4086    i.IRQ059_Handler    hc32f46x_interrupts.o
    0x0000fff0   0x0000fff0   0x00000018   Code   RO         4087    i.IRQ060_Handler    hc32f46x_interrupts.o
    0x00010008   0x00010008   0x00000018   Code   RO         4088    i.IRQ061_Handler    hc32f46x_interrupts.o
    0x00010020   0x00010020   0x00000018   Code   RO         4089    i.IRQ062_Handler    hc32f46x_interrupts.o
    0x00010038   0x00010038   0x00000018   Code   RO         4090    i.IRQ063_Handler    hc32f46x_interrupts.o
    0x00010050   0x00010050   0x00000018   Code   RO         4091    i.IRQ064_Handler    hc32f46x_interrupts.o
    0x00010068   0x00010068   0x00000018   Code   RO         4092    i.IRQ065_Handler    hc32f46x_interrupts.o
    0x00010080   0x00010080   0x00000018   Code   RO         4093    i.IRQ066_Handler    hc32f46x_interrupts.o
    0x00010098   0x00010098   0x00000018   Code   RO         4094    i.IRQ067_Handler    hc32f46x_interrupts.o
    0x000100b0   0x000100b0   0x00000018   Code   RO         4095    i.IRQ068_Handler    hc32f46x_interrupts.o
    0x000100c8   0x000100c8   0x00000018   Code   RO         4096    i.IRQ069_Handler    hc32f46x_interrupts.o
    0x000100e0   0x000100e0   0x00000018   Code   RO         4097    i.IRQ070_Handler    hc32f46x_interrupts.o
    0x000100f8   0x000100f8   0x00000018   Code   RO         4098    i.IRQ071_Handler    hc32f46x_interrupts.o
    0x00010110   0x00010110   0x00000018   Code   RO         4099    i.IRQ072_Handler    hc32f46x_interrupts.o
    0x00010128   0x00010128   0x00000018   Code   RO         4100    i.IRQ073_Handler    hc32f46x_interrupts.o
    0x00010140   0x00010140   0x00000018   Code   RO         4101    i.IRQ074_Handler    hc32f46x_interrupts.o
    0x00010158   0x00010158   0x00000018   Code   RO         4102    i.IRQ075_Handler    hc32f46x_interrupts.o
    0x00010170   0x00010170   0x00000018   Code   RO         4103    i.IRQ076_Handler    hc32f46x_interrupts.o
    0x00010188   0x00010188   0x00000018   Code   RO         4104    i.IRQ077_Handler    hc32f46x_interrupts.o
    0x000101a0   0x000101a0   0x00000018   Code   RO         4105    i.IRQ078_Handler    hc32f46x_interrupts.o
    0x000101b8   0x000101b8   0x00000018   Code   RO         4106    i.IRQ079_Handler    hc32f46x_interrupts.o
    0x000101d0   0x000101d0   0x00000018   Code   RO         4107    i.IRQ080_Handler    hc32f46x_interrupts.o
    0x000101e8   0x000101e8   0x00000018   Code   RO         4108    i.IRQ081_Handler    hc32f46x_interrupts.o
    0x00010200   0x00010200   0x00000018   Code   RO         4109    i.IRQ082_Handler    hc32f46x_interrupts.o
    0x00010218   0x00010218   0x00000018   Code   RO         4110    i.IRQ083_Handler    hc32f46x_interrupts.o
    0x00010230   0x00010230   0x00000018   Code   RO         4111    i.IRQ084_Handler    hc32f46x_interrupts.o
    0x00010248   0x00010248   0x00000018   Code   RO         4112    i.IRQ085_Handler    hc32f46x_interrupts.o
    0x00010260   0x00010260   0x00000018   Code   RO         4113    i.IRQ086_Handler    hc32f46x_interrupts.o
    0x00010278   0x00010278   0x00000018   Code   RO         4114    i.IRQ087_Handler    hc32f46x_interrupts.o
    0x00010290   0x00010290   0x00000018   Code   RO         4115    i.IRQ088_Handler    hc32f46x_interrupts.o
    0x000102a8   0x000102a8   0x00000018   Code   RO         4116    i.IRQ089_Handler    hc32f46x_interrupts.o
    0x000102c0   0x000102c0   0x00000018   Code   RO         4117    i.IRQ090_Handler    hc32f46x_interrupts.o
    0x000102d8   0x000102d8   0x00000018   Code   RO         4118    i.IRQ091_Handler    hc32f46x_interrupts.o
    0x000102f0   0x000102f0   0x00000018   Code   RO         4119    i.IRQ092_Handler    hc32f46x_interrupts.o
    0x00010308   0x00010308   0x00000018   Code   RO         4120    i.IRQ093_Handler    hc32f46x_interrupts.o
    0x00010320   0x00010320   0x00000018   Code   RO         4121    i.IRQ094_Handler    hc32f46x_interrupts.o
    0x00010338   0x00010338   0x00000018   Code   RO         4122    i.IRQ095_Handler    hc32f46x_interrupts.o
    0x00010350   0x00010350   0x00000018   Code   RO         4123    i.IRQ096_Handler    hc32f46x_interrupts.o
    0x00010368   0x00010368   0x00000018   Code   RO         4124    i.IRQ097_Handler    hc32f46x_interrupts.o
    0x00010380   0x00010380   0x00000018   Code   RO         4125    i.IRQ098_Handler    hc32f46x_interrupts.o
    0x00010398   0x00010398   0x00000018   Code   RO         4126    i.IRQ099_Handler    hc32f46x_interrupts.o
    0x000103b0   0x000103b0   0x00000018   Code   RO         4127    i.IRQ100_Handler    hc32f46x_interrupts.o
    0x000103c8   0x000103c8   0x00000018   Code   RO         4128    i.IRQ101_Handler    hc32f46x_interrupts.o
    0x000103e0   0x000103e0   0x00000018   Code   RO         4129    i.IRQ102_Handler    hc32f46x_interrupts.o
    0x000103f8   0x000103f8   0x00000018   Code   RO         4130    i.IRQ103_Handler    hc32f46x_interrupts.o
    0x00010410   0x00010410   0x00000018   Code   RO         4131    i.IRQ104_Handler    hc32f46x_interrupts.o
    0x00010428   0x00010428   0x00000018   Code   RO         4132    i.IRQ105_Handler    hc32f46x_interrupts.o
    0x00010440   0x00010440   0x00000018   Code   RO         4133    i.IRQ106_Handler    hc32f46x_interrupts.o
    0x00010458   0x00010458   0x00000018   Code   RO         4134    i.IRQ107_Handler    hc32f46x_interrupts.o
    0x00010470   0x00010470   0x00000018   Code   RO         4135    i.IRQ108_Handler    hc32f46x_interrupts.o
    0x00010488   0x00010488   0x00000018   Code   RO         4136    i.IRQ109_Handler    hc32f46x_interrupts.o
    0x000104a0   0x000104a0   0x00000018   Code   RO         4137    i.IRQ110_Handler    hc32f46x_interrupts.o
    0x000104b8   0x000104b8   0x00000018   Code   RO         4138    i.IRQ111_Handler    hc32f46x_interrupts.o
    0x000104d0   0x000104d0   0x00000018   Code   RO         4139    i.IRQ112_Handler    hc32f46x_interrupts.o
    0x000104e8   0x000104e8   0x00000018   Code   RO         4140    i.IRQ113_Handler    hc32f46x_interrupts.o
    0x00010500   0x00010500   0x00000018   Code   RO         4141    i.IRQ114_Handler    hc32f46x_interrupts.o
    0x00010518   0x00010518   0x00000018   Code   RO         4142    i.IRQ115_Handler    hc32f46x_interrupts.o
    0x00010530   0x00010530   0x00000018   Code   RO         4143    i.IRQ116_Handler    hc32f46x_interrupts.o
    0x00010548   0x00010548   0x00000018   Code   RO         4144    i.IRQ117_Handler    hc32f46x_interrupts.o
    0x00010560   0x00010560   0x00000018   Code   RO         4145    i.IRQ118_Handler    hc32f46x_interrupts.o
    0x00010578   0x00010578   0x00000018   Code   RO         4146    i.IRQ119_Handler    hc32f46x_interrupts.o
    0x00010590   0x00010590   0x00000018   Code   RO         4147    i.IRQ120_Handler    hc32f46x_interrupts.o
    0x000105a8   0x000105a8   0x00000018   Code   RO         4148    i.IRQ121_Handler    hc32f46x_interrupts.o
    0x000105c0   0x000105c0   0x00000018   Code   RO         4149    i.IRQ122_Handler    hc32f46x_interrupts.o
    0x000105d8   0x000105d8   0x00000018   Code   RO         4150    i.IRQ123_Handler    hc32f46x_interrupts.o
    0x000105f0   0x000105f0   0x00000018   Code   RO         4151    i.IRQ124_Handler    hc32f46x_interrupts.o
    0x00010608   0x00010608   0x00000018   Code   RO         4152    i.IRQ125_Handler    hc32f46x_interrupts.o
    0x00010620   0x00010620   0x00000018   Code   RO         4153    i.IRQ126_Handler    hc32f46x_interrupts.o
    0x00010638   0x00010638   0x00000018   Code   RO         4154    i.IRQ127_Handler    hc32f46x_interrupts.o
    0x00010650   0x00010650   0x00000150   Code   RO         4155    i.IRQ128_Handler    hc32f46x_interrupts.o
    0x000107a0   0x000107a0   0x00000466   Code   RO         4156    i.IRQ129_Handler    hc32f46x_interrupts.o
    0x00010c06   0x00010c06   0x00000002   PAD
    0x00010c08   0x00010c08   0x000000dc   Code   RO         4157    i.IRQ130_Handler    hc32f46x_interrupts.o
    0x00010ce4   0x00010ce4   0x000002c8   Code   RO         4158    i.IRQ131_Handler    hc32f46x_interrupts.o
    0x00010fac   0x00010fac   0x00000170   Code   RO         4159    i.IRQ132_Handler    hc32f46x_interrupts.o
    0x0001111c   0x0001111c   0x00000320   Code   RO         4160    i.IRQ136_Handler    hc32f46x_interrupts.o
    0x0001143c   0x0001143c   0x00000288   Code   RO         4161    i.IRQ137_Handler    hc32f46x_interrupts.o
    0x000116c4   0x000116c4   0x0000023c   Code   RO         4162    i.IRQ138_Handler    hc32f46x_interrupts.o
    0x00011900   0x00011900   0x00000128   Code   RO         4163    i.IRQ139_Handler    hc32f46x_interrupts.o
    0x00011a28   0x00011a28   0x00000214   Code   RO         4164    i.IRQ140_Handler    hc32f46x_interrupts.o
    0x00011c3c   0x00011c3c   0x0000025c   Code   RO         4165    i.IRQ141_Handler    hc32f46x_interrupts.o
    0x00011e98   0x00011e98   0x00000114   Code   RO         4166    i.IRQ142_Handler    hc32f46x_interrupts.o
    0x00011fac   0x00011fac   0x00000110   Code   RO         4167    i.IRQ143_Handler    hc32f46x_interrupts.o
    0x000120bc   0x000120bc   0x00000008   Code   RO         4168    i.MemManage_Handler  hc32f46x_interrupts.o
    0x000120c4   0x000120c4   0x00000008   Code   RO         4169    i.NMI_Handler       hc32f46x_interrupts.o
    0x000120cc   0x000120cc   0x00000090   Code   RO         5059    i.PORT_DebugPortSetting  hc32f46x_gpio.o
    0x0001215c   0x0001215c   0x000000d4   Code   RO         5060    i.PORT_GetBit       hc32f46x_gpio.o
    0x00012230   0x00012230   0x0000020c   Code   RO         5062    i.PORT_Init         hc32f46x_gpio.o
    0x0001243c   0x0001243c   0x00000010   Code   RO         5063    i.PORT_Lock         hc32f46x_gpio.o
    0x0001244c   0x0001244c   0x00000070   Code   RO         5066    i.PORT_ResetBits    hc32f46x_gpio.o
    0x000124bc   0x000124bc   0x00000070   Code   RO         5068    i.PORT_SetBits      hc32f46x_gpio.o
    0x0001252c   0x0001252c   0x000001d0   Code   RO         5069    i.PORT_SetFunc      hc32f46x_gpio.o
    0x000126fc   0x000126fc   0x00000010   Code   RO         5073    i.PORT_Unlock       hc32f46x_gpio.o
    0x0001270c   0x0001270c   0x00000090   Code   RO         5911    i.PWC_Fcg0PeriphClockCmd  hc32f46x_pwc.o
    0x0001279c   0x0001279c   0x00000080   Code   RO         5912    i.PWC_Fcg1PeriphClockCmd  hc32f46x_pwc.o
    0x0001281c   0x0001281c   0x00000080   Code   RO         5913    i.PWC_Fcg2PeriphClockCmd  hc32f46x_pwc.o
    0x0001289c   0x0001289c   0x0000000c   Code   RO         2649    i.SPI_CS_Deselect   spi.o
    0x000128a8   0x000128a8   0x0000000c   Code   RO         2650    i.SPI_CS_Select     spi.o
    0x000128b4   0x000128b4   0x0000007c   Code   RO         6448    i.SPI_Cmd           hc32f46x_spi.o
    0x00012930   0x00012930   0x0000010c   Code   RO         2651    i.SPI_Configuration  spi.o
    0x00012a3c   0x00012a3c   0x0000000a   Code   RO         2652    i.SPI_CrisEnter     spi.o
    0x00012a46   0x00012a46   0x0000000a   Code   RO         2653    i.SPI_CrisExit      spi.o
    0x00012a50   0x00012a50   0x000000d8   Code   RO         6451    i.SPI_GetFlag       hc32f46x_spi.o
    0x00012b28   0x00012b28   0x00000572   Code   RO         6452    i.SPI_Init          hc32f46x_spi.o
    0x0001309a   0x0001309a   0x00000002   PAD
    0x0001309c   0x0001309c   0x00000058   Code   RO         2655    i.SPI_ReadByte      spi.o
    0x000130f4   0x000130f4   0x0000006c   Code   RO         6456    i.SPI_ReceiveData8  hc32f46x_spi.o
    0x00013160   0x00013160   0x00000034   Code   RO         6460    i.SPI_SendData8     hc32f46x_spi.o
    0x00013194   0x00013194   0x00000038   Code   RO         2656    i.SPI_WriteByte     spi.o
    0x000131cc   0x000131cc   0x00000134   Code   RO         6209    i.SetClkSyncBaudrate  hc32f46x_usart.o
    0x00013300   0x00013300   0x00000170   Code   RO         6210    i.SetScBaudrate     hc32f46x_usart.o
    0x00013470   0x00013470   0x00000174   Code   RO         6211    i.SetUartBaudrate   hc32f46x_usart.o
    0x000135e4   0x000135e4   0x00000034   Code   RO         3932    i.SysTick_Handler   port.o
    0x00013618   0x00013618   0x00000080   Code   RO         5193    i.SysTick_Init      hc32f46x_utility.o
    0x00013698   0x00013698   0x000000f0   Code   RO         5004    i.SystemCoreClockUpdate  system_hc32f46x.o
    0x00013788   0x00013788   0x00000014   Code   RO         5005    i.SystemInit        system_hc32f46x.o
    0x0001379c   0x0001379c   0x00000704   Code   RO         6599    i.TIMER0_BaseInit   hc32f46x_timer0.o
    0x00013ea0   0x00013ea0   0x00000104   Code   RO         6601    i.TIMER0_Cmd        hc32f46x_timer0.o
    0x00013fa4   0x00013fa4   0x0000008c   Code   RO         6604    i.TIMER0_GetClkMode  hc32f46x_timer0.o
    0x00014030   0x00014030   0x00000104   Code   RO         6609    i.TIMER0_IntCmd     hc32f46x_timer0.o
    0x00014134   0x00014134   0x00000010   Code   RO         1285    i.Timer0A_CallBack  logic_control_bsp.o
    0x00014144   0x00014144   0x0000014c   Code   RO         6735    i.Timer6_ConfigIrq  hc32f46x_timer6.o
    0x00014290   0x00014290   0x00000104   Code   RO         6748    i.Timer6_Init       hc32f46x_timer6.o
    0x00014394   0x00014394   0x00000018   Code   RO         2924    i.Timer6_OverFlow_CallBack  rs458_analysis.o
    0x000143ac   0x000143ac   0x000000a4   Code   RO         6755    i.Timer6_SetPeriod  hc32f46x_timer6.o
    0x00014450   0x00014450   0x0000005c   Code   RO         6759    i.Timer6_SetTriggerSrc0  hc32f46x_timer6.o
    0x000144ac   0x000144ac   0x0000006c   Code   RO         6762    i.Timer6_StartCount  hc32f46x_timer6.o
    0x00014518   0x00014518   0x00000084   Code   RO         6213    i.USART_ClearStatus  hc32f46x_usart.o
    0x0001459c   0x0001459c   0x00000244   Code   RO         6215    i.USART_FuncCmd     hc32f46x_usart.o
    0x000147e0   0x000147e0   0x000000ac   Code   RO         6225    i.USART_GetStatus   hc32f46x_usart.o
    0x0001488c   0x0001488c   0x00000070   Code   RO         6228    i.USART_RecData     hc32f46x_usart.o
    0x000148fc   0x000148fc   0x00000078   Code   RO         6230    i.USART_SendData    hc32f46x_usart.o
    0x00014974   0x00014974   0x00000068   Code   RO         6231    i.USART_SetBaudrate  hc32f46x_usart.o
    0x000149dc   0x000149dc   0x000003cc   Code   RO         6243    i.USART_UART_Init   hc32f46x_usart.o
    0x00014da8   0x00014da8   0x00000008   Code   RO         4170    i.UsageFault_Handler  hc32f46x_interrupts.o
    0x00014db0   0x00014db0   0x00000044   Code   RO         2998    i.Usart3_ErrIrqCallback  rs458_bsp.o
    0x00014df4   0x00014df4   0x00000044   Code   RO         2999    i.Usart4_ErrIrqCallback  rs458_bsp.o
    0x00014e38   0x00014e38   0x0000009c   Code   RO         6244    i.UsartGetClk       hc32f46x_usart.o
    0x00014ed4   0x00014ed4   0x00000044   Code   RO         2925    i.UsartRx3IrqCallback  rs458_analysis.o
    0x00014f18   0x00014f18   0x00000044   Code   RO         2926    i.UsartRx4IrqCallback  rs458_analysis.o
    0x00014f5c   0x00014f5c   0x00000164   Code   RO         7045    i.WDT_Init          hc32f46x_wdt.o
    0x000150c0   0x000150c0   0x00000018   Code   RO         7046    i.WDT_RefreshCounter  hc32f46x_wdt.o
    0x000150d8   0x000150d8   0x0000004c   Code   RO         2376    i.WIZCHIP_READ      w5500.o
    0x00015124   0x00015124   0x00000064   Code   RO         2377    i.WIZCHIP_READ_BUF  w5500.o
    0x00015188   0x00015188   0x0000004c   Code   RO         2378    i.WIZCHIP_WRITE     w5500.o
    0x000151d4   0x000151d4   0x00000064   Code   RO         2379    i.WIZCHIP_WRITE_BUF  w5500.o
    0x00015238   0x00015238   0x00000020   Code   RO         7346    i.__0printf         mc_w.l(printfa.o)
    0x00015258   0x00015258   0x00000024   Code   RO         7352    i.__0vsprintf       mc_w.l(printfa.o)
    0x0001527c   0x0001527c   0x0000001c   Code   RO         3000    i.__NVIC_ClearPendingIRQ  rs458_bsp.o
    0x00015298   0x00015298   0x00000022   Code   RO         3001    i.__NVIC_EnableIRQ  rs458_bsp.o
    0x000152ba   0x000152ba   0x00000002   PAD
    0x000152bc   0x000152bc   0x00000028   Code   RO         3002    i.__NVIC_SetPriority  rs458_bsp.o
    0x000152e4   0x000152e4   0x0000000e   Code   RO         7414    i.__scatterload_copy  mc_w.l(handlers.o)
    0x000152f2   0x000152f2   0x00000002   Code   RO         7415    i.__scatterload_null  mc_w.l(handlers.o)
    0x000152f4   0x000152f4   0x0000000e   Code   RO         7416    i.__scatterload_zeroinit  mc_w.l(handlers.o)
    0x00015302   0x00015302   0x00000002   PAD
    0x00015304   0x00015304   0x00000184   Code   RO         7353    i._fp_digits        mc_w.l(printfa.o)
    0x00015488   0x00015488   0x000006dc   Code   RO         7354    i._printf_core      mc_w.l(printfa.o)
    0x00015b64   0x00015b64   0x00000024   Code   RO         7355    i._printf_post_padding  mc_w.l(printfa.o)
    0x00015b88   0x00015b88   0x0000002e   Code   RO         7356    i._printf_pre_padding  mc_w.l(printfa.o)
    0x00015bb6   0x00015bb6   0x0000000a   Code   RO         7358    i._sputc            mc_w.l(printfa.o)
    0x00015bc0   0x00015bc0   0x0000007c   Code   RO          759    i.analysis_of_air_conditioning_instructions  local_hotel_agreement.o
    0x00015c3c   0x00015c3c   0x00000058   Code   RO         1935    i.boot_mark_set     ethernet_iap.o
    0x00015c94   0x00015c94   0x00000034   Code   RO          463    i.broker_handle     broker_task.o
    0x00015cc8   0x00015cc8   0x00000150   Code   RO          464    i.broker_push_information  broker_task.o
    0x00015e18   0x00015e18   0x00000012   Code   RO          465    i.broker_task       broker_task.o
    0x00015e2a   0x00015e2a   0x00000002   PAD
    0x00015e2c   0x00015e2c   0x0000005c   Code   RO         1332    i.button_handle     gpio_manage_business.o
    0x00015e88   0x00015e88   0x000000c4   Code   RO         1385    i.button_scanf      gpio_manage_driver.o
    0x00015f4c   0x00015f4c   0x00000078   Code   RO         2242    i.check_DHCP_leasedIP  dhcp.o
    0x00015fc4   0x00015fc4   0x000000ac   Code   RO         2243    i.check_DHCP_timeout  dhcp.o
    0x00016070   0x00016070   0x0000002a   Code   RO          466    i.check_subscribe_information  broker_task.o
    0x0001609a   0x0001609a   0x00000002   PAD
    0x0001609c   0x0001609c   0x00000074   Code   RO          467    i.clear_broker_information  broker_task.o
    0x00016110   0x00016110   0x00000024   Code   RO         1672    i.clear_connect_num  ethernet_operation.o
    0x00016134   0x00016134   0x0000004c   Code   RO         1936    i.clear_iap_flag    ethernet_iap.o
    0x00016180   0x00016180   0x00000022   Code   RO          468    i.clear_release_information  broker_task.o
    0x000161a2   0x000161a2   0x00000002   PAD
    0x000161a4   0x000161a4   0x0000008c   Code   RO         2044    i.close             socket.o
    0x00016230   0x00016230   0x00000020   Code   RO         1673    i.close_balanced    ethernet_operation.o
    0x00016250   0x00016250   0x00000028   Code   RO         1819    i.cloud_analysis_handle  ethernet_data_handle.o
    0x00016278   0x00016278   0x0000000c   Code   RO         1674    i.cloud_data_monitor_clear  ethernet_operation.o
    0x00016284   0x00016284   0x00000078   Code   RO         1675    i.cloud_data_monitor_reset  ethernet_operation.o
    0x000162fc   0x000162fc   0x000000e0   Code   RO         1820    i.cloud_send_handle  ethernet_data_handle.o
    0x000163dc   0x000163dc   0x0000006a   Code   RO          760    i.combination_lamp_update_status  local_hotel_agreement.o
    0x00016446   0x00016446   0x00000002   PAD
    0x00016448   0x00016448   0x0000008c   Code   RO          761    i.combination_state_synchronization  local_hotel_agreement.o
    0x000164d4   0x000164d4   0x00000078   Code   RO          762    i.combined_byte_mapping  local_hotel_agreement.o
    0x0001654c   0x0001654c   0x00000040   Code   RO         2927    i.common_cache_data  rs458_analysis.o
    0x0001658c   0x0001658c   0x00000036   Code   RO         2928    i.common_idle_judge  rs458_analysis.o
    0x000165c2   0x000165c2   0x00000020   Code   RO         2929    i.common_receive_refresh  rs458_analysis.o
    0x000165e2   0x000165e2   0x00000012   Code   RO          763    i.communication_485_analysis  local_hotel_agreement.o
    0x000165f4   0x000165f4   0x00000026   Code   RO          764    i.communication_485_handle  local_hotel_agreement.o
    0x0001661a   0x0001661a   0x00000022   Code   RO          765    i.compare_hex_buff  local_hotel_agreement.o
    0x0001663c   0x0001663c   0x00000148   Code   RO         2045    i.connect           socket.o
    0x00016784   0x00016784   0x000000b4   Code   RO         1333    i.control_task      gpio_manage_business.o
    0x00016838   0x00016838   0x0000001c   Code   RO         1469    i.copy_system_data  data_task.o
    0x00016854   0x00016854   0x00000050   Code   RO         2436    i.ctlnetwork        wizchip_conf.o
    0x000168a4   0x000168a4   0x00000118   Code   RO         2437    i.ctlwizchip        wizchip_conf.o
    0x000169bc   0x000169bc   0x0000007c   Code   RO         2930    i.data_analysis_handle  rs458_analysis.o
    0x00016a38   0x00016a38   0x00000064   Code   RO          766    i.debug_ethernet_transmission  local_hotel_agreement.o
    0x00016a9c   0x00016a9c   0x00000044   Code   RO         3086    i.debug_output      debug_bsp.o
    0x00016ae0   0x00016ae0   0x00000030   Code   RO         3087    i.debug_printf      debug_bsp.o
    0x00016b10   0x00016b10   0x0000005c   Code   RO         3088    i.debug_usart_init  debug_bsp.o
    0x00016b6c   0x00016b6c   0x00000034   Code   RO         2244    i.default_ip_assign  dhcp.o
    0x00016ba0   0x00016ba0   0x00000024   Code   RO         2245    i.default_ip_conflict  dhcp.o
    0x00016bc4   0x00016bc4   0x00000028   Code   RO         2246    i.default_ip_update  dhcp.o
    0x00016bec   0x00016bec   0x000000f0   Code   RO          558    i.delay_data_release  logic_control_task.o
    0x00016cdc   0x00016cdc   0x00000034   Code   RO          469    i.directional_release_data  broker_task.o
    0x00016d10   0x00016d10   0x00000042   Code   RO          470    i.directional_release_data_to_cache  broker_task.o
    0x00016d52   0x00016d52   0x00000002   PAD
    0x00016d54   0x00016d54   0x000000bc   Code   RO         2047    i.disconnect        socket.o
    0x00016e10   0x00016e10   0x000000fc   Code   RO         2138    i.dns_answer        dns.o
    0x00016f0c   0x00016f0c   0x000000c8   Code   RO         2139    i.dns_makequery     dns.o
    0x00016fd4   0x00016fd4   0x00000026   Code   RO         2140    i.dns_question      dns.o
    0x00016ffa   0x00016ffa   0x00000002   PAD
    0x00016ffc   0x00016ffc   0x00000124   Code   RO          559    i.dry_contac_input_analysis  logic_control_task.o
    0x00017120   0x00017120   0x000000cc   Code   RO         4177    i.enIrqRegistration  hc32f46x_interrupts.o
    0x000171ec   0x000171ec   0x00000094   Code   RO         1129    i.ethernet_data_analysis  ethernet_hotel_agreement.o
    0x00017280   0x00017280   0x00000034   Code   RO         1676    i.ethernet_driver_init  ethernet_operation.o
    0x000172b4   0x000172b4   0x00000144   Code   RO         1677    i.ethernet_run      ethernet_operation.o
    0x000173f8   0x000173f8   0x0000000a   Code   RO         1678    i.ethernet_run_reset  ethernet_operation.o
    0x00017402   0x00017402   0x00000002   Code   RO         1130    i.ethernet_send_hearbeat  ethernet_hotel_agreement.o
    0x00017404   0x00017404   0x00000020   Code   RO         1622    i.ethernet_task     ethernet_task.o
    0x00017424   0x00017424   0x00000034   Code   RO         1623    i.ethernet_task_state_channge  ethernet_task.o
    0x00017458   0x00017458   0x0000003c   Code   RO         1470    i.flash_data_check  data_task.o
    0x00017494   0x00017494   0x00000028   Code   RO         1570    i.flash_erase       flash_bsp.o
    0x000174bc   0x000174bc   0x0000002a   Code   RO         1572    i.flash_read_data   flash_bsp.o
    0x000174e6   0x000174e6   0x00000050   Code   RO         1573    i.flash_write       flash_bsp.o
    0x00017536   0x00017536   0x0000005a   Code   RO         1574    i.flash_write_data  flash_bsp.o
    0x00017590   0x00017590   0x00000010   Code   RO         5196    i.fputc             hc32f46x_utility.o
    0x000175a0   0x000175a0   0x0000000c   Code   RO         2247    i.getDHCPLeasetime  dhcp.o
    0x000175ac   0x000175ac   0x00000020   Code   RO         2248    i.getDNSfromDHCP    dhcp.o
    0x000175cc   0x000175cc   0x00000020   Code   RO         2249    i.getGWfromDHCP     dhcp.o
    0x000175ec   0x000175ec   0x00000020   Code   RO         2250    i.getIPfromDHCP     dhcp.o
    0x0001760c   0x0001760c   0x00000020   Code   RO         2251    i.getSNfromDHCP     dhcp.o
    0x0001762c   0x0001762c   0x0000006c   Code   RO         2380    i.getSn_RX_RSR      w5500.o
    0x00017698   0x00017698   0x0000006c   Code   RO         2381    i.getSn_TX_FSR      w5500.o
    0x00017704   0x00017704   0x00000088   Code   RO         1427    i.gpio_bsp_init     gpio_manage_bsp_hc32f64.o
    0x0001778c   0x0001778c   0x00000024   Code   RO         1428    i.gpio_bsp_read     gpio_manage_bsp_hc32f64.o
    0x000177b0   0x000177b0   0x00000034   Code   RO         1429    i.gpio_bsp_write    gpio_manage_bsp_hc32f64.o
    0x000177e4   0x000177e4   0x00000050   Code   RO         1386    i.gpio_driver_init  gpio_manage_driver.o
    0x00017834   0x00017834   0x00000060   Code   RO         3089    i.hex_to_ascii      debug_bsp.o
    0x00017894   0x00017894   0x0000003c   Code   RO         1131    i.hotel_air_conditioner_instructions  ethernet_hotel_agreement.o
    0x000178d0   0x000178d0   0x00000002   Code   RO          767    i.hotel_air_conditioner_package_send  local_hotel_agreement.o
    0x000178d2   0x000178d2   0x00000024   Code   RO         1132    i.hotel_call_service_instructions  ethernet_hotel_agreement.o
    0x000178f6   0x000178f6   0x00000024   Code   RO         1133    i.hotel_card_power_on_instructions  ethernet_hotel_agreement.o
    0x0001791a   0x0001791a   0x00000024   Code   RO         1134    i.hotel_cleaning_instructions  ethernet_hotel_agreement.o
    0x0001793e   0x0001793e   0x00000026   Code   RO         1135    i.hotel_combination_instructions  ethernet_hotel_agreement.o
    0x00017964   0x00017964   0x0000005e   Code   RO         1136    i.hotel_curtain_instructions  ethernet_hotel_agreement.o
    0x000179c2   0x000179c2   0x00000024   Code   RO         1137    i.hotel_do_not_disturb_instructions  ethernet_hotel_agreement.o
    0x000179e6   0x000179e6   0x00000006   Code   RO         1138    i.hotel_doorbell_instructions  ethernet_hotel_agreement.o
    0x000179ec   0x000179ec   0x0000003c   Code   RO         1139    i.hotel_lamp_instructions  ethernet_hotel_agreement.o
    0x00017a28   0x00017a28   0x00000006   Code   RO         1143    i.hotel_null_instructions  ethernet_hotel_agreement.o
    0x00017a2e   0x00017a2e   0x00000040   Code   RO         1144    i.hotel_open_door_instructions  ethernet_hotel_agreement.o
    0x00017a6e   0x00017a6e   0x00000024   Code   RO         1145    i.hotel_reservation_check_instructions  ethernet_hotel_agreement.o
    0x00017a92   0x00017a92   0x00000026   Code   RO         1146    i.hotel_scene_instructions  ethernet_hotel_agreement.o
    0x00017ab8   0x00017ab8   0x00000024   Code   RO         1147    i.hotel_sos_instructions  ethernet_hotel_agreement.o
    0x00017adc   0x00017adc   0x0000001c   Code   RO          768    i.hotle_agreement_analysis  local_hotel_agreement.o
    0x00017af8   0x00017af8   0x000000b4   Code   RO          769    i.hotle_agreement_combination_handle  local_hotel_agreement.o
    0x00017bac   0x00017bac   0x000000a8   Code   RO          770    i.hotle_agreement_handle  local_hotel_agreement.o
    0x00017c54   0x00017c54   0x000000ac   Code   RO          771    i.hotle_agreement_lamp_handle  local_hotel_agreement.o
    0x00017d00   0x00017d00   0x00000002   Code   RO          772    i.hotle_agreement_music  local_hotel_agreement.o
    0x00017d02   0x00017d02   0x00000002   PAD
    0x00017d04   0x00017d04   0x00000078   Code   RO          773    i.hotle_agreement_scene_handle  local_hotel_agreement.o
    0x00017d7c   0x00017d7c   0x0000002c   Code   RO          774    i.hotle_agreement_service_handle  local_hotel_agreement.o
    0x00017da8   0x00017da8   0x0000000c   Code   RO         2141    i.htons             dns.o
    0x00017db4   0x00017db4   0x00000050   Code   RO         1938    i.iap_finish        ethernet_iap.o
    0x00017e04   0x00017e04   0x000000dc   Code   RO         1940    i.iap_receive       ethernet_iap.o
    0x00017ee0   0x00017ee0   0x00000058   Code   RO         1941    i.iap_time_handle   ethernet_iap.o
    0x00017f38   0x00017f38   0x00000052   Code   RO         1148    i.id_transformation  ethernet_hotel_agreement.o
    0x00017f8a   0x00017f8a   0x00000002   PAD
    0x00017f8c   0x00017f8c   0x0000005c   Code   RO          775    i.inside_485_analysis  local_hotel_agreement.o
    0x00017fe8   0x00017fe8   0x00000098   Code   RO          776    i.inside_lookup_analysis  local_hotel_agreement.o
    0x00018080   0x00018080   0x000001b0   Code   RO          777    i.inside_lookup_handle  local_hotel_agreement.o
    0x00018230   0x00018230   0x00000018   Code   RO          643    i.key_buff_check    logic_key_handle.o
    0x00018248   0x00018248   0x0000001c   Code   RO          644    i.key_buff_clear    logic_key_handle.o
    0x00018264   0x00018264   0x00000018   Code   RO          645    i.key_buff_read     logic_key_handle.o
    0x0001827c   0x0001827c   0x00000018   Code   RO          646    i.key_buff_write    logic_key_handle.o
    0x00018294   0x00018294   0x00000020   Code   RO          647    i.key_card_power_off  logic_key_handle.o
    0x000182b4   0x000182b4   0x0000013c   Code   RO          648    i.key_card_power_on_judge  logic_key_handle.o
    0x000183f0   0x000183f0   0x00000040   Code   RO          649    i.key_delay_buff_directional_clear  logic_key_handle.o
    0x00018430   0x00018430   0x0000005c   Code   RO          650    i.key_delay_buff_write  logic_key_handle.o
    0x0001848c   0x0001848c   0x00000078   Code   RO          651    i.key_delay_scanf_handle  logic_key_handle.o
    0x00018504   0x00018504   0x00000012   Code   RO          652    i.key_directional_check  logic_key_handle.o
    0x00018516   0x00018516   0x00000002   PAD
    0x00018518   0x00018518   0x00000168   Code   RO          653    i.key_mapping_judge  logic_key_handle.o
    0x00018680   0x00018680   0x0000007c   Code   RO          654    i.key_mutex_judge   logic_key_handle.o
    0x000186fc   0x000186fc   0x00000042   Code   RO          655    i.key_read_directional_cache  logic_key_handle.o
    0x0001873e   0x0001873e   0x00000002   PAD
    0x00018740   0x00018740   0x00000014   Code   RO          560    i.key_value_analysis_cache  logic_control_task.o
    0x00018754   0x00018754   0x00000024   Code   RO          561    i.key_value_analysis_form_subscribe  logic_control_task.o
    0x00018778   0x00018778   0x00000030   Code   RO          562    i.key_value_execute  logic_control_task.o
    0x000187a8   0x000187a8   0x00000048   Code   RO          656    i.key_value_logic_handle  logic_key_handle.o
    0x000187f0   0x000187f0   0x00000030   Code   RO          657    i.key_write_directional_cache  logic_key_handle.o
    0x00018820   0x00018820   0x00000006   Code   RO          779    i.lamp_f1_command_package  local_hotel_agreement.o
    0x00018826   0x00018826   0x00000002   PAD
    0x00018828   0x00018828   0x000001b8   Code   RO         1821    i.local_send_handle  ethernet_data_handle.o
    0x000189e0   0x000189e0   0x0000000c   Code   RO          563    i.logic_control_interrupt_callback  logic_control_task.o
    0x000189ec   0x000189ec   0x0000008c   Code   RO          564    i.logic_control_task  logic_control_task.o
    0x00018a78   0x00018a78   0x000000e0   Code   RO         1286    i.logic_control_time_int  logic_control_bsp.o
    0x00018b58   0x00018b58   0x00000034   Code   RO            4    i.main              main.o
    0x00018b8c   0x00018b8c   0x00000190   Code   RO         2252    i.makeDHCPMSG       dhcp.o
    0x00018d1c   0x00018d1c   0x00000054   Code   RO         1680    i.my_ip_assign      ethernet_operation.o
    0x00018d70   0x00018d70   0x00000028   Code   RO         1681    i.my_ip_conflict    ethernet_operation.o
    0x00018d98   0x00018d98   0x000001e0   Code   RO         1682    i.network_init      ethernet_operation.o
    0x00018f78   0x00018f78   0x0000000c   Code   RO         2142    i.ntohs             dns.o
    0x00018f84   0x00018f84   0x0000006c   Code   RO          565    i.output_control_handle  logic_control_task.o
    0x00018ff0   0x00018ff0   0x00000058   Code   RO          780    i.outside_485_analysis  local_hotel_agreement.o
    0x00019048   0x00019048   0x00000098   Code   RO          781    i.outside_lookup_analysis  local_hotel_agreement.o
    0x000190e0   0x000190e0   0x000001b8   Code   RO          782    i.outside_lookup_handle  local_hotel_agreement.o
    0x00019298   0x00019298   0x000001e8   Code   RO         2253    i.parseDHCPMSG      dhcp.o
    0x00019480   0x00019480   0x000000da   Code   RO         2143    i.parseMSG          dns.o
    0x0001955a   0x0001955a   0x0000009c   Code   RO         2144    i.parse_name        dns.o
    0x000195f6   0x000195f6   0x00000002   PAD
    0x000195f8   0x000195f8   0x00000098   Code   RO         3531    i.prvAddCurrentTaskToDelayedList  tasks.o
    0x00019690   0x00019690   0x000000b4   Code   RO         3532    i.prvAddNewTaskToReadyList  tasks.o
    0x00019744   0x00019744   0x00000064   Code   RO         3533    i.prvCheckTasksWaitingTermination  tasks.o
    0x000197a8   0x000197a8   0x00000012   Code   RO         3534    i.prvDeleteTCB      tasks.o
    0x000197ba   0x000197ba   0x00000002   PAD
    0x000197bc   0x000197bc   0x0000007c   Code   RO         3854    i.prvHeapInit       heap_4.o
    0x00019838   0x00019838   0x00000028   Code   RO         3535    i.prvIdleTask       tasks.o
    0x00019860   0x00019860   0x000000aa   Code   RO         3536    i.prvInitialiseNewTask  tasks.o
    0x0001990a   0x0001990a   0x00000002   PAD
    0x0001990c   0x0001990c   0x00000068   Code   RO         3537    i.prvInitialiseTaskLists  tasks.o
    0x00019974   0x00019974   0x00000068   Code   RO         3855    i.prvInsertBlockIntoFreeList  heap_4.o
    0x000199dc   0x000199dc   0x00000034   Code   RO         3538    i.prvResetNextTaskUnblockTime  tasks.o
    0x00019a10   0x00019a10   0x00000040   Code   RO         3933    i.prvTaskExitError  port.o
    0x00019a50   0x00019a50   0x0000013c   Code   RO         3856    i.pvPortMalloc      heap_4.o
    0x00019b8c   0x00019b8c   0x0000002c   Code   RO         3934    i.pxPortInitialiseStack  port.o
    0x00019bb8   0x00019bb8   0x00000044   Code   RO         1387    i.read_single       gpio_manage_driver.o
    0x00019bfc   0x00019bfc   0x0000003c   Code   RO          471    i.read_subscribe_payload  broker_task.o
    0x00019c38   0x00019c38   0x0000001c   Code   RO          566    i.read_uid_data     logic_control_task.o
    0x00019c54   0x00019c54   0x00000034   Code   RO         1683    i.read_uid_num      ethernet_operation.o
    0x00019c88   0x00019c88   0x00000054   Code   RO         2050    i.recv              socket.o
    0x00019cdc   0x00019cdc   0x00000268   Code   RO         2051    i.recvfrom          socket.o
    0x00019f44   0x00019f44   0x00000040   Code   RO         2254    i.reg_dhcp_cbfunc   dhcp.o
    0x00019f84   0x00019f84   0x00000028   Code   RO         2439    i.reg_wizchip_cris_cbfunc  wizchip_conf.o
    0x00019fac   0x00019fac   0x00000028   Code   RO         2440    i.reg_wizchip_cs_cbfunc  wizchip_conf.o
    0x00019fd4   0x00019fd4   0x00000034   Code   RO         2441    i.reg_wizchip_spi_cbfunc  wizchip_conf.o
    0x0001a008   0x0001a008   0x00000052   Code   RO          473    i.release_buff_write  broker_task.o
    0x0001a05a   0x0001a05a   0x00000002   PAD
    0x0001a05c   0x0001a05c   0x00000020   Code   RO         2255    i.reset_DHCP_timeout  dhcp.o
    0x0001a07c   0x0001a07c   0x00000084   Code   RO         2864    i.rs485_inside_analysis_handle  rs458_task.o
    0x0001a100   0x0001a100   0x0000005c   Code   RO         3003    i.rs485_inside_send_buff  rs458_bsp.o
    0x0001a15c   0x0001a15c   0x0000008c   Code   RO         2865    i.rs485_outside_analysis_handle  rs458_task.o
    0x0001a1e8   0x0001a1e8   0x00000054   Code   RO         3004    i.rs485_outside_send_buff  rs458_bsp.o
    0x0001a23c   0x0001a23c   0x00000114   Code   RO         2866    i.rs485_send_handle  rs458_task.o
    0x0001a350   0x0001a350   0x00000078   Code   RO         2867    i.rs485_task        rs458_task.o
    0x0001a3c8   0x0001a3c8   0x00000010   Code   RO         3005    i.rs485_usart_init  rs458_bsp.o
    0x0001a3d8   0x0001a3d8   0x00000054   Code   RO          783    i.rs485inside_release_data_to_cache  local_hotel_agreement.o
    0x0001a42c   0x0001a42c   0x00000032   Code   RO          784    i.scene_mode_lamp_update_status  local_hotel_agreement.o
    0x0001a45e   0x0001a45e   0x00000002   PAD
    0x0001a460   0x0001a460   0x000000f4   Code   RO         1822    i.scoket_balanced   ethernet_data_handle.o
    0x0001a554   0x0001a554   0x00000074   Code   RO         1823    i.scoket_cloud      ethernet_data_handle.o
    0x0001a5c8   0x0001a5c8   0x000002fc   Code   RO         1684    i.scoket_dns_handle  ethernet_operation.o
    0x0001a8c4   0x0001a8c4   0x00000074   Code   RO         1824    i.scoket_set        ethernet_data_handle.o
    0x0001a938   0x0001a938   0x00000508   Code   RO         1685    i.scoket_tcp_handle  ethernet_operation.o
    0x0001ae40   0x0001ae40   0x00000006   Code   RO         1825    i.scoket_udp        ethernet_data_handle.o
    0x0001ae46   0x0001ae46   0x00000002   PAD
    0x0001ae48   0x0001ae48   0x00000180   Code   RO         2052    i.send              socket.o
    0x0001afc8   0x0001afc8   0x00000200   Code   RO         2256    i.send_DHCP_DECLINE  dhcp.o
    0x0001b1c8   0x0001b1c8   0x00000224   Code   RO         2257    i.send_DHCP_DISCOVER  dhcp.o
    0x0001b3ec   0x0001b3ec   0x00000394   Code   RO         2258    i.send_DHCP_REQUEST  dhcp.o
    0x0001b780   0x0001b780   0x000001d0   Code   RO         2053    i.sendto            socket.o
    0x0001b950   0x0001b950   0x00000002   Code   RO          785    i.service_f0_command_package  local_hotel_agreement.o
    0x0001b952   0x0001b952   0x00000002   PAD
    0x0001b954   0x0001b954   0x00000058   Code   RO          786    i.service_transformation  local_hotel_agreement.o
    0x0001b9ac   0x0001b9ac   0x0000001c   Code   RO         1474    i.set_system_data   data_task.o
    0x0001b9c8   0x0001b9c8   0x00000170   Code   RO         2055    i.socket            socket.o
    0x0001bb38   0x0001bb38   0x000001a0   Code   RO          237    i.start_task        start_task.o
    0x0001bcd8   0x0001bcd8   0x0000000e   Code   RO         2145    i.swaps             dns.o
    0x0001bce6   0x0001bce6   0x0000004c   Code   RO         1388    i.switch_driver_write  gpio_manage_driver.o
    0x0001bd32   0x0001bd32   0x00000002   PAD
    0x0001bd34   0x0001bd34   0x00000020   Code   RO         1334    i.switch_handle     gpio_manage_business.o
    0x0001bd54   0x0001bd54   0x00000070   Code   RO         1335    i.switch_read_subscribe  gpio_manage_business.o
    0x0001bdc4   0x0001bdc4   0x000000d0   Code   RO          238    i.system_clk_init   start_task.o
    0x0001be94   0x0001be94   0x00000120   Code   RO         1942    i.tcp_iap_handle    ethernet_iap.o
    0x0001bfb4   0x0001bfb4   0x0000004c   Code   RO         1943    i.tcp_iap_reply     ethernet_iap.o
    0x0001c000   0x0001c000   0x000000cc   Code   RO         1826    i.tcp_set_handle    ethernet_data_handle.o
    0x0001c0cc   0x0001c0cc   0x00000032   Code   RO         1827    i.tcp_set_reply     ethernet_data_handle.o
    0x0001c0fe   0x0001c0fe   0x00000002   PAD
    0x0001c100   0x0001c100   0x000000c4   Code   RO         3006    i.time6_init        rs458_bsp.o
    0x0001c1c4   0x0001c1c4   0x00000054   Code   RO          787    i.transparent_ethernet_transmission  local_hotel_agreement.o
    0x0001c218   0x0001c218   0x00000074   Code   RO          567    i.uesr_data_reset   logic_control_task.o
    0x0001c28c   0x0001c28c   0x0000010c   Code   RO         3007    i.usart3_init       rs458_bsp.o
    0x0001c398   0x0001c398   0x00000118   Code   RO         3008    i.usart4_init       rs458_bsp.o
    0x0001c4b0   0x0001c4b0   0x0000002c   Code   RO         1475    i.user_read_system_data  data_task.o
    0x0001c4dc   0x0001c4dc   0x00000028   Code   RO         3307    i.uxListRemove      list.o
    0x0001c504   0x0001c504   0x0000001a   Code   RO         3308    i.vListInitialise   list.o
    0x0001c51e   0x0001c51e   0x00000006   Code   RO         3309    i.vListInitialiseItem  list.o
    0x0001c524   0x0001c524   0x00000034   Code   RO         3310    i.vListInsert       list.o
    0x0001c558   0x0001c558   0x00000018   Code   RO         3311    i.vListInsertEnd    list.o
    0x0001c570   0x0001c570   0x00000054   Code   RO         3936    i.vPortEnterCritical  port.o
    0x0001c5c4   0x0001c5c4   0x0000003c   Code   RO         3937    i.vPortExitCritical  port.o
    0x0001c600   0x0001c600   0x00000094   Code   RO         3857    i.vPortFree         heap_4.o
    0x0001c694   0x0001c694   0x00000020   Code   RO         3938    i.vPortSetupTimerInterrupt  port.o
    0x0001c6b4   0x0001c6b4   0x0000005c   Code   RO         3546    i.vTaskDelay        tasks.o
    0x0001c710   0x0001c710   0x000000f4   Code   RO         3547    i.vTaskDelete       tasks.o
    0x0001c804   0x0001c804   0x00000088   Code   RO         3557    i.vTaskStartScheduler  tasks.o
    0x0001c88c   0x0001c88c   0x00000010   Code   RO         3559    i.vTaskSuspendAll   tasks.o
    0x0001c89c   0x0001c89c   0x0000008c   Code   RO         3560    i.vTaskSwitchContext  tasks.o
    0x0001c928   0x0001c928   0x00000134   Code   RO         1686    i.w5500_init        ethernet_operation.o
    0x0001ca5c   0x0001ca5c   0x0000000c   Code   RO         2657    i.w5500_reset       spi.o
    0x0001ca68   0x0001ca68   0x0000000c   Code   RO         2658    i.w5500_set         spi.o
    0x0001ca74   0x0001ca74   0x0000001c   Code   RO         1687    i.w5500_user_reset  ethernet_operation.o
    0x0001ca90   0x0001ca90   0x00000036   Code   RO         1287    i.wdt_config        logic_control_bsp.o
    0x0001cac6   0x0001cac6   0x00000084   Code   RO         2382    i.wiz_recv_data     w5500.o
    0x0001cb4a   0x0001cb4a   0x00000066   Code   RO         2383    i.wiz_recv_ignore   w5500.o
    0x0001cbb0   0x0001cbb0   0x00000084   Code   RO         2384    i.wiz_send_data     w5500.o
    0x0001cc34   0x0001cc34   0x00000006   Code   RO         2442    i.wizchip_bus_readbyte  wizchip_conf.o
    0x0001cc3a   0x0001cc3a   0x00000004   Code   RO         2443    i.wizchip_bus_writebyte  wizchip_conf.o
    0x0001cc3e   0x0001cc3e   0x00000020   Code   RO         2444    i.wizchip_clrinterrupt  wizchip_conf.o
    0x0001cc5e   0x0001cc5e   0x00000002   Code   RO         2445    i.wizchip_cris_enter  wizchip_conf.o
    0x0001cc60   0x0001cc60   0x00000002   Code   RO         2446    i.wizchip_cris_exit  wizchip_conf.o
    0x0001cc62   0x0001cc62   0x00000002   Code   RO         2447    i.wizchip_cs_deselect  wizchip_conf.o
    0x0001cc64   0x0001cc64   0x00000002   Code   RO         2448    i.wizchip_cs_select  wizchip_conf.o
    0x0001cc66   0x0001cc66   0x0000002a   Code   RO         2449    i.wizchip_getinterrupt  wizchip_conf.o
    0x0001cc90   0x0001cc90   0x00000028   Code   RO         2450    i.wizchip_getinterruptmask  wizchip_conf.o
    0x0001ccb8   0x0001ccb8   0x0000005c   Code   RO         2451    i.wizchip_getnetinfo  wizchip_conf.o
    0x0001cd14   0x0001cd14   0x0000000a   Code   RO         2452    i.wizchip_getnetmode  wizchip_conf.o
    0x0001cd1e   0x0001cd1e   0x00000028   Code   RO         2453    i.wizchip_gettimeout  wizchip_conf.o
    0x0001cd46   0x0001cd46   0x00000090   Code   RO         2454    i.wizchip_init      wizchip_conf.o
    0x0001cdd6   0x0001cdd6   0x0000001e   Code   RO         2455    i.wizchip_setinterruptmask  wizchip_conf.o
    0x0001cdf4   0x0001cdf4   0x00000058   Code   RO         2456    i.wizchip_setnetinfo  wizchip_conf.o
    0x0001ce4c   0x0001ce4c   0x00000026   Code   RO         2457    i.wizchip_setnetmode  wizchip_conf.o
    0x0001ce72   0x0001ce72   0x00000026   Code   RO         2458    i.wizchip_settimeout  wizchip_conf.o
    0x0001ce98   0x0001ce98   0x00000004   Code   RO         2459    i.wizchip_spi_readbyte  wizchip_conf.o
    0x0001ce9c   0x0001ce9c   0x00000002   Code   RO         2460    i.wizchip_spi_writebyte  wizchip_conf.o
    0x0001ce9e   0x0001ce9e   0x00000072   Code   RO         2461    i.wizchip_sw_reset  wizchip_conf.o
    0x0001cf10   0x0001cf10   0x00000078   Code   RO         2462    i.wizphy_getphyconf  wizchip_conf.o
    0x0001cf88   0x0001cf88   0x0000001a   Code   RO         2463    i.wizphy_getphylink  wizchip_conf.o
    0x0001cfa2   0x0001cfa2   0x0000001c   Code   RO         2464    i.wizphy_getphypmode  wizchip_conf.o
    0x0001cfbe   0x0001cfbe   0x00000034   Code   RO         2466    i.wizphy_reset      wizchip_conf.o
    0x0001cff2   0x0001cff2   0x00000058   Code   RO         2467    i.wizphy_setphyconf  wizchip_conf.o
    0x0001d04a   0x0001d04a   0x00000064   Code   RO         2468    i.wizphy_setphypmode  wizchip_conf.o
    0x0001d0ae   0x0001d0ae   0x00000002   PAD
    0x0001d0b0   0x0001d0b0   0x0000002c   Code   RO         1476    i.write_logic_data  data_task.o
    0x0001d0dc   0x0001d0dc   0x00000020   Code   RO         1477    i.write_room_data   data_task.o
    0x0001d0fc   0x0001d0fc   0x00000030   Code   RO         1478    i.write_scene_data  data_task.o
    0x0001d12c   0x0001d12c   0x00000024   Code   RO         1479    i.write_set_data    data_task.o
    0x0001d150   0x0001d150   0x00000014   Code   RO         1480    i.write_system_data  data_task.o
    0x0001d164   0x0001d164   0x0000013c   Code   RO         3940    i.xPortStartScheduler  port.o
    0x0001d2a0   0x0001d2a0   0x00000060   Code   RO         3562    i.xTaskCreate       tasks.o
    0x0001d300   0x0001d300   0x00000148   Code   RO         3569    i.xTaskIncrementTick  tasks.o
    0x0001d448   0x0001d448   0x00000104   Code   RO         3575    i.xTaskResumeAll    tasks.o
    0x0001d54c   0x0001d54c   0x00000008   Data   RO          789    .constdata          local_hotel_agreement.o
    0x0001d554   0x0001d554   0x0000004c   Data   RO         1150    .constdata          ethernet_hotel_agreement.o
    0x0001d5a0   0x0001d5a0   0x00000008   Data   RO         1624    .constdata          ethernet_task.o
    0x0001d5a8   0x0001d5a8   0x00000010   Data   RO         1689    .constdata          ethernet_operation.o
    0x0001d5b8   0x0001d5b8   0x00000028   Data   RO         1944    .constdata          ethernet_iap.o
    0x0001d5e0   0x0001d5e0   0x00000015   Data   RO         3009    .constdata          rs458_bsp.o
    0x0001d5f5   0x0001d5f5   0x00000003   PAD
    0x0001d5f8   0x0001d5f8   0x00000009   Data   RO         3091    .constdata          debug_bsp.o
    0x0001d601   0x0001d601   0x00000003   PAD
    0x0001d604   0x0001d604   0x00000010   Data   RO         6245    .constdata          hc32f46x_usart.o
    0x0001d614   0x0001d614   0x00000051   Data   RO          239    .conststring        start_task.o
    0x0001d665   0x0001d665   0x00000003   PAD
    0x0001d668   0x0001d668   0x00000020   Data   RO         7412    Region$$Table       anon$$obj.o


    Execution Region RW_IRAM1 (Exec base: 0x1fff8000, Load base: 0x0001d688, Size: 0x0001ccc0, Max: 0x0002f000, ABSOLUTE, COMPRESSED[0x0000019c])

    Exec Addr    Load Addr    Size         Type   Attr      Idx    E Section Name        Object

    0x1fff8000   COMPRESSED   0x00000001   Data   RW            5    .data               main.o
    0x1fff8001   COMPRESSED   0x00000003   PAD
    0x1fff8004   COMPRESSED   0x00000004   Data   RW          240    .data               start_task.o
    0x1fff8008   COMPRESSED   0x00000010   Data   RW          474    .data               broker_task.o
    0x1fff8018   COMPRESSED   0x0000093c   Data   RW          569    .data               logic_control_task.o
    0x1fff8954   COMPRESSED   0x00000001   Data   RW         1151    .data               ethernet_hotel_agreement.o
    0x1fff8955   COMPRESSED   0x00000003   PAD
    0x1fff8958   COMPRESSED   0x00000004   Data   RW         1288    .data               logic_control_bsp.o
    0x1fff895c   COMPRESSED   0x0000093c   Data   RW         1337    .data               gpio_manage_business.o
    0x1fff9298   COMPRESSED   0x00000024   Data   RW         1430    .data               gpio_manage_bsp_hc32f64.o
    0x1fff92bc   COMPRESSED   0x00000005   Data   RW         1625    .data               ethernet_task.o
    0x1fff92c1   COMPRESSED   0x00000003   PAD
    0x1fff92c4   COMPRESSED   0x000000a8   Data   RW         1690    .data               ethernet_operation.o
    0x1fff936c   COMPRESSED   0x0000093a   Data   RW         1829    .data               ethernet_data_handle.o
    0x1fff9ca6   COMPRESSED   0x00000002   PAD
    0x1fff9ca8   COMPRESSED   0x00000012   Data   RW         1945    .data               ethernet_iap.o
    0x1fff9cba   COMPRESSED   0x0000000e   Data   RW         2057    .data               socket.o
    0x1fff9cc8   COMPRESSED   0x00000007   Data   RW         2147    .data               dns.o
    0x1fff9ccf   COMPRESSED   0x00000001   PAD
    0x1fff9cd0   COMPRESSED   0x0000004c   Data   RW         2259    .data               dhcp.o
    0x1fff9d1c   COMPRESSED   0x00000025   Data   RW         2469    .data               wizchip_conf.o
    0x1fff9d41   COMPRESSED   0x00000001   Data   RW         2660    .data               spi.o
    0x1fff9d42   COMPRESSED   0x00000002   PAD
    0x1fff9d44   COMPRESSED   0x00000938   Data   RW         2869    .data               rs458_task.o
    0x1fffa67c   COMPRESSED   0x00000008   Data   RW         2932    .data               rs458_analysis.o
    0x1fffa684   COMPRESSED   0x0000003c   Data   RW         3578    .data               tasks.o
    0x1fffa6c0   COMPRESSED   0x00000018   Data   RW         3862    .data               heap_4.o
    0x1fffa6d8   COMPRESSED   0x0000000c   Data   RW         3941    .data               port.o
    0x1fffa6e4   COMPRESSED   0x00000008   Data   RW         5006    .data               system_hc32f46x.o
    0x1fffa6ec   COMPRESSED   0x00000008   Data   RW         5197    .data               hc32f46x_utility.o
    0x1fffa6f4   COMPRESSED   0x00000004   Data   RW         7388    .data               mc_w.l(stdout.o)
    0x1fffa6f8        -       0x00004234   Zero   RW          568    .bss                logic_control_task.o
    0x1fffe92c        -       0x000000c8   Zero   RW          788    .bss                local_hotel_agreement.o
    0x1fffe9f4        -       0x00000014   Zero   RW         1336    .bss                gpio_manage_business.o
    0x1fffea08        -       0x0000003c   Zero   RW         1389    .bss                gpio_manage_driver.o
    0x1fffea44        -       0x0000120e   Zero   RW         1481    .bss                data_task.o
    0x1ffffc52        -       0x0000092a   Zero   RW         1688    .bss                ethernet_operation.o
    0x2000057c        -       0x00002c20   Zero   RW         1828    .bss                ethernet_data_handle.o
    0x2000319c        -       0x00000010   Zero   RW         2056    .bss                socket.o
    0x200031ac        -       0x00000014   Zero   RW         2659    .bss                spi.o
    0x200031c0        -       0x00000190   Zero   RW         2868    .bss                rs458_task.o
    0x20003350        -       0x00000b1c   Zero   RW         2931    .bss                rs458_analysis.o
    0x20003e6c   COMPRESSED   0x00000004   PAD
    0x20003e70        -       0x00000100   Zero   RW         3090    .bss                debug_bsp.o
    0x20003f70        -       0x000000f0   Zero   RW         3577    .bss                tasks.o
    0x20004060        -       0x0000ea60   Zero   RW         3861    .bss                heap_4.o
    0x20012ac0        -       0x00000200   Zero   RW         4181    .bss                hc32f46x_interrupts.o
    0x20012cc0        -       0x00002000   Zero   RW         4994    STACK               startup_hc32f46x.o


    Execution Region RW_IRAM2 (Exec base: 0x200f0000, Load base: 0x0001d824, Size: 0x00000000, Max: 0x00001000, ABSOLUTE)

    **** No section assigned to this execution region ****


==============================================================================

Image component sizes


      Code (inc. data)   RO Data    RW Data    ZI Data      Debug   Object Name

       858         14          0         16          0       9790   broker_task.o
         0          0          0          0          0       7436   croutine.o
       340         62          0          0       4622       6564   data_task.o
       304         18          9          0        256       4613   debug_bsp.o
      4184        340          0         76          0      17209   dhcp.o
       902         28          0          7          0    1523343   dns.o
      1440        400          0       2362      11296       8834   ethernet_data_handle.o
       814         42         76          1          0      14489   ethernet_hotel_agreement.o
       916        206         40         18          0      36882   ethernet_iap.o
      3630       1430         16        168       2346      16985   ethernet_operation.o
        84         42          8          5          0       3140   ethernet_task.o
         0          0          0          0          0       9572   event_groups.o
       252          0          0          0          0       3429   flash_bsp.o
       224         34          0         36          0       3121   gpio_manage_bsp_hc32f64.o
       416        122          0       2364         20       3894   gpio_manage_business.o
       420         14          0          0         60       5299   gpio_manage_driver.o
      2520        496          0          0          0      13639   hc32f46x_clk.o
       928        296          0          0          0       5816   hc32f46x_efm.o
      1600        312          0          0          0      12935   hc32f46x_gpio.o
      9958        998          0          0        512      96067   hc32f46x_interrupts.o
       400        148          0          0          0       2127   hc32f46x_pwc.o
      1894        254          0          0          0      13182   hc32f46x_spi.o
      2560        220          0          0          0       9415   hc32f46x_timer0.o
       956        296          0          0          0      16156   hc32f46x_timer6.o
      3396        466         16          0          0      14461   hc32f46x_usart.o
       236         72          0          8          0      34916   hc32f46x_utility.o
       380         52          0          0          0       4812   hc32f46x_wdt.o
       692         62          0         24      60000       7391   heap_4.o
       148          0          0          0          0       3578   list.o
      3066        370          8          0        200      28754   local_hotel_agreement.o
       294         30          0          4          0      33337   logic_control_bsp.o
      1040        160          0       2364      16948       8427   logic_control_task.o
      1412         82          0          0          0      11690   logic_key_handle.o
        52         22          0          1          0    1530598   main.o
       838         78          0         12          0      11044   port.o
       434         40          0          8       2844       6603   rs458_analysis.o
      1174         76         21          0          0      38558   rs458_bsp.o
       668        230          0       2360        400       3644   rs458_task.o
      2572         76          0         14         16       8474   socket.o
       480         22          0          1         20      19214   spi.o
       624        248         81          4          0      23731   start_task.o
        88         20        640          0       8192        848   startup_hc32f46x.o
       260         44          0          8          0       1597   system_hc32f46x.o
      2128        312          0         60        240      16179   tasks.o
       934         20          0          0          0       7002   w5500.o
      1638         84          0         37          0      23533   wizchip_conf.o

    ----------------------------------------------------------------------
     58204       8338        956       9972     107976    3682328   Object Totals
         0          0         32          0          0          0   (incl. Generated)
        50          0          9         14          4          0   (incl. Padding)

    ----------------------------------------------------------------------

      Code (inc. data)   RO Data    RW Data    ZI Data      Debug   Library Member Name

        86          0          0          0          0          0   __dczerorl2.o
         0          0          0          0          0          0   entry.o
         0          0          0          0          0          0   entry10a.o
         0          0          0          0          0          0   entry11a.o
         8          4          0          0          0          0   entry2.o
         4          0          0          0          0          0   entry5.o
         0          0          0          0          0          0   entry7b.o
         0          0          0          0          0          0   entry8b.o
         8          4          0          0          0          0   entry9a.o
        30          0          0          0          0          0   handlers.o
        36          8          0          0          0         68   init.o
         0          0          0          0          0          0   iusefp.o
        30          0          0          0          0         68   llshl.o
        36          0          0          0          0         68   llsshr.o
        32          0          0          0          0         68   llushr.o
        36          0          0          0          0         68   memcpya.o
        36          0          0          0          0        108   memseta.o
      2304         96          0          0          0        600   printfa.o
         0          0          0          4          0          0   stdout.o
        20          0          0          0          0         68   strchr.o
        14          0          0          0          0         68   strlen.o
        24          0          0          0          0         76   strncpy.o
        36          0          0          0          0         80   strstr.o
        44          0          0          0          0         80   uidiv.o
        98          0          0          0          0         92   uldiv.o
        48          0          0          0          0         68   cdrcmple.o
       334          0          0          0          0        148   dadd.o
       222          0          0          0          0        100   ddiv.o
       186          0          0          0          0        176   depilogue.o
        48          0          0          0          0         68   dfixul.o
       228          0          0          0          0         96   dmul.o

    ----------------------------------------------------------------------
      3952        112          0          4          0       2168   Library Totals
         4          0          0          0          0          0   (incl. Padding)

    ----------------------------------------------------------------------

      Code (inc. data)   RO Data    RW Data    ZI Data      Debug   Library Name

      2882        112          0          4          0       1512   mc_w.l
      1066          0          0          0          0        656   mf_w.l

    ----------------------------------------------------------------------
      3952        112          0          4          0       2168   Library Totals

    ----------------------------------------------------------------------

==============================================================================


      Code (inc. data)   RO Data    RW Data    ZI Data      Debug   

     62156       8450        956       9976     107976    3634336   Grand Totals
     62156       8450        956        412     107976    3634336   ELF Image Totals (compressed)
     62156       8450        956        412          0          0   ROM Totals

==============================================================================

    Total RO  Size (Code + RO Data)                63112 (  61.63kB)
    Total RW  Size (RW Data + ZI Data)            117952 ( 115.19kB)
    Total ROM Size (Code + RO Data + RW Data)      63524 (  62.04kB)

==============================================================================

