Component: ARM Compiler 5.06 update 6 (build 750) Tool: armlink [4d35ed]

==============================================================================

Section Cross References

    main.o(i.main) refers to tasks.o(i.xTaskCreate) for xTaskCreate
    main.o(i.main) refers to tasks.o(i.vTaskStartScheduler) for vTaskStartScheduler
    main.o(i.main) refers to start_task.o(.data) for StartTask_Handler
    main.o(i.main) refers to start_task.o(i.start_task) for start_task
    start_task.o(i.start_task) refers to port.o(i.vPortEnterCritical) for vPortEnterCritical
    start_task.o(i.start_task) refers to start_task.o(i.system_clk_init) for system_clk_init
    start_task.o(i.start_task) refers to debug_bsp.o(i.debug_usart_init) for debug_usart_init
    start_task.o(i.start_task) refers to tasks.o(i.xTaskCreate) for xTaskCreate
    start_task.o(i.start_task) refers to debug_bsp.o(i.debug_printf) for debug_printf
    start_task.o(i.start_task) refers to tasks.o(i.vTaskDelay) for vTaskDelay
    start_task.o(i.start_task) refers to tasks.o(i.vTaskDelete) for vTaskDelete
    start_task.o(i.start_task) refers to port.o(i.vPortExitCritical) for vPortExitCritical
    start_task.o(i.start_task) refers to broker_task.o(i.broker_task) for broker_task
    start_task.o(i.start_task) refers to rs458_task.o(i.rs485_task) for rs485_task
    start_task.o(i.start_task) refers to ethernet_task.o(i.ethernet_task) for ethernet_task
    start_task.o(i.start_task) refers to logic_control_task.o(i.logic_control_task) for logic_control_task
    start_task.o(i.start_task) refers to gpio_manage_business.o(i.control_task) for control_task
    start_task.o(i.start_task) refers to start_task.o(.conststring) for .conststring
    start_task.o(i.start_task) refers to main.o(.data) for firmware_version
    start_task.o(i.system_clk_init) refers to memseta.o(.text) for __aeabi_memclr4
    start_task.o(i.system_clk_init) refers to hc32f46x_clk.o(i.CLK_SysClkConfig) for CLK_SysClkConfig
    start_task.o(i.system_clk_init) refers to hc32f46x_clk.o(i.CLK_XtalConfig) for CLK_XtalConfig
    start_task.o(i.system_clk_init) refers to hc32f46x_clk.o(i.CLK_XtalCmd) for CLK_XtalCmd
    start_task.o(i.system_clk_init) refers to hc32f46x_clk.o(i.CLK_HrcCmd) for CLK_HrcCmd
    start_task.o(i.system_clk_init) refers to hc32f46x_clk.o(i.CLK_GetFlagStatus) for CLK_GetFlagStatus
    start_task.o(i.system_clk_init) refers to hc32f46x_clk.o(i.CLK_SetPllSource) for CLK_SetPllSource
    start_task.o(i.system_clk_init) refers to hc32f46x_clk.o(i.CLK_MpllConfig) for CLK_MpllConfig
    start_task.o(i.system_clk_init) refers to hc32f46x_efm.o(i.EFM_Unlock) for EFM_Unlock
    start_task.o(i.system_clk_init) refers to hc32f46x_efm.o(i.EFM_SetLatency) for EFM_SetLatency
    start_task.o(i.system_clk_init) refers to hc32f46x_efm.o(i.EFM_Lock) for EFM_Lock
    start_task.o(i.system_clk_init) refers to hc32f46x_clk.o(i.CLK_MpllCmd) for CLK_MpllCmd
    start_task.o(i.system_clk_init) refers to hc32f46x_clk.o(i.CLK_SetSysClkSource) for CLK_SetSysClkSource
    start_task.o(i.system_clk_init) refers to hc32f46x_utility.o(i.SysTick_Init) for SysTick_Init
    broker_task.o(i.broker_handle) refers to broker_task.o(i.broker_push_information) for broker_push_information
    broker_task.o(i.broker_handle) refers to broker_task.o(i.clear_release_information) for clear_release_information
    broker_task.o(i.broker_handle) refers to broker_task.o(.data) for broker_information
    broker_task.o(i.broker_push_information) refers to strstr.o(.text) for strstr
    broker_task.o(i.broker_push_information) refers to memcpya.o(.text) for __aeabi_memcpy
    broker_task.o(i.broker_push_information) refers to broker_task.o(.data) for broker_information
    broker_task.o(i.broker_task) refers to broker_task.o(i.clear_broker_information) for clear_broker_information
    broker_task.o(i.broker_task) refers to broker_task.o(i.broker_handle) for broker_handle
    broker_task.o(i.broker_task) refers to tasks.o(i.vTaskDelay) for vTaskDelay
    broker_task.o(i.clear_broker_information) refers to memseta.o(.text) for __aeabi_memclr
    broker_task.o(i.clear_broker_information) refers to broker_task.o(.data) for broker_information
    broker_task.o(i.clear_release_information) refers to memseta.o(.text) for __aeabi_memclr
    broker_task.o(i.directional_release_data) refers to memcpya.o(.text) for __aeabi_memcpy
    broker_task.o(i.directional_release_data_to_cache) refers to memcpya.o(.text) for __aeabi_memcpy
    broker_task.o(i.directional_release_data_to_cache) refers to broker_task.o(i.release_buff_write) for release_buff_write
    broker_task.o(i.read_subscribe_payload) refers to broker_task.o(i.check_subscribe_information) for check_subscribe_information
    broker_task.o(i.read_subscribe_payload) refers to broker_task.o(i.clear_release_information) for clear_release_information
    broker_task.o(i.release_buff_check) refers to memcpya.o(.text) for __aeabi_memcpy
[...]
    main                                     0x000187b9   Thumb Code    30  main.o(i.main)
    makeDHCPMSG                              0x000187ed   Thumb Code   386  dhcp.o(i.makeDHCPMSG)
    my_ip_assign                             0x0001897d   Thumb Code    60  ethernet_operation.o(i.my_ip_assign)
    my_ip_conflict                           0x000189d1   Thumb Code    14  ethernet_operation.o(i.my_ip_conflict)
    network_init                             0x000189f9   Thumb Code   226  ethernet_operation.o(i.network_init)
    ntohs                                    0x00018bd9   Thumb Code    12  dns.o(i.ntohs)
    outside_lookup_handle                    0x00018d41   Thumb Code   296  local_hotel_agreement.o(i.outside_lookup_handle)
    parseDHCPMSG                             0x00018e99   Thumb Code   454  dhcp.o(i.parseDHCPMSG)
    parseMSG                                 0x00019081   Thumb Code   218  dns.o(i.parseMSG)
    parse_name                               0x0001915b   Thumb Code   156  dns.o(i.parse_name)
    pvPortMalloc                             0x00019651   Thumb Code   296  heap_4.o(i.pvPortMalloc)
    pxPortInitialiseStack                    0x0001978d   Thumb Code    38  port.o(i.pxPortInitialiseStack)
    read_single                              0x000197b9   Thumb Code    62  gpio_manage_driver.o(i.read_single)
    read_subscribe_payload                   0x000197fd   Thumb Code    60  broker_task.o(i.read_subscribe_payload)
    read_uid_data                            0x00019839   Thumb Code    18  logic_control_task.o(i.read_uid_data)
    read_uid_num                             0x00019855   Thumb Code    42  ethernet_operation.o(i.read_uid_num)
    recv                                     0x00019889   Thumb Code    84  socket.o(i.recv)
    recvfrom                                 0x000198dd   Thumb Code   602  socket.o(i.recvfrom)
    reg_dhcp_cbfunc                          0x00019b45   Thumb Code    40  dhcp.o(i.reg_dhcp_cbfunc)
    reg_wizchip_cris_cbfunc                  0x00019b85   Thumb Code    26  wizchip_conf.o(i.reg_wizchip_cris_cbfunc)
    reg_wizchip_cs_cbfunc                    0x00019bad   Thumb Code    26  wizchip_conf.o(i.reg_wizchip_cs_cbfunc)
    reg_wizchip_spi_cbfunc                   0x00019bd5   Thumb Code    40  wizchip_conf.o(i.reg_wizchip_spi_cbfunc)
    release_buff_write                       0x00019c09   Thumb Code    82  broker_task.o(i.release_buff_write)
    reset_DHCP_timeout                       0x00019c5d   Thumb Code    20  dhcp.o(i.reset_DHCP_timeout)
    rs485_inside_analysis_handle             0x00019c7d   Thumb Code    80  rs458_task.o(i.rs485_inside_analysis_handle)
    rs485_inside_send_buff                   0x00019d01   Thumb Code    88  rs458_bsp.o(i.rs485_inside_send_buff)
    rs485_outside_analysis_handle            0x00019d5d   Thumb Code    80  rs458_task.o(i.rs485_outside_analysis_handle)
    rs485_outside_send_buff                  0x00019de9   Thumb Code    80  rs458_bsp.o(i.rs485_outside_send_buff)
    rs485_send_handle                        0x00019e3d   Thumb Code   212  rs458_task.o(i.rs485_send_handle)
    rs485_task                               0x00019f51   Thumb Code    66  rs458_task.o(i.rs485_task)
    rs485_usart_init                         0x00019fc9   Thumb Code    16  rs458_bsp.o(i.rs485_usart_init)
    rs485inside_release_data_to_cache        0x00019fd9   Thumb Code    54  local_hotel_agreement.o(i.rs485inside_release_data_to_cache)
    scene_mode_lamp_update_status            0x0001a02d   Thumb Code    50  local_hotel_agreement.o(i.scene_mode_lamp_update_status)
    scoket_balanced                          0x0001a061   Thumb Code   168  ethernet_data_handle.o(i.scoket_balanced)
    scoket_cloud                             0x0001a155   Thumb Code    82  ethernet_data_handle.o(i.scoket_cloud)
    scoket_dns_handle                        0x0001a1c9   Thumb Code   466  ethernet_operation.o(i.scoket_dns_handle)
    scoket_set                               0x0001a4c5   Thumb Code    82  ethernet_data_handle.o(i.scoket_set)
    scoket_tcp_handle                        0x0001a539   Thumb Code   780  ethernet_operation.o(i.scoket_tcp_handle)
    scoket_udp                               0x0001aa41   Thumb Code     6  ethernet_data_handle.o(i.scoket_udp)
    send                                     0x0001aa49   Thumb Code   374  socket.o(i.send)
    send_DHCP_DECLINE                        0x0001abc9   Thumb Code   492  dhcp.o(i.send_DHCP_DECLINE)
    send_DHCP_DISCOVER                       0x0001adc9   Thumb Code   532  dhcp.o(i.send_DHCP_DISCOVER)
    send_DHCP_REQUEST                        0x0001afed   Thumb Code   886  dhcp.o(i.send_DHCP_REQUEST)
    sendto                                   0x0001b381   Thumb Code   460  socket.o(i.sendto)
    set_system_data                          0x0001b551   Thumb Code    18  data_task.o(i.set_system_data)
    socket                                   0x0001b56d   Thumb Code   346  socket.o(i.socket)
    start_task                               0x0001b6dd   Thumb Code   168  start_task.o(i.start_task)
    swaps                                    0x0001b87d   Thumb Code    14  dns.o(i.swaps)
    switch_driver_write                      0x0001b88b   Thumb Code    76  gpio_manage_driver.o(i.switch_driver_write)
    switch_handle                            0x0001b8d9   Thumb Code    28  gpio_manage_business.o(i.switch_handle)
    switch_read_subscribe                    0x0001b8f9   Thumb Code    78  gpio_manage_business.o(i.switch_read_subscribe)
    system_clk_init                          0x0001b969   Thumb Code   208  start_task.o(i.system_clk_init)
    tcp_iap_handle                           0x0001ba39   Thumb Code   250  ethernet_iap.o(i.tcp_iap_handle)
    tcp_iap_reply                            0x0001bb59   Thumb Code    76  ethernet_iap.o(i.tcp_iap_reply)
    tcp_set_handle                           0x0001bba5   Thumb Code   132  ethernet_data_handle.o(i.tcp_set_handle)
    tcp_set_reply                            0x0001bc41   Thumb Code    50  ethernet_data_handle.o(i.tcp_set_reply)
    time6_init                               0x0001bc75   Thumb Code   184  rs458_bsp.o(i.time6_init)
    uesr_data_reset                          0x0001bd8d   Thumb Code    88  logic_control_task.o(i.uesr_data_reset)
    usart3_init                              0x0001be01   Thumb Code   252  rs458_bsp.o(i.usart3_init)
    usart4_init                              0x0001bf0d   Thumb Code   262  rs458_bsp.o(i.usart4_init)
    user_read_system_data                    0x0001c025   Thumb Code    34  data_task.o(i.user_read_system_data)
    uxListRemove                             0x0001c051   Thumb Code    40  list.o(i.uxListRemove)
    vListInitialise                          0x0001c079   Thumb Code    26  list.o(i.vListInitialise)
    vListInitialiseItem                      0x0001c093   Thumb Code     6  list.o(i.vListInitialiseItem)
    vListInsert                              0x0001c099   Thumb Code    52  list.o(i.vListInsert)
    vListInsertEnd                           0x0001c0cd   Thumb Code    24  list.o(i.vListInsertEnd)
    vPortEnterCritical                       0x0001c0e5   Thumb Code    76  port.o(i.vPortEnterCritical)
    vPortExitCritical                        0x0001c139   Thumb Code    56  port.o(i.vPortExitCritical)
    vPortFree                                0x0001c175   Thumb Code   140  heap_4.o(i.vPortFree)
    vPortSetupTimerInterrupt                 0x0001c209   Thumb Code    26  port.o(i.vPortSetupTimerInterrupt)
    vTaskDelay                               0x0001c229   Thumb Code    82  tasks.o(i.vTaskDelay)
    vTaskDelete                              0x0001c285   Thumb Code   202  tasks.o(i.vTaskDelete)
    vTaskStartScheduler                      0x0001c379   Thumb Code   108  tasks.o(i.vTaskStartScheduler)
    vTaskSuspendAll                          0x0001c401   Thumb Code    12  tasks.o(i.vTaskSuspendAll)
    vTaskSwitchContext                       0x0001c411   Thumb Code   118  tasks.o(i.vTaskSwitchContext)
    w5500_init                               0x0001c49d   Thumb Code   186  ethernet_operation.o(i.w5500_init)
    w5500_reset                              0x0001c5d1   Thumb Code    12  spi.o(i.w5500_reset)
    w5500_set                                0x0001c5dd   Thumb Code    12  spi.o(i.w5500_set)
    w5500_user_reset                         0x0001c5e9   Thumb Code    28  ethernet_operation.o(i.w5500_user_reset)
    wdt_config                               0x0001c605   Thumb Code    54  logic_control_bsp.o(i.wdt_config)
    wiz_recv_data                            0x0001c63b   Thumb Code   132  w5500.o(i.wiz_recv_data)
    wiz_recv_ignore                          0x0001c6bf   Thumb Code   102  w5500.o(i.wiz_recv_ignore)
    wiz_send_data                            0x0001c725   Thumb Code   132  w5500.o(i.wiz_send_data)
    wizchip_bus_readbyte                     0x0001c7a9   Thumb Code     6  wizchip_conf.o(i.wizchip_bus_readbyte)
    wizchip_bus_writebyte                    0x0001c7af   Thumb Code     4  wizchip_conf.o(i.wizchip_bus_writebyte)
    wizchip_clrinterrupt                     0x0001c7b3   Thumb Code    32  wizchip_conf.o(i.wizchip_clrinterrupt)
    wizchip_cris_enter                       0x0001c7d3   Thumb Code     2  wizchip_conf.o(i.wizchip_cris_enter)
    wizchip_cris_exit                        0x0001c7d5   Thumb Code     2  wizchip_conf.o(i.wizchip_cris_exit)
    wizchip_cs_deselect                      0x0001c7d7   Thumb Code     2  wizchip_conf.o(i.wizchip_cs_deselect)
    wizchip_cs_select                        0x0001c7d9   Thumb Code     2  wizchip_conf.o(i.wizchip_cs_select)
    wizchip_getinterrupt                     0x0001c7db   Thumb Code    42  wizchip_conf.o(i.wizchip_getinterrupt)
    wizchip_getinterruptmask                 0x0001c805   Thumb Code    40  wizchip_conf.o(i.wizchip_getinterruptmask)
    wizchip_getnetinfo                       0x0001c82d   Thumb Code    82  wizchip_conf.o(i.wizchip_getnetinfo)
    wizchip_getnetmode                       0x0001c889   Thumb Code    10  wizchip_conf.o(i.wizchip_getnetmode)
    wizchip_gettimeout                       0x0001c893   Thumb Code    40  wizchip_conf.o(i.wizchip_gettimeout)
    wizchip_init                             0x0001c8bb   Thumb Code   144  wizchip_conf.o(i.wizchip_init)
    wizchip_setinterruptmask                 0x0001c94b   Thumb Code    30  wizchip_conf.o(i.wizchip_setinterruptmask)
    wizchip_setnetinfo                       0x0001c969   Thumb Code    80  wizchip_conf.o(i.wizchip_setnetinfo)
    wizchip_setnetmode                       0x0001c9c1   Thumb Code    38  wizchip_conf.o(i.wizchip_setnetmode)
    wizchip_settimeout                       0x0001c9e7   Thumb Code    38  wizchip_conf.o(i.wizchip_settimeout)
    wizchip_spi_readbyte                     0x0001ca0d   Thumb Code     4  wizchip_conf.o(i.wizchip_spi_readbyte)
    wizchip_spi_writebyte                    0x0001ca11   Thumb Code     2  wizchip_conf.o(i.wizchip_spi_writebyte)
    wizchip_sw_reset                         0x0001ca13   Thumb Code   114  wizchip_conf.o(i.wizchip_sw_reset)
    wizphy_getphyconf                        0x0001ca85   Thumb Code   120  wizchip_conf.o(i.wizphy_getphyconf)
    wizphy_getphylink                        0x0001cafd   Thumb Code    26  wizchip_conf.o(i.wizphy_getphylink)
    wizphy_getphypmode                       0x0001cb17   Thumb Code    28  wizchip_conf.o(i.wizphy_getphypmode)
    wizphy_reset                             0x0001cb33   Thumb Code    52  wizchip_conf.o(i.wizphy_reset)
    wizphy_setphyconf                        0x0001cb67   Thumb Code    88  wizchip_conf.o(i.wizphy_setphyconf)
    wizphy_setphypmode                       0x0001cbbf   Thumb Code   100  wizchip_conf.o(i.wizphy_setphypmode)
    write_logic_data                         0x0001cc25   Thumb Code    38  data_task.o(i.write_logic_data)
    write_scene_data                         0x0001cc51   Thumb Code    44  data_task.o(i.write_scene_data)
    write_system_data                        0x0001cc81   Thumb Code    16  data_task.o(i.write_system_data)
    xPortStartScheduler                      0x0001cc95   Thumb Code   288  port.o(i.xPortStartScheduler)
    xTaskCreate                              0x0001cdd1   Thumb Code    96  tasks.o(i.xTaskCreate)
    xTaskIncrementTick                       0x0001ce31   Thumb Code   282  tasks.o(i.xTaskIncrementTick)
    xTaskResumeAll                           0x0001cf79   Thumb Code   224  tasks.o(i.xTaskResumeAll)
    hotel_instruction_pack                   0x0001d07c   Data          76  ethernet_hotel_agreement.o(.constdata)
    ethernet_callback                        0x0001d0c8   Data           8  ethernet_task.o(.constdata)
    Region$$Table$$Base                      0x0001d190   Number         0  anon$$obj.o(Region$$Table)
    Region$$Table$$Limit                     0x0001d1b0   Number         0  anon$$obj.o(Region$$Table)
    firmware_version                         0x1fff8000   Data           1  main.o(.data)
    StartTask_Handler                        0x1fff8004   Data           4  start_task.o(.data)
    broker_information                       0x1fff8008   Data          16  broker_task.o(.data)
    logic_business                           0x1fff8018   Data        2352  logic_control_task.o(.data)
    user_system_data_point                   0x1fff8948   Data           4  logic_control_task.o(.data)
    key_value_updata_flag                    0x1fff894c   Data           1  logic_control_task.o(.data)
    user_logic                               0x1fff894d   Data           1  logic_control_task.o(.data)
    user_uid                                 0x1fff894e   Data           3  logic_control_task.o(.data)
    ethernet_debug_flag                      0x1fff8954   Data           1  ethernet_hotel_agreement.o(.data)
    timer_callback                           0x1fff8958   Data           4  logic_control_bsp.o(.data)
    control_task_handler                     0x1fff895c   Data           4  gpio_manage_business.o(.data)
    gpio_business                            0x1fff8960   Data        2352  gpio_manage_business.o(.data)
    ethernet_task_handler                    0x1fff92bc   Data           4  ethernet_task.o(.data)
    ethernet_data_monitor_num                0x1fff92c4   Data           2  ethernet_operation.o(.data)
    dns_server_ip                            0x1fff92c6   Data           4  ethernet_operation.o(.data)
    domain_name                              0x1fff92cc   Data           4  ethernet_operation.o(.data)
    dns_finish_flag                          0x1fff92d0   Data           1  ethernet_operation.o(.data)
    my_dhcp_retry                            0x1fff92d1   Data           1  ethernet_operation.o(.data)
    gWIZNETINFO                              0x1fff92d2   Data          23  ethernet_operation.o(.data)
    user_scoket_cloud                        0x1fff92ea   Data           6  ethernet_operation.o(.data)
    user_scoket_set                          0x1fff92f0   Data           6  ethernet_operation.o(.data)
    user_scoket_balanced                     0x1fff92f6   Data           6  ethernet_operation.o(.data)
    user_scoket_prot_null                    0x1fff92fc   Data           6  ethernet_operation.o(.data)
    user_scoket_point_buff                   0x1fff9304   Data          32  ethernet_operation.o(.data)
    user_scoket_prot_handle                  0x1fff932c   Data          48  ethernet_operation.o(.data)
    scoket_balanced_flag                     0x1fff935c   Data           1  ethernet_operation.o(.data)
    ethernet_business                        0x1fff936c   Data        2352  ethernet_data_handle.o(.data)
    uesr_data_updata                         0x1fff9c9c   Data           8  ethernet_data_handle.o(.data)
    MSG_ID                                   0x1fff9cc8   Data           2  dns.o(.data)
    DNS_GET_IP                               0x1fff9cca   Data           4  dns.o(.data)
    dns_num                                  0x1fff9cce   Data           1  dns.o(.data)
    DHCP_SOCKET                              0x1fff9cd0   Data           1  dhcp.o(.data)
    DHCP_SIP                                 0x1fff9cd1   Data           4  dhcp.o(.data)
    OLD_allocated_ip                         0x1fff9cd5   Data           4  dhcp.o(.data)
    DHCP_allocated_ip                        0x1fff9cd9   Data           4  dhcp.o(.data)
    DHCP_allocated_gw                        0x1fff9cdd   Data           4  dhcp.o(.data)
    DHCP_allocated_sn                        0x1fff9ce1   Data           4  dhcp.o(.data)
    DHCP_allocated_dns                       0x1fff9ce5   Data           4  dhcp.o(.data)
    dhcp_state                               0x1fff9ce9   Data           1  dhcp.o(.data)
    dhcp_retry_count                         0x1fff9cea   Data           1  dhcp.o(.data)
    dhcp_lease_time                          0x1fff9cec   Data           4  dhcp.o(.data)
    dhcp_tick_1s                             0x1fff9cf0   Data           4  dhcp.o(.data)
    dhcp_tick_next                           0x1fff9cf4   Data           4  dhcp.o(.data)
    DHCP_XID                                 0x1fff9cf8   Data           4  dhcp.o(.data)
    pDHCPMSG                                 0x1fff9cfc   Data           4  dhcp.o(.data)
    HOST_NAME                                0x1fff9d00   Data           8  dhcp.o(.data)
    DHCP_CHADDR                              0x1fff9d08   Data           6  dhcp.o(.data)
    dhcp_ip_assign                           0x1fff9d10   Data           4  dhcp.o(.data)
    dhcp_ip_update                           0x1fff9d14   Data           4  dhcp.o(.data)
    dhcp_ip_conflict                         0x1fff9d18   Data           4  dhcp.o(.data)
    WIZCHIP                                  0x1fff9d1c   Data          32  wizchip_conf.o(.data)
    test_tcp_num                             0x1fff9d41   Data           1  spi.o(.data)
    rs485_task_handler                       0x1fff9d44   Data           4  rs458_task.o(.data)
    rs485_business                           0x1fff9d48   Data        2352  rs458_task.o(.data)
    pxCurrentTCB                             0x1fffa684   Data           4  tasks.o(.data)
    HRC_VALUE                                0x1fffa6e4   Data           4  system_hc32f46x.o(.data)
    SystemCoreClock                          0x1fffa6e8   Data           4  system_hc32f46x.o(.data)
    __stdout                                 0x1fffa6f4   Data           4  stdout.o(.data)
    user_key_data                            0x1fffa6f8   Data         405  logic_control_task.o(.bss)
    user_key_analysis                        0x1fffa88d   Data         405  logic_control_task.o(.bss)
    user_key_execute                         0x1fffaa22   Data         405  logic_control_task.o(.bss)
    user_delay_key                           0x1fffabb8   Data        1216  logic_control_task.o(.bss)
    user_system_data                         0x1fffb130   Data        4622  logic_control_task.o(.bss)
    logic_business_release_buff              0x1fffc340   Data        9592  logic_control_task.o(.bss)
    current_user                             0x1fffe8b8   Data         116  logic_control_task.o(.bss)
    lamp_status                              0x1fffe9f4   Data          10  gpio_manage_business.o(.bss)
    button_status                            0x1fffe9fe   Data          10  gpio_manage_business.o(.bss)
    key_manage                               0x1fffea08   Data          60  gpio_manage_driver.o(.bss)
    uesr_flash_buff                          0x1fffea44   Data        4622  data_task.o(.bss)
    domain_name_buff                         0x1ffffc52   Data          50  ethernet_operation.o(.bss)
    dhcp_receive_buff                        0x1ffffc84   Data        2048  ethernet_operation.o(.bss)
    receive_asc_buff                         0x2000057c   Data         100  ethernet_data_handle.o(.bss)
    tcp_receive_buff                         0x200005e0   Data        2048  ethernet_data_handle.o(.bss)
    tcp_receive_set_buff                     0x20000de0   Data        4048  ethernet_data_handle.o(.bss)
    send_tcp_buff                            0x20001db0   Data        5000  ethernet_data_handle.o(.bss)
    receive_balanced_buff                    0x20003138   Data         100  ethernet_data_handle.o(.bss)
    test_tcp                                 0x200031ac   Data          20  spi.o(.bss)
    usart3_commnuication_frame               0x20003350   Data        1422  rs458_analysis.o(.bss)
    usart4_commnuication_frame               0x200038de   Data        1422  rs458_analysis.o(.bss)
    debug_buff                               0x20003e70   Data         256  debug_bsp.o(.bss)
    IrqHandler                               0x20012ac0   Data         512  hc32f46x_interrupts.o(.bss)
    __initial_sp                             0x20014cc0   Data           0  startup_hc32f46x.o(STACK)



==============================================================================

Memory Map of the image

  Image Entry point : 0x0000e281

  Load Region LR_IROM1 (Base: 0x0000e000, Size: 0x000118a8, Max: 0x00080000, ABSOLUTE, COMPRESSED[0x0000f34c])

    Execution Region ER_IROM1 (Exec base: 0x0000e000, Load base: 0x0000e000, Size: 0x0000f1b0, Max: 0x00080000, ABSOLUTE)

    Exec Addr    Load Addr    Size         Type   Attr      Idx    E Section Name        Object

    0x0000e000   0x0000e000   0x00000280   Data   RO         4589    RESET               startup_hc32f46x.o
    0x0000e280   0x0000e280   0x00000000   Code   RO         6684  * .ARM.Collect$$$$00000000  mc_w.l(entry.o)
    0x0000e280   0x0000e280   0x00000004   Code   RO         6964    .ARM.Collect$$$$00000001  mc_w.l(entry2.o)
    0x0000e284   0x0000e284   0x00000004   Code   RO         6967    .ARM.Collect$$$$00000004  mc_w.l(entry5.o)
    0x0000e288   0x0000e288   0x00000000   Code   RO         6969    .ARM.Collect$$$$00000008  mc_w.l(entry7b.o)
    0x0000e288   0x0000e288   0x00000000   Code   RO         6971    .ARM.Collect$$$$0000000A  mc_w.l(entry8b.o)
    0x0000e288   0x0000e288   0x00000008   Code   RO         6972    .ARM.Collect$$$$0000000B  mc_w.l(entry9a.o)
    0x0000e290   0x0000e290   0x00000000   Code   RO         6974    .ARM.Collect$$$$0000000D  mc_w.l(entry10a.o)
    0x0000e290   0x0000e290   0x00000000   Code   RO         6976    .ARM.Collect$$$$0000000F  mc_w.l(entry11a.o)
    0x0000e290   0x0000e290   0x00000004   Code   RO         6965    .ARM.Collect$$$$00002712  mc_w.l(entry2.o)
    0x0000e294   0x0000e294   0x000000ba   Code   RO         3527    .emb_text           port.o
    0x0000e34e   0x0000e34e   0x00000002   PAD
    0x0000e350   0x0000e350   0x00000058   Code   RO         4590    .text               startup_hc32f46x.o
    0x0000e3a8   0x0000e3a8   0x00000062   Code   RO         6687    .text               mc_w.l(uldiv.o)
    0x0000e40a   0x0000e40a   0x00000024   Code   RO         6689    .text               mc_w.l(memcpya.o)
    0x0000e42e   0x0000e42e   0x00000024   Code   RO         6691    .text               mc_w.l(memseta.o)
    0x0000e452   0x0000e452   0x00000024   Code   RO         6693    .text               mc_w.l(strstr.o)
    0x0000e476   0x0000e476   0x00000018   Code   RO         6695    .text               mc_w.l(strncpy.o)
    0x0000e48e   0x0000e48e   0x00000014   Code   RO         6697    .text               mc_w.l(strchr.o)
    0x0000e4a2   0x0000e4a2   0x0000000e   Code   RO         6699    .text               mc_w.l(strlen.o)
    0x0000e4b0   0x0000e4b0   0x0000002c   Code   RO         6979    .text               mc_w.l(uidiv.o)
    0x0000e4dc   0x0000e4dc   0x0000001e   Code   RO         6981    .text               mc_w.l(llshl.o)
    0x0000e4fa   0x0000e4fa   0x00000020   Code   RO         6983    .text               mc_w.l(llushr.o)
    0x0000e51a   0x0000e51a   0x00000000   Code   RO         6985    .text               mc_w.l(iusefp.o)
    0x0000e51a   0x0000e51a   0x0000014e   Code   RO         6986    .text               mf_w.l(dadd.o)
    0x0000e668   0x0000e668   0x000000e4   Code   RO         6988    .text               mf_w.l(dmul.o)
    0x0000e74c   0x0000e74c   0x000000de   Code   RO         6990    .text               mf_w.l(ddiv.o)
    0x0000e82a   0x0000e82a   0x00000030   Code   RO         6992    .text               mf_w.l(dfixul.o)
    0x0000e85a   0x0000e85a   0x00000002   PAD
    0x0000e85c   0x0000e85c   0x00000030   Code   RO         6994    .text               mf_w.l(cdrcmple.o)
    0x0000e88c   0x0000e88c   0x00000024   Code   RO         6996    .text               mc_w.l(init.o)
    0x0000e8b0   0x0000e8b0   0x00000024   Code   RO         6998    .text               mc_w.l(llsshr.o)
    0x0000e8d4   0x0000e8d4   0x000000ba   Code   RO         7000    .text               mf_w.l(depilogue.o)
    0x0000e98e   0x0000e98e   0x00000056   Code   RO         7010    .text               mc_w.l(__dczerorl2.o)
    0x0000e9e4   0x0000e9e4   0x00000068   Code   RO         6188    i.AsyncDelay        hc32f46x_timer0.o
    0x0000ea4c   0x0000ea4c   0x00000008   Code   RO         3620    i.BusFault_Handler  hc32f46x_interrupts.o
    0x0000ea54   0x0000ea54   0x000000c4   Code   RO         4886    i.CLK_GetFlagStatus  hc32f46x_clk.o
    0x0000eb18   0x0000eb18   0x000000fc   Code   RO         4890    i.CLK_HrcCmd        hc32f46x_clk.o
    0x0000ec14   0x0000ec14   0x000000cc   Code   RO         4894    i.CLK_MpllCmd       hc32f46x_clk.o
    0x0000ece0   0x0000ece0   0x000001bc   Code   RO         4895    i.CLK_MpllConfig    hc32f46x_clk.o
    0x0000ee9c   0x0000ee9c   0x00000080   Code   RO         4902    i.CLK_SetPllSource  hc32f46x_clk.o
    0x0000ef1c   0x0000ef1c   0x0000012c   Code   RO         4903    i.CLK_SetSysClkSource  hc32f46x_clk.o
    0x0000f048   0x0000f048   0x000001ac   Code   RO         4905    i.CLK_SysClkConfig  hc32f46x_clk.o
    0x0000f1f4   0x0000f1f4   0x000000c0   Code   RO         4910    i.CLK_Xtal32Cmd     hc32f46x_clk.o
    0x0000f2b4   0x0000f2b4   0x00000114   Code   RO         4912    i.CLK_XtalCmd       hc32f46x_clk.o
    0x0000f3c8   0x0000f3c8   0x00000064   Code   RO         4913    i.CLK_XtalConfig    hc32f46x_clk.o
    0x0000f42c   0x0000f42c   0x000000b0   Code   RO         1995    i.DHCP_init         dhcp.o
    0x0000f4dc   0x0000f4dc   0x000001d8   Code   RO         1996    i.DHCP_run          dhcp.o
    0x0000f6b4   0x0000f6b4   0x00000010   Code   RO         1998    i.DHCP_time_handler  dhcp.o
    0x0000f6c4   0x0000f6c4   0x00000044   Code   RO         4774    i.Ddl_AssertHandler  hc32f46x_utility.o
    0x0000f708   0x0000f708   0x00000008   Code   RO         3621    i.DebugMon_Handler  hc32f46x_interrupts.o
    0x0000f710   0x0000f710   0x00000018   Code   RO         4778    i.DebugOutput       hc32f46x_utility.o
    0x0000f728   0x0000f728   0x0000000c   Code   RO         5330    i.EFM_ClearFlag     hc32f46x_efm.o
    0x0000f734   0x0000f734   0x00000054   Code   RO         5332    i.EFM_ErasePgmCmd   hc32f46x_efm.o
    0x0000f788   0x0000f788   0x0000005c   Code   RO         5333    i.EFM_FlashCmd      hc32f46x_efm.o
    0x0000f7e4   0x0000f7e4   0x00000070   Code   RO         5334    i.EFM_GetFlagStatus  hc32f46x_efm.o
    0x0000f854   0x0000f854   0x00000018   Code   RO         5338    i.EFM_Lock          hc32f46x_efm.o
    0x0000f86c   0x0000f86c   0x000000d8   Code   RO         5343    i.EFM_SectorErase   hc32f46x_efm.o
    0x0000f944   0x0000f944   0x0000008c   Code   RO         5347    i.EFM_SetLatency    hc32f46x_efm.o
    0x0000f9d0   0x0000f9d0   0x000000e4   Code   RO         5350    i.EFM_SingleProgram  hc32f46x_efm.o
    0x0000fab4   0x0000fab4   0x00000014   Code   RO         5352    i.EFM_Unlock        hc32f46x_efm.o
    0x0000fac8   0x0000fac8   0x00000008   Code   RO         3622    i.HardFault_Handler  hc32f46x_interrupts.o
    0x0000fad0   0x0000fad0   0x00000014   Code   RO         3623    i.IRQ000_Handler    hc32f46x_interrupts.o
    0x0000fae4   0x0000fae4   0x00000014   Code   RO         3624    i.IRQ001_Handler    hc32f46x_interrupts.o
    0x0000faf8   0x0000faf8   0x00000014   Code   RO         3625    i.IRQ002_Handler    hc32f46x_interrupts.o
    0x0000fb0c   0x0000fb0c   0x00000014   Code   RO         3626    i.IRQ003_Handler    hc32f46x_interrupts.o
    0x0000fb20   0x0000fb20   0x00000014   Code   RO         3627    i.IRQ004_Handler    hc32f46x_interrupts.o
    0x0000fb34   0x0000fb34   0x00000014   Code   RO         3628    i.IRQ005_Handler    hc32f46x_interrupts.o
    0x0000fb48   0x0000fb48   0x00000014   Code   RO         3629    i.IRQ006_Handler    hc32f46x_interrupts.o
    0x0000fb5c   0x0000fb5c   0x00000014   Code   RO         3630    i.IRQ007_Handler    hc32f46x_interrupts.o
    0x0000fb70   0x0000fb70   0x00000014   Code   RO         3631    i.IRQ008_Handler    hc32f46x_interrupts.o
    0x0000fb84   0x0000fb84   0x00000014   Code   RO         3632    i.IRQ009_Handler    hc32f46x_interrupts.o
    0x0000fb98   0x0000fb98   0x00000014   Code   RO         3633    i.IRQ010_Handler    hc32f46x_interrupts.o
    0x0000fbac   0x0000fbac   0x00000014   Code   RO         3634    i.IRQ011_Handler    hc32f46x_interrupts.o
    0x0000fbc0   0x0000fbc0   0x00000014   Code   RO         3635    i.IRQ012_Handler    hc32f46x_interrupts.o
    0x0000fbd4   0x0000fbd4   0x00000014   Code   RO         3636    i.IRQ013_Handler    hc32f46x_interrupts.o
    0x0000fbe8   0x0000fbe8   0x00000014   Code   RO         3637    i.IRQ014_Handler    hc32f46x_interrupts.o
    0x0000fbfc   0x0000fbfc   0x00000014   Code   RO         3638    i.IRQ015_Handler    hc32f46x_interrupts.o
    0x0000fc10   0x0000fc10   0x00000014   Code   RO         3639    i.IRQ016_Handler    hc32f46x_interrupts.o
    0x0000fc24   0x0000fc24   0x00000014   Code   RO         3640    i.IRQ017_Handler    hc32f46x_interrupts.o
    0x0000fc38   0x0000fc38   0x00000014   Code   RO         3641    i.IRQ018_Handler    hc32f46x_interrupts.o
    0x0000fc4c   0x0000fc4c   0x00000014   Code   RO         3642    i.IRQ019_Handler    hc32f46x_interrupts.o
    0x0000fc60   0x0000fc60   0x00000014   Code   RO         3643    i.IRQ020_Handler    hc32f46x_interrupts.o
    0x0000fc74   0x0000fc74   0x00000014   Code   RO         3644    i.IRQ021_Handler    hc32f46x_interrupts.o
    0x0000fc88   0x0000fc88   0x00000014   Code   RO         3645    i.IRQ022_Handler    hc32f46x_interrupts.o
    0x0000fc9c   0x0000fc9c   0x00000014   Code   RO         3646    i.IRQ023_Handler    hc32f46x_interrupts.o
    0x0000fcb0   0x0000fcb0   0x00000014   Code   RO         3647    i.IRQ024_Handler    hc32f46x_interrupts.o
    0x0000fcc4   0x0000fcc4   0x00000014   Code   RO         3648    i.IRQ025_Handler    hc32f46x_interrupts.o
    0x0000fcd8   0x0000fcd8   0x00000014   Code   RO         3649    i.IRQ026_Handler    hc32f46x_interrupts.o
    0x0000fcec   0x0000fcec   0x00000014   Code   RO         3650    i.IRQ027_Handler    hc32f46x_interrupts.o
    0x0000fd00   0x0000fd00   0x00000014   Code   RO         3651    i.IRQ028_Handler    hc32f46x_interrupts.o
    0x0000fd14   0x0000fd14   0x00000014   Code   RO         3652    i.IRQ029_Handler    hc32f46x_interrupts.o
    0x0000fd28   0x0000fd28   0x00000014   Code   RO         3653    i.IRQ030_Handler    hc32f46x_interrupts.o
    0x0000fd3c   0x0000fd3c   0x00000014   Code   RO         3654    i.IRQ031_Handler    hc32f46x_interrupts.o
    0x0000fd50   0x0000fd50   0x00000018   Code   RO         3655    i.IRQ032_Handler    hc32f46x_interrupts.o
    0x0000fd68   0x0000fd68   0x00000018   Code   RO         3656    i.IRQ033_Handler    hc32f46x_interrupts.o
    0x0000fd80   0x0000fd80   0x00000018   Code   RO         3657    i.IRQ034_Handler    hc32f46x_interrupts.o
    0x0000fd98   0x0000fd98   0x00000018   Code   RO         3658    i.IRQ035_Handler    hc32f46x_interrupts.o
    0x0000fdb0   0x0000fdb0   0x00000018   Code   RO         3659    i.IRQ036_Handler    hc32f46x_interrupts.o
    0x0000fdc8   0x0000fdc8   0x00000018   Code   RO         3660    i.IRQ037_Handler    hc32f46x_interrupts.o
    0x0000fde0   0x0000fde0   0x00000018   Code   RO         3661    i.IRQ038_Handler    hc32f46x_interrupts.o
    0x0000fdf8   0x0000fdf8   0x00000018   Code   RO         3662    i.IRQ039_Handler    hc32f46x_interrupts.o
    0x0000fe10   0x0000fe10   0x00000018   Code   RO         3663    i.IRQ040_Handler    hc32f46x_interrupts.o
    0x0000fe28   0x0000fe28   0x00000018   Code   RO         3664    i.IRQ041_Handler    hc32f46x_interrupts.o
    0x0000fe40   0x0000fe40   0x00000018   Code   RO         3665    i.IRQ042_Handler    hc32f46x_interrupts.o
    0x0000fe58   0x0000fe58   0x00000018   Code   RO         3666    i.IRQ043_Handler    hc32f46x_interrupts.o
    0x0000fe70   0x0000fe70   0x00000018   Code   RO         3667    i.IRQ044_Handler    hc32f46x_interrupts.o
    0x0000fe88   0x0000fe88   0x00000018   Code   RO         3668    i.IRQ045_Handler    hc32f46x_interrupts.o
    0x0000fea0   0x0000fea0   0x00000018   Code   RO         3669    i.IRQ046_Handler    hc32f46x_interrupts.o
    0x0000feb8   0x0000feb8   0x00000018   Code   RO         3670    i.IRQ047_Handler    hc32f46x_interrupts.o
    0x0000fed0   0x0000fed0   0x00000018   Code   RO         3671    i.IRQ048_Handler    hc32f46x_interrupts.o
    0x0000fee8   0x0000fee8   0x00000018   Code   RO         3672    i.IRQ049_Handler    hc32f46x_interrupts.o
    0x0000ff00   0x0000ff00   0x00000018   Code   RO         3673    i.IRQ050_Handler    hc32f46x_interrupts.o
    0x0000ff18   0x0000ff18   0x00000018   Code   RO         3674    i.IRQ051_Handler    hc32f46x_interrupts.o
    0x0000ff30   0x0000ff30   0x00000018   Code   RO         3675    i.IRQ052_Handler    hc32f46x_interrupts.o
    0x0000ff48   0x0000ff48   0x00000018   Code   RO         3676    i.IRQ053_Handler    hc32f46x_interrupts.o
    0x0000ff60   0x0000ff60   0x00000018   Code   RO         3677    i.IRQ054_Handler    hc32f46x_interrupts.o
    0x0000ff78   0x0000ff78   0x00000018   Code   RO         3678    i.IRQ055_Handler    hc32f46x_interrupts.o
    0x0000ff90   0x0000ff90   0x00000018   Code   RO         3679    i.IRQ056_Handler    hc32f46x_interrupts.o
    0x0000ffa8   0x0000ffa8   0x00000018   Code   RO         3680    i.IRQ057_Handler    hc32f46x_interrupts.o
    0x0000ffc0   0x0000ffc0   0x00000018   Code   RO         3681    i.IRQ058_Handler    hc32f46x_interrupts.o
    0x0000ffd8   0x0000ffd8   0x00000018   Code   RO         3682    i.IRQ059_Handler    hc32f46x_interrupts.o
    0x0000fff0   0x0000fff0   0x00000018   Code   RO         3683    i.IRQ060_Handler    hc32f46x_interrupts.o
    0x00010008   0x00010008   0x00000018   Code   RO         3684    i.IRQ061_Handler    hc32f46x_interrupts.o
    0x00010020   0x00010020   0x00000018   Code   RO         3685    i.IRQ062_Handler    hc32f46x_interrupts.o
    0x00010038   0x00010038   0x00000018   Code   RO         3686    i.IRQ063_Handler    hc32f46x_interrupts.o
    0x00010050   0x00010050   0x00000018   Code   RO         3687    i.IRQ064_Handler    hc32f46x_interrupts.o
    0x00010068   0x00010068   0x00000018   Code   RO         3688    i.IRQ065_Handler    hc32f46x_interrupts.o
    0x00010080   0x00010080   0x00000018   Code   RO         3689    i.IRQ066_Handler    hc32f46x_interrupts.o
    0x00010098   0x00010098   0x00000018   Code   RO         3690    i.IRQ067_Handler    hc32f46x_interrupts.o
    0x000100b0   0x000100b0   0x00000018   Code   RO         3691    i.IRQ068_Handler    hc32f46x_interrupts.o
    0x000100c8   0x000100c8   0x00000018   Code   RO         3692    i.IRQ069_Handler    hc32f46x_interrupts.o
    0x000100e0   0x000100e0   0x00000018   Code   RO         3693    i.IRQ070_Handler    hc32f46x_interrupts.o
    0x000100f8   0x000100f8   0x00000018   Code   RO         3694    i.IRQ071_Handler    hc32f46x_interrupts.o
    0x00010110   0x00010110   0x00000018   Code   RO         3695    i.IRQ072_Handler    hc32f46x_interrupts.o
    0x00010128   0x00010128   0x00000018   Code   RO         3696    i.IRQ073_Handler    hc32f46x_interrupts.o
    0x00010140   0x00010140   0x00000018   Code   RO         3697    i.IRQ074_Handler    hc32f46x_interrupts.o
    0x00010158   0x00010158   0x00000018   Code   RO         3698    i.IRQ075_Handler    hc32f46x_interrupts.o
    0x00010170   0x00010170   0x00000018   Code   RO         3699    i.IRQ076_Handler    hc32f46x_interrupts.o
    0x00010188   0x00010188   0x00000018   Code   RO         3700    i.IRQ077_Handler    hc32f46x_interrupts.o
    0x000101a0   0x000101a0   0x00000018   Code   RO         3701    i.IRQ078_Handler    hc32f46x_interrupts.o
    0x000101b8   0x000101b8   0x00000018   Code   RO         3702    i.IRQ079_Handler    hc32f46x_interrupts.o
    0x000101d0   0x000101d0   0x00000018   Code   RO         3703    i.IRQ080_Handler    hc32f46x_interrupts.o
    0x000101e8   0x000101e8   0x00000018   Code   RO         3704    i.IRQ081_Handler    hc32f46x_interrupts.o
    0x00010200   0x00010200   0x00000018   Code   RO         3705    i.IRQ082_Handler    hc32f46x_interrupts.o
    0x00010218   0x00010218   0x00000018   Code   RO         3706    i.IRQ083_Handler    hc32f46x_interrupts.o
    0x00010230   0x00010230   0x00000018   Code   RO         3707    i.IRQ084_Handler    hc32f46x_interrupts.o
    0x00010248   0x00010248   0x00000018   Code   RO         3708    i.IRQ085_Handler    hc32f46x_interrupts.o
    0x00010260   0x00010260   0x00000018   Code   RO         3709    i.IRQ086_Handler    hc32f46x_interrupts.o
    0x00010278   0x00010278   0x00000018   Code   RO         3710    i.IRQ087_Handler    hc32f46x_interrupts.o
    0x00010290   0x00010290   0x00000018   Code   RO         3711    i.IRQ088_Handler    hc32f46x_interrupts.o
    0x000102a8   0x000102a8   0x00000018   Code   RO         3712    i.IRQ089_Handler    hc32f46x_interrupts.o
    0x000102c0   0x000102c0   0x00000018   Code   RO         3713    i.IRQ090_Handler    hc32f46x_interrupts.o
    0x000102d8   0x000102d8   0x00000018   Code   RO         3714    i.IRQ091_Handler    hc32f46x_interrupts.o
    0x000102f0   0x000102f0   0x00000018   Code   RO         3715    i.IRQ092_Handler    hc32f46x_interrupts.o
    0x00010308   0x00010308   0x00000018   Code   RO         3716    i.IRQ093_Handler    hc32f46x_interrupts.o
    0x00010320   0x00010320   0x00000018   Code   RO         3717    i.IRQ094_Handler    hc32f46x_interrupts.o
    0x00010338   0x00010338   0x00000018   Code   RO         3718    i.IRQ095_Handler    hc32f46x_interrupts.o
    0x00010350   0x00010350   0x00000018   Code   RO         3719    i.IRQ096_Handler    hc32f46x_interrupts.o
    0x00010368   0x00010368   0x00000018   Code   RO         3720    i.IRQ097_Handler    hc32f46x_interrupts.o
    0x00010380   0x00010380   0x00000018   Code   RO         3721    i.IRQ098_Handler    hc32f46x_interrupts.o
    0x00010398   0x00010398   0x00000018   Code   RO         3722    i.IRQ099_Handler    hc32f46x_interrupts.o
    0x000103b0   0x000103b0   0x00000018   Code   RO         3723    i.IRQ100_Handler    hc32f46x_interrupts.o
    0x000103c8   0x000103c8   0x00000018   Code   RO         3724    i.IRQ101_Handler    hc32f46x_interrupts.o
    0x000103e0   0x000103e0   0x00000018   Code   RO         3725    i.IRQ102_Handler    hc32f46x_interrupts.o
    0x000103f8   0x000103f8   0x00000018   Code   RO         3726    i.IRQ103_Handler    hc32f46x_interrupts.o
    0x00010410   0x00010410   0x00000018   Code   RO         3727    i.IRQ104_Handler    hc32f46x_interrupts.o
    0x00010428   0x00010428   0x00000018   Code   RO         3728    i.IRQ105_Handler    hc32f46x_interrupts.o
    0x00010440   0x00010440   0x00000018   Code   RO         3729    i.IRQ106_Handler    hc32f46x_interrupts.o
    0x00010458   0x00010458   0x00000018   Code   RO         3730    i.IRQ107_Handler    hc32f46x_interrupts.o
    0x00010470   0x00010470   0x00000018   Code   RO         3731    i.IRQ108_Handler    hc32f46x_interrupts.o
    0x00010488   0x00010488   0x00000018   Code   RO         3732    i.IRQ109_Handler    hc32f46x_interrupts.o
    0x000104a0   0x000104a0   0x00000018   Code   RO         3733    i.IRQ110_Handler    hc32f46x_interrupts.o
    0x000104b8   0x000104b8   0x00000018   Code   RO         3734    i.IRQ111_Handler    hc32f46x_interrupts.o
    0x000104d0   0x000104d0   0x00000018   Code   RO         3735    i.IRQ112_Handler    hc32f46x_interrupts.o
    0x000104e8   0x000104e8   0x00000018   Code   RO         3736    i.IRQ113_Handler    hc32f46x_interrupts.o
    0x00010500   0x00010500   0x00000018   Code   RO         3737    i.IRQ114_Handler    hc32f46x_interrupts.o
    0x00010518   0x00010518   0x00000018   Code   RO         3738    i.IRQ115_Handler    hc32f46x_interrupts.o
    0x00010530   0x00010530   0x00000018   Code   RO         3739    i.IRQ116_Handler    hc32f46x_interrupts.o
    0x00010548   0x00010548   0x00000018   Code   RO         3740    i.IRQ117_Handler    hc32f46x_interrupts.o
    0x00010560   0x00010560   0x00000018   Code   RO         3741    i.IRQ118_Handler    hc32f46x_interrupts.o
    0x00010578   0x00010578   0x00000018   Code   RO         3742    i.IRQ119_Handler    hc32f46x_interrupts.o
    0x00010590   0x00010590   0x00000018   Code   RO         3743    i.IRQ120_Handler    hc32f46x_interrupts.o
    0x000105a8   0x000105a8   0x00000018   Code   RO         3744    i.IRQ121_Handler    hc32f46x_interrupts.o
    0x000105c0   0x000105c0   0x00000018   Code   RO         3745    i.IRQ122_Handler    hc32f46x_interrupts.o
    0x000105d8   0x000105d8   0x00000018   Code   RO         3746    i.IRQ123_Handler    hc32f46x_interrupts.o
    0x000105f0   0x000105f0   0x00000018   Code   RO         3747    i.IRQ124_Handler    hc32f46x_interrupts.o
    0x00010608   0x00010608   0x00000018   Code   RO         3748    i.IRQ125_Handler    hc32f46x_interrupts.o
    0x00010620   0x00010620   0x00000018   Code   RO         3749    i.IRQ126_Handler    hc32f46x_interrupts.o
    0x00010638   0x00010638   0x00000018   Code   RO         3750    i.IRQ127_Handler    hc32f46x_interrupts.o
    0x00010650   0x00010650   0x00000150   Code   RO         3751    i.IRQ128_Handler    hc32f46x_interrupts.o
    0x000107a0   0x000107a0   0x00000466   Code   RO         3752    i.IRQ129_Handler    hc32f46x_interrupts.o
    0x00010c06   0x00010c06   0x00000002   PAD
    0x00010c08   0x00010c08   0x000000dc   Code   RO         3753    i.IRQ130_Handler    hc32f46x_interrupts.o
    0x00010ce4   0x00010ce4   0x000002c8   Code   RO         3754    i.IRQ131_Handler    hc32f46x_interrupts.o
    0x00010fac   0x00010fac   0x00000170   Code   RO         3755    i.IRQ132_Handler    hc32f46x_interrupts.o
    0x0001111c   0x0001111c   0x00000320   Code   RO         3756    i.IRQ136_Handler    hc32f46x_interrupts.o
    0x0001143c   0x0001143c   0x00000288   Code   RO         3757    i.IRQ137_Handler    hc32f46x_interrupts.o
    0x000116c4   0x000116c4   0x0000023c   Code   RO         3758    i.IRQ138_Handler    hc32f46x_interrupts.o
    0x00011900   0x00011900   0x00000128   Code   RO         3759    i.IRQ139_Handler    hc32f46x_interrupts.o
    0x00011a28   0x00011a28   0x00000214   Code   RO         3760    i.IRQ140_Handler    hc32f46x_interrupts.o
    0x00011c3c   0x00011c3c   0x0000025c   Code   RO         3761    i.IRQ141_Handler    hc32f46x_interrupts.o
    0x00011e98   0x00011e98   0x00000114   Code   RO         3762    i.IRQ142_Handler    hc32f46x_interrupts.o
    0x00011fac   0x00011fac   0x00000110   Code   RO         3763    i.IRQ143_Handler    hc32f46x_interrupts.o
    0x000120bc   0x000120bc   0x00000008   Code   RO         3764    i.MemManage_Handler  hc32f46x_interrupts.o
    0x000120c4   0x000120c4   0x00000008   Code   RO         3765    i.NMI_Handler       hc32f46x_interrupts.o
    0x000120cc   0x000120cc   0x00000090   Code   RO         4649    i.PORT_DebugPortSetting  hc32f46x_gpio.o
    0x0001215c   0x0001215c   0x000000d4   Code   RO         4650    i.PORT_GetBit       hc32f46x_gpio.o
    0x00012230   0x00012230   0x0000020c   Code   RO         4652    i.PORT_Init         hc32f46x_gpio.o
    0x0001243c   0x0001243c   0x00000010   Code   RO         4653    i.PORT_Lock         hc32f46x_gpio.o
    0x0001244c   0x0001244c   0x00000070   Code   RO         4656    i.PORT_ResetBits    hc32f46x_gpio.o
    0x000124bc   0x000124bc   0x00000070   Code   RO         4658    i.PORT_SetBits      hc32f46x_gpio.o
    0x0001252c   0x0001252c   0x000001d0   Code   RO         4659    i.PORT_SetFunc      hc32f46x_gpio.o
    0x000126fc   0x000126fc   0x00000010   Code   RO         4663    i.PORT_Unlock       hc32f46x_gpio.o
    0x0001270c   0x0001270c   0x00000090   Code   RO         5501    i.PWC_Fcg0PeriphClockCmd  hc32f46x_pwc.o
    0x0001279c   0x0001279c   0x00000080   Code   RO         5502    i.PWC_Fcg1PeriphClockCmd  hc32f46x_pwc.o
    0x0001281c   0x0001281c   0x00000080   Code   RO         5503    i.PWC_Fcg2PeriphClockCmd  hc32f46x_pwc.o
    0x0001289c   0x0001289c   0x0000000c   Code   RO         2403    i.SPI_CS_Deselect   spi.o
    0x000128a8   0x000128a8   0x0000000c   Code   RO         2404    i.SPI_CS_Select     spi.o
    0x000128b4   0x000128b4   0x0000007c   Code   RO         6038    i.SPI_Cmd           hc32f46x_spi.o
    0x00012930   0x00012930   0x0000010c   Code   RO         2405    i.SPI_Configuration  spi.o
    0x00012a3c   0x00012a3c   0x0000000a   Code   RO         2406    i.SPI_CrisEnter     spi.o
    0x00012a46   0x00012a46   0x0000000a   Code   RO         2407    i.SPI_CrisExit      spi.o
    0x00012a50   0x00012a50   0x000000d8   Code   RO         6041    i.SPI_GetFlag       hc32f46x_spi.o
    0x00012b28   0x00012b28   0x00000572   Code   RO         6042    i.SPI_Init          hc32f46x_spi.o
    0x0001309a   0x0001309a   0x00000002   PAD
    0x0001309c   0x0001309c   0x00000058   Code   RO         2409    i.SPI_ReadByte      spi.o
    0x000130f4   0x000130f4   0x0000006c   Code   RO         6046    i.SPI_ReceiveData8  hc32f46x_spi.o
    0x00013160   0x00013160   0x00000034   Code   RO         6050    i.SPI_SendData8     hc32f46x_spi.o
    0x00013194   0x00013194   0x00000038   Code   RO         2410    i.SPI_WriteByte     spi.o
    0x000131cc   0x000131cc   0x00000134   Code   RO         5799    i.SetClkSyncBaudrate  hc32f46x_usart.o
    0x00013300   0x00013300   0x00000170   Code   RO         5800    i.SetScBaudrate     hc32f46x_usart.o
    0x00013470   0x00013470   0x00000174   Code   RO         5801    i.SetUartBaudrate   hc32f46x_usart.o
    0x000135e4   0x000135e4   0x00000034   Code   RO         3528    i.SysTick_Handler   port.o
    0x00013618   0x00013618   0x00000080   Code   RO         4783    i.SysTick_Init      hc32f46x_utility.o
    0x00013698   0x00013698   0x000000f0   Code   RO         4597    i.SystemCoreClockUpdate  system_hc32f46x.o
    0x00013788   0x00013788   0x00000014   Code   RO         4598    i.SystemInit        system_hc32f46x.o
    0x0001379c   0x0001379c   0x00000704   Code   RO         6189    i.TIMER0_BaseInit   hc32f46x_timer0.o
    0x00013ea0   0x00013ea0   0x00000104   Code   RO         6191    i.TIMER0_Cmd        hc32f46x_timer0.o
    0x00013fa4   0x00013fa4   0x0000008c   Code   RO         6194    i.TIMER0_GetClkMode  hc32f46x_timer0.o
    0x00014030   0x00014030   0x00000104   Code   RO         6199    i.TIMER0_IntCmd     hc32f46x_timer0.o
    0x00014134   0x00014134   0x00000010   Code   RO         1106    i.Timer0A_CallBack  logic_control_bsp.o
    0x00014144   0x00014144   0x0000014c   Code   RO         6325    i.Timer6_ConfigIrq  hc32f46x_timer6.o
    0x00014290   0x00014290   0x00000104   Code   RO         6338    i.Timer6_Init       hc32f46x_timer6.o
    0x00014394   0x00014394   0x00000018   Code   RO         2552    i.Timer6_OverFlow_CallBack  rs458_analysis.o
    0x000143ac   0x000143ac   0x000000a4   Code   RO         6345    i.Timer6_SetPeriod  hc32f46x_timer6.o
    0x00014450   0x00014450   0x0000005c   Code   RO         6349    i.Timer6_SetTriggerSrc0  hc32f46x_timer6.o
    0x000144ac   0x000144ac   0x0000006c   Code   RO         6352    i.Timer6_StartCount  hc32f46x_timer6.o
    0x00014518   0x00014518   0x00000084   Code   RO         5803    i.USART_ClearStatus  hc32f46x_usart.o
    0x0001459c   0x0001459c   0x00000244   Code   RO         5805    i.USART_FuncCmd     hc32f46x_usart.o
    0x000147e0   0x000147e0   0x000000ac   Code   RO         5815    i.USART_GetStatus   hc32f46x_usart.o
    0x0001488c   0x0001488c   0x00000070   Code   RO         5818    i.USART_RecData     hc32f46x_usart.o
    0x000148fc   0x000148fc   0x00000078   Code   RO         5820    i.USART_SendData    hc32f46x_usart.o
    0x00014974   0x00014974   0x00000068   Code   RO         5821    i.USART_SetBaudrate  hc32f46x_usart.o
    0x000149dc   0x000149dc   0x000003cc   Code   RO         5833    i.USART_UART_Init   hc32f46x_usart.o
    0x00014da8   0x00014da8   0x00000008   Code   RO         3766    i.UsageFault_Handler  hc32f46x_interrupts.o
    0x00014db0   0x00014db0   0x00000044   Code   RO         2626    i.Usart3_ErrIrqCallback  rs458_bsp.o
    0x00014df4   0x00014df4   0x00000044   Code   RO         2627    i.Usart4_ErrIrqCallback  rs458_bsp.o
    0x00014e38   0x00014e38   0x0000009c   Code   RO         5834    i.UsartGetClk       hc32f46x_usart.o
    0x00014ed4   0x00014ed4   0x00000044   Code   RO         2553    i.UsartRx3IrqCallback  rs458_analysis.o
    0x00014f18   0x00014f18   0x00000044   Code   RO         2554    i.UsartRx4IrqCallback  rs458_analysis.o
    0x00014f5c   0x00014f5c   0x00000164   Code   RO         6635    i.WDT_Init          hc32f46x_wdt.o
    0x000150c0   0x000150c0   0x00000018   Code   RO         6636    i.WDT_RefreshCounter  hc32f46x_wdt.o
    0x000150d8   0x000150d8   0x0000004c   Code   RO         2130    i.WIZCHIP_READ      w5500.o
    0x00015124   0x00015124   0x00000064   Code   RO         2131    i.WIZCHIP_READ_BUF  w5500.o
    0x00015188   0x00015188   0x0000004c   Code   RO         2132    i.WIZCHIP_WRITE     w5500.o
    0x000151d4   0x000151d4   0x00000064   Code   RO         2133    i.WIZCHIP_WRITE_BUF  w5500.o
    0x00015238   0x00015238   0x00000020   Code   RO         6936    i.__0printf         mc_w.l(printfa.o)
    0x00015258   0x00015258   0x00000024   Code   RO         6942    i.__0vsprintf       mc_w.l(printfa.o)
    0x0001527c   0x0001527c   0x0000001c   Code   RO         2628    i.__NVIC_ClearPendingIRQ  rs458_bsp.o
    0x00015298   0x00015298   0x00000022   Code   RO         2629    i.__NVIC_EnableIRQ  rs458_bsp.o
    0x000152ba   0x000152ba   0x00000002   PAD
    0x000152bc   0x000152bc   0x00000028   Code   RO         2630    i.__NVIC_SetPriority  rs458_bsp.o
    0x000152e4   0x000152e4   0x0000000e   Code   RO         7004    i.__scatterload_copy  mc_w.l(handlers.o)
    0x000152f2   0x000152f2   0x00000002   Code   RO         7005    i.__scatterload_null  mc_w.l(handlers.o)
    0x000152f4   0x000152f4   0x0000000e   Code   RO         7006    i.__scatterload_zeroinit  mc_w.l(handlers.o)
    0x00015302   0x00015302   0x00000002   PAD
    0x00015304   0x00015304   0x00000184   Code   RO         6943    i._fp_digits        mc_w.l(printfa.o)
    0x00015488   0x00015488   0x000006dc   Code   RO         6944    i._printf_core      mc_w.l(printfa.o)
    0x00015b64   0x00015b64   0x00000024   Code   RO         6945    i._printf_post_padding  mc_w.l(printfa.o)
    0x00015b88   0x00015b88   0x0000002e   Code   RO         6946    i._printf_pre_padding  mc_w.l(printfa.o)
    0x00015bb6   0x00015bb6   0x0000000a   Code   RO         6948    i._sputc            mc_w.l(printfa.o)
    0x00015bc0   0x00015bc0   0x0000007c   Code   RO          759    i.analysis_of_air_conditioning_instructions  local_hotel_agreement.o
    0x00015c3c   0x00015c3c   0x00000058   Code   RO         1728    i.boot_mark_set     ethernet_iap.o
    0x00015c94   0x00015c94   0x00000034   Code   RO          463    i.broker_handle     broker_task.o
    0x00015cc8   0x00015cc8   0x00000150   Code   RO          464    i.broker_push_information  broker_task.o
    0x00015e18   0x00015e18   0x00000012   Code   RO          465    i.broker_task       broker_task.o
    0x00015e2a   0x00015e2a   0x00000002   PAD
    0x00015e2c   0x00015e2c   0x0000005c   Code   RO         1153    i.button_handle     gpio_manage_business.o
    0x00015e88   0x00015e88   0x000000c4   Code   RO         1206    i.button_scanf      gpio_manage_driver.o
    0x00015f4c   0x00015f4c   0x00000078   Code   RO         1999    i.check_DHCP_leasedIP  dhcp.o
    0x00015fc4   0x00015fc4   0x000000ac   Code   RO         2000    i.check_DHCP_timeout  dhcp.o
    0x00016070   0x00016070   0x0000002a   Code   RO          466    i.check_subscribe_information  broker_task.o
    0x0001609a   0x0001609a   0x00000002   PAD
    0x0001609c   0x0001609c   0x00000074   Code   RO          467    i.clear_broker_information  broker_task.o
    0x00016110   0x00016110   0x00000024   Code   RO         1493    i.clear_connect_num  ethernet_operation.o
    0x00016134   0x00016134   0x0000004c   Code   RO         1729    i.clear_iap_flag    ethernet_iap.o
    0x00016180   0x00016180   0x00000022   Code   RO          468    i.clear_release_information  broker_task.o
    0x000161a2   0x000161a2   0x00000002   PAD
    0x000161a4   0x000161a4   0x0000008c   Code   RO         1837    i.close             socket.o
    0x00016230   0x00016230   0x00000020   Code   RO         1494    i.close_balanced    ethernet_operation.o
    0x00016250   0x00016250   0x00000028   Code   RO         1640    i.cloud_analysis_handle  ethernet_data_handle.o
    0x00016278   0x00016278   0x0000000c   Code   RO         1495    i.cloud_data_monitor_clear  ethernet_operation.o
    0x00016284   0x00016284   0x00000078   Code   RO         1496    i.cloud_data_monitor_reset  ethernet_operation.o
    0x000162fc   0x000162fc   0x000000e0   Code   RO         1641    i.cloud_send_handle  ethernet_data_handle.o
    0x000163dc   0x000163dc   0x00000074   Code   RO          761    i.combination_state_synchronization  local_hotel_agreement.o
    0x00016450   0x00016450   0x00000040   Code   RO         2555    i.common_cache_data  rs458_analysis.o
    0x00016490   0x00016490   0x00000036   Code   RO         2556    i.common_idle_judge  rs458_analysis.o
    0x000164c6   0x000164c6   0x00000020   Code   RO         2557    i.common_receive_refresh  rs458_analysis.o
    0x000164e6   0x000164e6   0x00000012   Code   RO          763    i.communication_485_analysis  local_hotel_agreement.o
    0x000164f8   0x000164f8   0x00000026   Code   RO          764    i.communication_485_handle  local_hotel_agreement.o
    0x0001651e   0x0001651e   0x00000022   Code   RO          765    i.compare_hex_buff  local_hotel_agreement.o
    0x00016540   0x00016540   0x00000148   Code   RO         1838    i.connect           socket.o
    0x00016688   0x00016688   0x000000b4   Code   RO         1154    i.control_task      gpio_manage_business.o
    0x0001673c   0x0001673c   0x0000001c   Code   RO         1290    i.copy_system_data  data_task.o
    0x00016758   0x00016758   0x00000050   Code   RO         2190    i.ctlnetwork        wizchip_conf.o
    0x000167a8   0x000167a8   0x00000118   Code   RO         2191    i.ctlwizchip        wizchip_conf.o
    0x000168c0   0x000168c0   0x0000007c   Code   RO         2558    i.data_analysis_handle  rs458_analysis.o
    0x0001693c   0x0001693c   0x00000064   Code   RO          766    i.debug_ethernet_transmission  local_hotel_agreement.o
    0x000169a0   0x000169a0   0x00000044   Code   RO         2714    i.debug_output      debug_bsp.o
    0x000169e4   0x000169e4   0x00000030   Code   RO         2715    i.debug_printf      debug_bsp.o
    0x00016a14   0x00016a14   0x0000005c   Code   RO         2716    i.debug_usart_init  debug_bsp.o
    0x00016a70   0x00016a70   0x00000034   Code   RO         2001    i.default_ip_assign  dhcp.o
    0x00016aa4   0x00016aa4   0x00000024   Code   RO         2002    i.default_ip_conflict  dhcp.o
    0x00016ac8   0x00016ac8   0x00000028   Code   RO         2003    i.default_ip_update  dhcp.o
    0x00016af0   0x00016af0   0x000000f0   Code   RO          558    i.delay_data_release  logic_control_task.o
    0x00016be0   0x00016be0   0x00000034   Code   RO          469    i.directional_release_data  broker_task.o
    0x00016c14   0x00016c14   0x00000042   Code   RO          470    i.directional_release_data_to_cache  broker_task.o
    0x00016c56   0x00016c56   0x00000002   PAD
    0x00016c58   0x00016c58   0x000000bc   Code   RO         1840    i.disconnect        socket.o
    0x00016d14   0x00016d14   0x000000fc   Code   RO         1921    i.dns_answer        dns.o
    0x00016e10   0x00016e10   0x000000c8   Code   RO         1922    i.dns_makequery     dns.o
    0x00016ed8   0x00016ed8   0x00000026   Code   RO         1923    i.dns_question      dns.o
    0x00016efe   0x00016efe   0x00000002   PAD
    0x00016f00   0x00016f00   0x00000124   Code   RO          559    i.dry_contac_input_analysis  logic_control_task.o
    0x00017024   0x00017024   0x000000cc   Code   RO         3773    i.enIrqRegistration  hc32f46x_interrupts.o
    0x000170f0   0x000170f0   0x00000094   Code   RO          950    i.ethernet_data_analysis  ethernet_hotel_agreement.o
    0x00017184   0x00017184   0x00000034   Code   RO         1497    i.ethernet_driver_init  ethernet_operation.o
    0x000171b8   0x000171b8   0x00000144   Code   RO         1498    i.ethernet_run      ethernet_operation.o
    0x000172fc   0x000172fc   0x0000000a   Code   RO         1499    i.ethernet_run_reset  ethernet_operation.o
    0x00017306   0x00017306   0x00000002   Code   RO          951    i.ethernet_send_hearbeat  ethernet_hotel_agreement.o
    0x00017308   0x00017308   0x00000020   Code   RO         1443    i.ethernet_task     ethernet_task.o
    0x00017328   0x00017328   0x00000034   Code   RO         1444    i.ethernet_task_state_channge  ethernet_task.o
    0x0001735c   0x0001735c   0x0000003c   Code   RO         1291    i.flash_data_check  data_task.o
    0x00017398   0x00017398   0x00000028   Code   RO         1391    i.flash_erase       flash_bsp.o
    0x000173c0   0x000173c0   0x0000002a   Code   RO         1393    i.flash_read_data   flash_bsp.o
    0x000173ea   0x000173ea   0x00000050   Code   RO         1394    i.flash_write       flash_bsp.o
    0x0001743a   0x0001743a   0x0000005a   Code   RO         1395    i.flash_write_data  flash_bsp.o
    0x00017494   0x00017494   0x00000010   Code   RO         4786    i.fputc             hc32f46x_utility.o
    0x000174a4   0x000174a4   0x0000000c   Code   RO         2004    i.getDHCPLeasetime  dhcp.o
    0x000174b0   0x000174b0   0x00000020   Code   RO         2005    i.getDNSfromDHCP    dhcp.o
    0x000174d0   0x000174d0   0x00000020   Code   RO         2006    i.getGWfromDHCP     dhcp.o
    0x000174f0   0x000174f0   0x00000020   Code   RO         2007    i.getIPfromDHCP     dhcp.o
    0x00017510   0x00017510   0x00000020   Code   RO         2008    i.getSNfromDHCP     dhcp.o
    0x00017530   0x00017530   0x0000006c   Code   RO         2134    i.getSn_RX_RSR      w5500.o
    0x0001759c   0x0001759c   0x0000006c   Code   RO         2135    i.getSn_TX_FSR      w5500.o
    0x00017608   0x00017608   0x00000088   Code   RO         1248    i.gpio_bsp_init     gpio_manage_bsp_hc32f64.o
    0x00017690   0x00017690   0x00000024   Code   RO         1249    i.gpio_bsp_read     gpio_manage_bsp_hc32f64.o
    0x000176b4   0x000176b4   0x00000034   Code   RO         1250    i.gpio_bsp_write    gpio_manage_bsp_hc32f64.o
    0x000176e8   0x000176e8   0x00000050   Code   RO         1207    i.gpio_driver_init  gpio_manage_driver.o
    0x00017738   0x00017738   0x00000060   Code   RO         2717    i.hex_to_ascii      debug_bsp.o
    0x00017798   0x00017798   0x0000003c   Code   RO          952    i.hotel_air_conditioner_instructions  ethernet_hotel_agreement.o
    0x000177d4   0x000177d4   0x00000002   Code   RO          767    i.hotel_air_conditioner_package_send  local_hotel_agreement.o
    0x000177d6   0x000177d6   0x00000024   Code   RO          953    i.hotel_call_service_instructions  ethernet_hotel_agreement.o
    0x000177fa   0x000177fa   0x00000024   Code   RO          954    i.hotel_card_power_on_instructions  ethernet_hotel_agreement.o
    0x0001781e   0x0001781e   0x00000024   Code   RO          955    i.hotel_cleaning_instructions  ethernet_hotel_agreement.o
    0x00017842   0x00017842   0x00000026   Code   RO          956    i.hotel_combination_instructions  ethernet_hotel_agreement.o
    0x00017868   0x00017868   0x0000005e   Code   RO          957    i.hotel_curtain_instructions  ethernet_hotel_agreement.o
    0x000178c6   0x000178c6   0x00000024   Code   RO          958    i.hotel_do_not_disturb_instructions  ethernet_hotel_agreement.o
    0x000178ea   0x000178ea   0x00000006   Code   RO          959    i.hotel_doorbell_instructions  ethernet_hotel_agreement.o
    0x000178f0   0x000178f0   0x0000003c   Code   RO          960    i.hotel_lamp_instructions  ethernet_hotel_agreement.o
    0x0001792c   0x0001792c   0x00000006   Code   RO          964    i.hotel_null_instructions  ethernet_hotel_agreement.o
    0x00017932   0x00017932   0x00000040   Code   RO          965    i.hotel_open_door_instructions  ethernet_hotel_agreement.o
    0x00017972   0x00017972   0x00000024   Code   RO          966    i.hotel_reservation_check_instructions  ethernet_hotel_agreement.o
    0x00017996   0x00017996   0x00000026   Code   RO          967    i.hotel_scene_instructions  ethernet_hotel_agreement.o
    0x000179bc   0x000179bc   0x00000024   Code   RO          968    i.hotel_sos_instructions  ethernet_hotel_agreement.o
    0x000179e0   0x000179e0   0x0000001c   Code   RO          768    i.hotle_agreement_analysis  local_hotel_agreement.o
    0x000179fc   0x000179fc   0x0000007c   Code   RO          770    i.hotle_agreement_handle  local_hotel_agreement.o
    0x00017a78   0x00017a78   0x00000088   Code   RO          771    i.hotle_agreement_lamp_handle  local_hotel_agreement.o
    0x00017b00   0x00017b00   0x00000002   Code   RO          772    i.hotle_agreement_music  local_hotel_agreement.o
    0x00017b02   0x00017b02   0x00000002   PAD
    0x00017b04   0x00017b04   0x00000078   Code   RO          773    i.hotle_agreement_scene_handle  local_hotel_agreement.o
    0x00017b7c   0x00017b7c   0x0000000c   Code   RO         1924    i.htons             dns.o
    0x00017b88   0x00017b88   0x00000050   Code   RO         1731    i.iap_finish        ethernet_iap.o
    0x00017bd8   0x00017bd8   0x000000dc   Code   RO         1733    i.iap_receive       ethernet_iap.o
    0x00017cb4   0x00017cb4   0x00000058   Code   RO         1734    i.iap_time_handle   ethernet_iap.o
    0x00017d0c   0x00017d0c   0x00000052   Code   RO          969    i.id_transformation  ethernet_hotel_agreement.o
    0x00017d5e   0x00017d5e   0x00000002   PAD
    0x00017d60   0x00017d60   0x0000005c   Code   RO          775    i.inside_485_analysis  local_hotel_agreement.o
    0x00017dbc   0x00017dbc   0x00000098   Code   RO          776    i.inside_lookup_analysis  local_hotel_agreement.o
    0x00017e54   0x00017e54   0x00000158   Code   RO          777    i.inside_lookup_handle  local_hotel_agreement.o
    0x00017fac   0x00017fac   0x00000018   Code   RO          643    i.key_buff_check    logic_key_handle.o
    0x00017fc4   0x00017fc4   0x0000001c   Code   RO          644    i.key_buff_clear    logic_key_handle.o
    0x00017fe0   0x00017fe0   0x00000018   Code   RO          645    i.key_buff_read     logic_key_handle.o
    0x00017ff8   0x00017ff8   0x00000018   Code   RO          646    i.key_buff_write    logic_key_handle.o
    0x00018010   0x00018010   0x00000020   Code   RO          647    i.key_card_power_off  logic_key_handle.o
    0x00018030   0x00018030   0x000000d4   Code   RO          648    i.key_card_power_on_judge  logic_key_handle.o
    0x00018104   0x00018104   0x00000040   Code   RO          649    i.key_delay_buff_directional_clear  logic_key_handle.o
    0x00018144   0x00018144   0x0000005c   Code   RO          650    i.key_delay_buff_write  logic_key_handle.o
    0x000181a0   0x000181a0   0x00000078   Code   RO          651    i.key_delay_scanf_handle  logic_key_handle.o
    0x00018218   0x00018218   0x00000012   Code   RO          652    i.key_directional_check  logic_key_handle.o
    0x0001822a   0x0001822a   0x00000002   PAD
    0x0001822c   0x0001822c   0x000000e8   Code   RO          653    i.key_mapping_judge  logic_key_handle.o
    0x00018314   0x00018314   0x00000048   Code   RO          654    i.key_mutex_judge   logic_key_handle.o
    0x0001835c   0x0001835c   0x00000042   Code   RO          655    i.key_read_directional_cache  logic_key_handle.o
    0x0001839e   0x0001839e   0x00000002   PAD
    0x000183a0   0x000183a0   0x00000014   Code   RO          560    i.key_value_analysis_cache  logic_control_task.o
    0x000183b4   0x000183b4   0x00000024   Code   RO          561    i.key_value_analysis_form_subscribe  logic_control_task.o
    0x000183d8   0x000183d8   0x00000030   Code   RO          562    i.key_value_execute  logic_control_task.o
    0x00018408   0x00018408   0x00000048   Code   RO          656    i.key_value_logic_handle  logic_key_handle.o
    0x00018450   0x00018450   0x00000030   Code   RO          657    i.key_write_directional_cache  logic_key_handle.o
    0x00018480   0x00018480   0x00000006   Code   RO          779    i.lamp_f1_command_package  local_hotel_agreement.o
    0x00018486   0x00018486   0x00000002   PAD
    0x00018488   0x00018488   0x000001b8   Code   RO         1642    i.local_send_handle  ethernet_data_handle.o
    0x00018640   0x00018640   0x0000000c   Code   RO          563    i.logic_control_interrupt_callback  logic_control_task.o
    0x0001864c   0x0001864c   0x0000008c   Code   RO          564    i.logic_control_task  logic_control_task.o
    0x000186d8   0x000186d8   0x000000e0   Code   RO         1107    i.logic_control_time_int  logic_control_bsp.o
    0x000187b8   0x000187b8   0x00000034   Code   RO            4    i.main              main.o
    0x000187ec   0x000187ec   0x00000190   Code   RO         2009    i.makeDHCPMSG       dhcp.o
    0x0001897c   0x0001897c   0x00000054   Code   RO         1501    i.my_ip_assign      ethernet_operation.o
    0x000189d0   0x000189d0   0x00000028   Code   RO         1502    i.my_ip_conflict    ethernet_operation.o
    0x000189f8   0x000189f8   0x000001e0   Code   RO         1503    i.network_init      ethernet_operation.o
    0x00018bd8   0x00018bd8   0x0000000c   Code   RO         1925    i.ntohs             dns.o
    0x00018be4   0x00018be4   0x0000006c   Code   RO          565    i.output_control_handle  logic_control_task.o
    0x00018c50   0x00018c50   0x00000058   Code   RO          780    i.outside_485_analysis  local_hotel_agreement.o
    0x00018ca8   0x00018ca8   0x00000098   Code   RO          781    i.outside_lookup_analysis  local_hotel_agreement.o
    0x00018d40   0x00018d40   0x00000158   Code   RO          782    i.outside_lookup_handle  local_hotel_agreement.o
    0x00018e98   0x00018e98   0x000001e8   Code   RO         2010    i.parseDHCPMSG      dhcp.o
    0x00019080   0x00019080   0x000000da   Code   RO         1926    i.parseMSG          dns.o
    0x0001915a   0x0001915a   0x0000009c   Code   RO         1927    i.parse_name        dns.o
    0x000191f6   0x000191f6   0x00000002   PAD
    0x000191f8   0x000191f8   0x00000098   Code   RO         3127    i.prvAddCurrentTaskToDelayedList  tasks.o
    0x00019290   0x00019290   0x000000b4   Code   RO         3128    i.prvAddNewTaskToReadyList  tasks.o
    0x00019344   0x00019344   0x00000064   Code   RO         3129    i.prvCheckTasksWaitingTermination  tasks.o
    0x000193a8   0x000193a8   0x00000012   Code   RO         3130    i.prvDeleteTCB      tasks.o
    0x000193ba   0x000193ba   0x00000002   PAD
    0x000193bc   0x000193bc   0x0000007c   Code   RO         3450    i.prvHeapInit       heap_4.o
    0x00019438   0x00019438   0x00000028   Code   RO         3131    i.prvIdleTask       tasks.o
    0x00019460   0x00019460   0x000000aa   Code   RO         3132    i.prvInitialiseNewTask  tasks.o
    0x0001950a   0x0001950a   0x00000002   PAD
    0x0001950c   0x0001950c   0x00000068   Code   RO         3133    i.prvInitialiseTaskLists  tasks.o
    0x00019574   0x00019574   0x00000068   Code   RO         3451    i.prvInsertBlockIntoFreeList  heap_4.o
    0x000195dc   0x000195dc   0x00000034   Code   RO         3134    i.prvResetNextTaskUnblockTime  tasks.o
    0x00019610   0x00019610   0x00000040   Code   RO         3529    i.prvTaskExitError  port.o
    0x00019650   0x00019650   0x0000013c   Code   RO         3452    i.pvPortMalloc      heap_4.o
    0x0001978c   0x0001978c   0x0000002c   Code   RO         3530    i.pxPortInitialiseStack  port.o
    0x000197b8   0x000197b8   0x00000044   Code   RO         1208    i.read_single       gpio_manage_driver.o
    0x000197fc   0x000197fc   0x0000003c   Code   RO          471    i.read_subscribe_payload  broker_task.o
    0x00019838   0x00019838   0x0000001c   Code   RO          566    i.read_uid_data     logic_control_task.o
    0x00019854   0x00019854   0x00000034   Code   RO         1504    i.read_uid_num      ethernet_operation.o
    0x00019888   0x00019888   0x00000054   Code   RO         1843    i.recv              socket.o
    0x000198dc   0x000198dc   0x00000268   Code   RO         1844    i.recvfrom          socket.o
    0x00019b44   0x00019b44   0x00000040   Code   RO         2011    i.reg_dhcp_cbfunc   dhcp.o
    0x00019b84   0x00019b84   0x00000028   Code   RO         2193    i.reg_wizchip_cris_cbfunc  wizchip_conf.o
    0x00019bac   0x00019bac   0x00000028   Code   RO         2194    i.reg_wizchip_cs_cbfunc  wizchip_conf.o
    0x00019bd4   0x00019bd4   0x00000034   Code   RO         2195    i.reg_wizchip_spi_cbfunc  wizchip_conf.o
    0x00019c08   0x00019c08   0x00000052   Code   RO          473    i.release_buff_write  broker_task.o
    0x00019c5a   0x00019c5a   0x00000002   PAD
    0x00019c5c   0x00019c5c   0x00000020   Code   RO         2012    i.reset_DHCP_timeout  dhcp.o
    0x00019c7c   0x00019c7c   0x00000084   Code   RO         2492    i.rs485_inside_analysis_handle  rs458_task.o
    0x00019d00   0x00019d00   0x0000005c   Code   RO         2631    i.rs485_inside_send_buff  rs458_bsp.o
    0x00019d5c   0x00019d5c   0x0000008c   Code   RO         2493    i.rs485_outside_analysis_handle  rs458_task.o
    0x00019de8   0x00019de8   0x00000054   Code   RO         2632    i.rs485_outside_send_buff  rs458_bsp.o
    0x00019e3c   0x00019e3c   0x00000114   Code   RO         2494    i.rs485_send_handle  rs458_task.o
    0x00019f50   0x00019f50   0x00000078   Code   RO         2495    i.rs485_task        rs458_task.o
    0x00019fc8   0x00019fc8   0x00000010   Code   RO         2633    i.rs485_usart_init  rs458_bsp.o
    0x00019fd8   0x00019fd8   0x00000054   Code   RO          783    i.rs485inside_release_data_to_cache  local_hotel_agreement.o
    0x0001a02c   0x0001a02c   0x00000032   Code   RO          784    i.scene_mode_lamp_update_status  local_hotel_agreement.o
    0x0001a05e   0x0001a05e   0x00000002   PAD
    0x0001a060   0x0001a060   0x000000f4   Code   RO         1643    i.scoket_balanced   ethernet_data_handle.o
    0x0001a154   0x0001a154   0x00000074   Code   RO         1644    i.scoket_cloud      ethernet_data_handle.o
    0x0001a1c8   0x0001a1c8   0x000002fc   Code   RO         1505    i.scoket_dns_handle  ethernet_operation.o
    0x0001a4c4   0x0001a4c4   0x00000074   Code   RO         1645    i.scoket_set        ethernet_data_handle.o
    0x0001a538   0x0001a538   0x00000508   Code   RO         1506    i.scoket_tcp_handle  ethernet_operation.o
    0x0001aa40   0x0001aa40   0x00000006   Code   RO         1646    i.scoket_udp        ethernet_data_handle.o
    0x0001aa46   0x0001aa46   0x00000002   PAD
    0x0001aa48   0x0001aa48   0x00000180   Code   RO         1845    i.send              socket.o
    0x0001abc8   0x0001abc8   0x00000200   Code   RO         2013    i.send_DHCP_DECLINE  dhcp.o
    0x0001adc8   0x0001adc8   0x00000224   Code   RO         2014    i.send_DHCP_DISCOVER  dhcp.o
    0x0001afec   0x0001afec   0x00000394   Code   RO         2015    i.send_DHCP_REQUEST  dhcp.o
    0x0001b380   0x0001b380   0x000001d0   Code   RO         1846    i.sendto            socket.o
    0x0001b550   0x0001b550   0x0000001c   Code   RO         1295    i.set_system_data   data_task.o
    0x0001b56c   0x0001b56c   0x00000170   Code   RO         1848    i.socket            socket.o
    0x0001b6dc   0x0001b6dc   0x000001a0   Code   RO          237    i.start_task        start_task.o
    0x0001b87c   0x0001b87c   0x0000000e   Code   RO         1928    i.swaps             dns.o
    0x0001b88a   0x0001b88a   0x0000004c   Code   RO         1209    i.switch_driver_write  gpio_manage_driver.o
    0x0001b8d6   0x0001b8d6   0x00000002   PAD
    0x0001b8d8   0x0001b8d8   0x00000020   Code   RO         1155    i.switch_handle     gpio_manage_business.o
    0x0001b8f8   0x0001b8f8   0x00000070   Code   RO         1156    i.switch_read_subscribe  gpio_manage_business.o
    0x0001b968   0x0001b968   0x000000d0   Code   RO          238    i.system_clk_init   start_task.o
    0x0001ba38   0x0001ba38   0x00000120   Code   RO         1735    i.tcp_iap_handle    ethernet_iap.o
    0x0001bb58   0x0001bb58   0x0000004c   Code   RO         1736    i.tcp_iap_reply     ethernet_iap.o
    0x0001bba4   0x0001bba4   0x0000009c   Code   RO         1647    i.tcp_set_handle    ethernet_data_handle.o
    0x0001bc40   0x0001bc40   0x00000032   Code   RO         1648    i.tcp_set_reply     ethernet_data_handle.o
    0x0001bc72   0x0001bc72   0x00000002   PAD
    0x0001bc74   0x0001bc74   0x000000c4   Code   RO         2634    i.time6_init        rs458_bsp.o
    0x0001bd38   0x0001bd38   0x00000054   Code   RO          787    i.transparent_ethernet_transmission  local_hotel_agreement.o
    0x0001bd8c   0x0001bd8c   0x00000074   Code   RO          567    i.uesr_data_reset   logic_control_task.o
    0x0001be00   0x0001be00   0x0000010c   Code   RO         2635    i.usart3_init       rs458_bsp.o
    0x0001bf0c   0x0001bf0c   0x00000118   Code   RO         2636    i.usart4_init       rs458_bsp.o
    0x0001c024   0x0001c024   0x0000002c   Code   RO         1296    i.user_read_system_data  data_task.o
    0x0001c050   0x0001c050   0x00000028   Code   RO         2903    i.uxListRemove      list.o
    0x0001c078   0x0001c078   0x0000001a   Code   RO         2904    i.vListInitialise   list.o
    0x0001c092   0x0001c092   0x00000006   Code   RO         2905    i.vListInitialiseItem  list.o
    0x0001c098   0x0001c098   0x00000034   Code   RO         2906    i.vListInsert       list.o
    0x0001c0cc   0x0001c0cc   0x00000018   Code   RO         2907    i.vListInsertEnd    list.o
    0x0001c0e4   0x0001c0e4   0x00000054   Code   RO         3532    i.vPortEnterCritical  port.o
    0x0001c138   0x0001c138   0x0000003c   Code   RO         3533    i.vPortExitCritical  port.o
    0x0001c174   0x0001c174   0x00000094   Code   RO         3453    i.vPortFree         heap_4.o
    0x0001c208   0x0001c208   0x00000020   Code   RO         3534    i.vPortSetupTimerInterrupt  port.o
    0x0001c228   0x0001c228   0x0000005c   Code   RO         3142    i.vTaskDelay        tasks.o
    0x0001c284   0x0001c284   0x000000f4   Code   RO         3143    i.vTaskDelete       tasks.o
    0x0001c378   0x0001c378   0x00000088   Code   RO         3153    i.vTaskStartScheduler  tasks.o
    0x0001c400   0x0001c400   0x00000010   Code   RO         3155    i.vTaskSuspendAll   tasks.o
    0x0001c410   0x0001c410   0x0000008c   Code   RO         3156    i.vTaskSwitchContext  tasks.o
    0x0001c49c   0x0001c49c   0x00000134   Code   RO         1507    i.w5500_init        ethernet_operation.o
    0x0001c5d0   0x0001c5d0   0x0000000c   Code   RO         2411    i.w5500_reset       spi.o
    0x0001c5dc   0x0001c5dc   0x0000000c   Code   RO         2412    i.w5500_set         spi.o
    0x0001c5e8   0x0001c5e8   0x0000001c   Code   RO         1508    i.w5500_user_reset  ethernet_operation.o
    0x0001c604   0x0001c604   0x00000036   Code   RO         1108    i.wdt_config        logic_control_bsp.o
    0x0001c63a   0x0001c63a   0x00000084   Code   RO         2136    i.wiz_recv_data     w5500.o
    0x0001c6be   0x0001c6be   0x00000066   Code   RO         2137    i.wiz_recv_ignore   w5500.o
    0x0001c724   0x0001c724   0x00000084   Code   RO         2138    i.wiz_send_data     w5500.o
    0x0001c7a8   0x0001c7a8   0x00000006   Code   RO         2196    i.wizchip_bus_readbyte  wizchip_conf.o
    0x0001c7ae   0x0001c7ae   0x00000004   Code   RO         2197    i.wizchip_bus_writebyte  wizchip_conf.o
    0x0001c7b2   0x0001c7b2   0x00000020   Code   RO         2198    i.wizchip_clrinterrupt  wizchip_conf.o
    0x0001c7d2   0x0001c7d2   0x00000002   Code   RO         2199    i.wizchip_cris_enter  wizchip_conf.o
    0x0001c7d4   0x0001c7d4   0x00000002   Code   RO         2200    i.wizchip_cris_exit  wizchip_conf.o
    0x0001c7d6   0x0001c7d6   0x00000002   Code   RO         2201    i.wizchip_cs_deselect  wizchip_conf.o
    0x0001c7d8   0x0001c7d8   0x00000002   Code   RO         2202    i.wizchip_cs_select  wizchip_conf.o
    0x0001c7da   0x0001c7da   0x0000002a   Code   RO         2203    i.wizchip_getinterrupt  wizchip_conf.o
    0x0001c804   0x0001c804   0x00000028   Code   RO         2204    i.wizchip_getinterruptmask  wizchip_conf.o
    0x0001c82c   0x0001c82c   0x0000005c   Code   RO         2205    i.wizchip_getnetinfo  wizchip_conf.o
    0x0001c888   0x0001c888   0x0000000a   Code   RO         2206    i.wizchip_getnetmode  wizchip_conf.o
    0x0001c892   0x0001c892   0x00000028   Code   RO         2207    i.wizchip_gettimeout  wizchip_conf.o
    0x0001c8ba   0x0001c8ba   0x00000090   Code   RO         2208    i.wizchip_init      wizchip_conf.o
    0x0001c94a   0x0001c94a   0x0000001e   Code   RO         2209    i.wizchip_setinterruptmask  wizchip_conf.o
    0x0001c968   0x0001c968   0x00000058   Code   RO         2210    i.wizchip_setnetinfo  wizchip_conf.o
    0x0001c9c0   0x0001c9c0   0x00000026   Code   RO         2211    i.wizchip_setnetmode  wizchip_conf.o
    0x0001c9e6   0x0001c9e6   0x00000026   Code   RO         2212    i.wizchip_settimeout  wizchip_conf.o
    0x0001ca0c   0x0001ca0c   0x00000004   Code   RO         2213    i.wizchip_spi_readbyte  wizchip_conf.o
    0x0001ca10   0x0001ca10   0x00000002   Code   RO         2214    i.wizchip_spi_writebyte  wizchip_conf.o
    0x0001ca12   0x0001ca12   0x00000072   Code   RO         2215    i.wizchip_sw_reset  wizchip_conf.o
    0x0001ca84   0x0001ca84   0x00000078   Code   RO         2216    i.wizphy_getphyconf  wizchip_conf.o
    0x0001cafc   0x0001cafc   0x0000001a   Code   RO         2217    i.wizphy_getphylink  wizchip_conf.o
    0x0001cb16   0x0001cb16   0x0000001c   Code   RO         2218    i.wizphy_getphypmode  wizchip_conf.o
    0x0001cb32   0x0001cb32   0x00000034   Code   RO         2220    i.wizphy_reset      wizchip_conf.o
    0x0001cb66   0x0001cb66   0x00000058   Code   RO         2221    i.wizphy_setphyconf  wizchip_conf.o
    0x0001cbbe   0x0001cbbe   0x00000064   Code   RO         2222    i.wizphy_setphypmode  wizchip_conf.o
    0x0001cc22   0x0001cc22   0x00000002   PAD
    0x0001cc24   0x0001cc24   0x0000002c   Code   RO         1297    i.write_logic_data  data_task.o
    0x0001cc50   0x0001cc50   0x00000030   Code   RO         1299    i.write_scene_data  data_task.o
    0x0001cc80   0x0001cc80   0x00000014   Code   RO         1301    i.write_system_data  data_task.o
    0x0001cc94   0x0001cc94   0x0000013c   Code   RO         3536    i.xPortStartScheduler  port.o
    0x0001cdd0   0x0001cdd0   0x00000060   Code   RO         3158    i.xTaskCreate       tasks.o
    0x0001ce30   0x0001ce30   0x00000148   Code   RO         3165    i.xTaskIncrementTick  tasks.o
    0x0001cf78   0x0001cf78   0x00000104   Code   RO         3171    i.xTaskResumeAll    tasks.o
    0x0001d07c   0x0001d07c   0x0000004c   Data   RO          971    .constdata          ethernet_hotel_agreement.o
    0x0001d0c8   0x0001d0c8   0x00000008   Data   RO         1445    .constdata          ethernet_task.o
    0x0001d0d0   0x0001d0d0   0x00000010   Data   RO         1510    .constdata          ethernet_operation.o
    0x0001d0e0   0x0001d0e0   0x00000028   Data   RO         1737    .constdata          ethernet_iap.o
    0x0001d108   0x0001d108   0x00000015   Data   RO         2637    .constdata          rs458_bsp.o
    0x0001d11d   0x0001d11d   0x00000003   PAD
    0x0001d120   0x0001d120   0x00000009   Data   RO         2719    .constdata          debug_bsp.o
    0x0001d129   0x0001d129   0x00000003   PAD
    0x0001d12c   0x0001d12c   0x00000010   Data   RO         5835    .constdata          hc32f46x_usart.o
    0x0001d13c   0x0001d13c   0x00000051   Data   RO          239    .conststring        start_task.o
    0x0001d18d   0x0001d18d   0x00000003   PAD
    0x0001d190   0x0001d190   0x00000020   Data   RO         7002    Region$$Table       anon$$obj.o


    Execution Region RW_IRAM1 (Exec base: 0x1fff8000, Load base: 0x0001d1b0, Size: 0x0001ccc0, Max: 0x0002f000, ABSOLUTE, COMPRESSED[0x0000019c])

    Exec Addr    Load Addr    Size         Type   Attr      Idx    E Section Name        Object

    0x1fff8000   COMPRESSED   0x00000001   Data   RW            5    .data               main.o
    0x1fff8001   COMPRESSED   0x00000003   PAD
    0x1fff8004   COMPRESSED   0x00000004   Data   RW          240    .data               start_task.o
    0x1fff8008   COMPRESSED   0x00000010   Data   RW          474    .data               broker_task.o
    0x1fff8018   COMPRESSED   0x0000093c   Data   RW          569    .data               logic_control_task.o
    0x1fff8954   COMPRESSED   0x00000001   Data   RW          972    .data               ethernet_hotel_agreement.o
    0x1fff8955   COMPRESSED   0x00000003   PAD
    0x1fff8958   COMPRESSED   0x00000004   Data   RW         1109    .data               logic_control_bsp.o
    0x1fff895c   COMPRESSED   0x0000093c   Data   RW         1158    .data               gpio_manage_business.o
    0x1fff9298   COMPRESSED   0x00000024   Data   RW         1251    .data               gpio_manage_bsp_hc32f64.o
    0x1fff92bc   COMPRESSED   0x00000005   Data   RW         1446    .data               ethernet_task.o
    0x1fff92c1   COMPRESSED   0x00000003   PAD
    0x1fff92c4   COMPRESSED   0x000000a8   Data   RW         1511    .data               ethernet_operation.o
    0x1fff936c   COMPRESSED   0x0000093a   Data   RW         1650    .data               ethernet_data_handle.o
    0x1fff9ca6   COMPRESSED   0x00000002   PAD
    0x1fff9ca8   COMPRESSED   0x00000012   Data   RW         1738    .data               ethernet_iap.o
    0x1fff9cba   COMPRESSED   0x0000000e   Data   RW         1850    .data               socket.o
    0x1fff9cc8   COMPRESSED   0x00000007   Data   RW         1930    .data               dns.o
    0x1fff9ccf   COMPRESSED   0x00000001   PAD
    0x1fff9cd0   COMPRESSED   0x0000004c   Data   RW         2016    .data               dhcp.o
    0x1fff9d1c   COMPRESSED   0x00000025   Data   RW         2223    .data               wizchip_conf.o
    0x1fff9d41   COMPRESSED   0x00000001   Data   RW         2414    .data               spi.o
    0x1fff9d42   COMPRESSED   0x00000002   PAD
    0x1fff9d44   COMPRESSED   0x00000938   Data   RW         2497    .data               rs458_task.o
    0x1fffa67c   COMPRESSED   0x00000008   Data   RW         2560    .data               rs458_analysis.o
    0x1fffa684   COMPRESSED   0x0000003c   Data   RW         3174    .data               tasks.o
    0x1fffa6c0   COMPRESSED   0x00000018   Data   RW         3458    .data               heap_4.o
    0x1fffa6d8   COMPRESSED   0x0000000c   Data   RW         3537    .data               port.o
    0x1fffa6e4   COMPRESSED   0x00000008   Data   RW         4599    .data               system_hc32f46x.o
    0x1fffa6ec   COMPRESSED   0x00000008   Data   RW         4787    .data               hc32f46x_utility.o
    0x1fffa6f4   COMPRESSED   0x00000004   Data   RW         6978    .data               mc_w.l(stdout.o)
    0x1fffa6f8        -       0x00004234   Zero   RW          568    .bss                logic_control_task.o
    0x1fffe92c        -       0x000000c8   Zero   RW          788    .bss                local_hotel_agreement.o
    0x1fffe9f4        -       0x00000014   Zero   RW         1157    .bss                gpio_manage_business.o
    0x1fffea08        -       0x0000003c   Zero   RW         1210    .bss                gpio_manage_driver.o
    0x1fffea44        -       0x0000120e   Zero   RW         1302    .bss                data_task.o
    0x1ffffc52        -       0x0000092a   Zero   RW         1509    .bss                ethernet_operation.o
    0x2000057c        -       0x00002c20   Zero   RW         1649    .bss                ethernet_data_handle.o
    0x2000319c        -       0x00000010   Zero   RW         1849    .bss                socket.o
    0x200031ac        -       0x00000014   Zero   RW         2413    .bss                spi.o
    0x200031c0        -       0x00000190   Zero   RW         2496    .bss                rs458_task.o
    0x20003350        -       0x00000b1c   Zero   RW         2559    .bss                rs458_analysis.o
    0x20003e6c   COMPRESSED   0x00000004   PAD
    0x20003e70        -       0x00000100   Zero   RW         2718    .bss                debug_bsp.o
    0x20003f70        -       0x000000f0   Zero   RW         3173    .bss                tasks.o
    0x20004060        -       0x0000ea60   Zero   RW         3457    .bss                heap_4.o
    0x20012ac0        -       0x00000200   Zero   RW         3777    .bss                hc32f46x_interrupts.o
    0x20012cc0        -       0x00002000   Zero   RW         4587    STACK               startup_hc32f46x.o


    Execution Region RW_IRAM2 (Exec base: 0x200f0000, Load base: 0x0001d34c, Size: 0x00000000, Max: 0x00001000, ABSOLUTE)

    **** No section assigned to this execution region ****


==============================================================================

Image component sizes


      Code (inc. data)   RO Data    RW Data    ZI Data      Debug   Object Name

       858         14          0         16          0       9470   broker_task.o
       272         50          0          0       4622       5041   data_task.o
       304         18          9          0        256       4465   debug_bsp.o
      4184        340          0         76          0      16697   dhcp.o
       902         28          0          7          0       8563   dns.o
      1392        400          0       2362      11296       8066   ethernet_data_handle.o
       814         42         76          1          0      14317   ethernet_hotel_agreement.o
       916        206         40         18          0      36654   ethernet_iap.o
      3630       1430         16        168       2346      16497   ethernet_operation.o
        84         42          8          5          0       3020   ethernet_task.o
         0          0          0          0          0       9504   event_groups.o
       252          0          0          0          0       3297   flash_bsp.o
       224         34          0         36          0       3001   gpio_manage_bsp_hc32f64.o
       416        122          0       2364         20       3742   gpio_manage_business.o
       420         14          0          0         60       5131   gpio_manage_driver.o
      2520        496          0          0          0      13383   hc32f46x_clk.o
       928        296          0          0          0       5604   hc32f46x_efm.o
      1600        312          0          0          0      12711   hc32f46x_gpio.o
      9958        998          0          0        512      92455   hc32f46x_interrupts.o
       400        148          0          0          0       2055   hc32f46x_pwc.o
      1894        254          0          0          0      13014   hc32f46x_spi.o
      2560        220          0          0          0       9255   hc32f46x_timer0.o
       956        296          0          0          0      15992   hc32f46x_timer6.o
      3396        466         16          0          0      14161   hc32f46x_usart.o
       236         72          0          8          0      34772   hc32f46x_utility.o
       380         52          0          0          0       4716   hc32f46x_wdt.o
       692         62          0         24      60000       7227   heap_4.o
       148          0          0          0          0       3434   list.o
      2238        294          0          0        200      17739   local_hotel_agreement.o
       294         30          0          4          0      33217   logic_control_bsp.o
      1040        160          0       2364      16948       8123   logic_control_task.o
      1128         78          0          0          0      11162   logic_key_handle.o
        52         22          0          1          0    1542194   main.o
       838         78          0         12          0      10796   port.o
       434         40          0          8       2844       6359   rs458_analysis.o
      1174         76         21          0          0      38254   rs458_bsp.o
       668        230          0       2360        400       3492   rs458_task.o
      2572         76          0         14         16       8234   socket.o
       480         22          0          1         20      11738   spi.o
       624        248         81          4          0      23491   start_task.o
        88         20        640          0       8192        848   startup_hc32f46x.o
       260         44          0          8          0       1525   system_hc32f46x.o
      2128        312          0         60        240      15775   tasks.o
       934         20          0          0          0       6778   w5500.o
      1638         84          0         37          0      22741   wizchip_conf.o

    ----------------------------------------------------------------------
     56972       8246        948       9972     107976    2138710   Object Totals
         0          0         32          0          0          0   (incl. Generated)
        46          0          9         14          4          0   (incl. Padding)

    ----------------------------------------------------------------------

      Code (inc. data)   RO Data    RW Data    ZI Data      Debug   Library Member Name

        86          0          0          0          0          0   __dczerorl2.o
         0          0          0          0          0          0   entry.o
         0          0          0          0          0          0   entry10a.o
         0          0          0          0          0          0   entry11a.o
         8          4          0          0          0          0   entry2.o
         4          0          0          0          0          0   entry5.o
         0          0          0          0          0          0   entry7b.o
         0          0          0          0          0          0   entry8b.o
         8          4          0          0          0          0   entry9a.o
        30          0          0          0          0          0   handlers.o
        36          8          0          0          0         68   init.o
         0          0          0          0          0          0   iusefp.o
        30          0          0          0          0         68   llshl.o
        36          0          0          0          0         68   llsshr.o
        32          0          0          0          0         68   llushr.o
        36          0          0          0          0         68   memcpya.o
        36          0          0          0          0        108   memseta.o
      2304         96          0          0          0        600   printfa.o
         0          0          0          4          0          0   stdout.o
        20          0          0          0          0         68   strchr.o
        14          0          0          0          0         68   strlen.o
        24          0          0          0          0         76   strncpy.o
        36          0          0          0          0         80   strstr.o
        44          0          0          0          0         80   uidiv.o
        98          0          0          0          0         92   uldiv.o
        48          0          0          0          0         68   cdrcmple.o
       334          0          0          0          0        148   dadd.o
       222          0          0          0          0        100   ddiv.o
       186          0          0          0          0        176   depilogue.o
        48          0          0          0          0         68   dfixul.o
       228          0          0          0          0         96   dmul.o

    ----------------------------------------------------------------------
      3952        112          0          4          0       2168   Library Totals
         4          0          0          0          0          0   (incl. Padding)

    ----------------------------------------------------------------------

      Code (inc. data)   RO Data    RW Data    ZI Data      Debug   Library Name

      2882        112          0          4          0       1512   mc_w.l
      1066          0          0          0          0        656   mf_w.l

    ----------------------------------------------------------------------
      3952        112          0          4          0       2168   Library Totals

    ----------------------------------------------------------------------

==============================================================================


      Code (inc. data)   RO Data    RW Data    ZI Data      Debug   

     60924       8358        948       9976     107976    2091518   Grand Totals
     60924       8358        948        412     107976    2091518   ELF Image Totals (compressed)
     60924       8358        948        412          0          0   ROM Totals

==============================================================================

    Total RO  Size (Code + RO Data)                61872 (  60.42kB)
    Total RW  Size (RW Data + ZI Data)            117952 ( 115.19kB)
    Total ROM Size (Code + RO Data + RW Data)      62284 (  60.82kB)

==============================================================================

